<html>
<body>
<pre>
<h1>µVision Build Log</h1>
<h2>Tool Versions:</h2>
IDE-Version: ¦ÌVision V5.20.0.39
Copyright (C) 2016 ARM Ltd and ARM Germany GmbH. All rights reserved.
License Information: ZHR Microsoft, Microsoft, LIC=Z3C01-CE85R-IMF9B-2XH27-YTS5P-2L3Z7
 
Tool Versions:
Toolchain:       MDK-ARM Professional  Version: 5.14.0.0
Toolchain Path:  d:\Keil_v5\ARM\ARMCC\Bin
C Compiler:      Armcc.exe V5.05 update 1 (build 106)
Assembler:       Armasm.exe V5.05 update 1 (build 106)
Linker/Locator:  ArmLink.exe V5.05 update 1 (build 106)
Library Manager: ArmAr.exe V5.05 update 1 (build 106)
Hex Converter:   FromElf.exe V5.05 update 1 (build 106)
CPU DLL:         SARMCM3.DLL V5.14.0.0
Dialog DLL:      DARMCM1.DLL V1.12.0.0
Target DLL:      STLink\ST-LINKIII-KEIL_SWO.dll V2.0.14.0_KEIL
Dialog DLL:      TARMCM1.DLL V1.9.0.0
 
<h2>Project:</h2>
D:\ZHR\PersonalData\Project\code\Code\LZ8_CCD\STM32F0_LZ8CCD\user\STM32F0.uvprojx
Project File Date:  08/02/2018

<h2>Output:</h2>
*** Using Compiler 'V5.05 update 1 (build 106)', folder: 'd:\Keil_v5\ARM\ARMCC\Bin'
Build target 'STM32F031K6U6'
compiling SelfStudy.c...
..\Peripherals\src\SelfStudy.c(91): warning:  #188-D: enumerated type mixed with another type
  				WriteGPIO_Pin_State(OUT1_GPIO_Port,OUT1_Pin,(uint8_t)OUT1_STATUS);/*±£³Ö×ÅOUT1×´Ì¬*/
..\Peripherals\src\SelfStudy.c(76): warning:  #177-D: variable "OUT2_STATUS" was declared but never referenced
  	uint8_t OUT1_STATUS,OUT2_STATUS;
..\Peripherals\src\SelfStudy.c(164): warning:  #188-D: enumerated type mixed with another type
  		WriteGPIO_Pin_State(OUT1_GPIO_Port,OUT1_Pin,(uint8_t)ReadGPIO_Pin_State(OUT1_GPIO_Port,OUT1_Pin));
..\Peripherals\src\SelfStudy.c(134): warning:  #177-D: variable "S_SET" was declared but never referenced
  	int32_t S_SET = 0;
..\Peripherals\src\SelfStudy.c: 4 warnings, 0 errors
linking...
Program Size: Code=22280 RO-data=324 RW-data=264 ZI-data=2968  
FromELF: creating hex file...
"..\Output\LZ8CCD_STM32F031.axf" - 0 Error(s), 4 Warning(s).

<h2>Collection of Component include folders:</h2>
  D:\ZHR\PersonalData\Project\code\Code\LZ8_CCD\STM32F0_LZ8CCD\user\RTE
  d:\Keil_v5\ARM\PACK\Keil\STM32F0xx_DFP\1.5.0\Device\Include

<h2>Collection of Component Files used:</h2>
Build Time Elapsed:  00:00:01
</pre>
</body>
</html>
