Component: ARM Compiler 5.06 update 4 (build 422) Tool: armlink [4d35d2]

==============================================================================

Section Cross References

    startup_stm32f0xx.o(STACK) refers (Special) to heapauxi.o(.text) for __use_two_region_memory
    startup_stm32f0xx.o(HEAP) refers (Special) to heapauxi.o(.text) for __use_two_region_memory
    startup_stm32f0xx.o(RESET) refers (Special) to heapauxi.o(.text) for __use_two_region_memory
    startup_stm32f0xx.o(RESET) refers to startup_stm32f0xx.o(STACK) for __initial_sp
    startup_stm32f0xx.o(RESET) refers to startup_stm32f0xx.o(.text) for Reset_Handler
    startup_stm32f0xx.o(RESET) refers to project.o(.text) for DMA1_Channel1_IRQHandler
    startup_stm32f0xx.o(RESET) refers to main.o(.text) for TIM1_BRK_UP_TRG_COM_IRQHandler
    startup_stm32f0xx.o(.text) refers (Special) to heapauxi.o(.text) for __use_two_region_memory
    startup_stm32f0xx.o(.text) refers to startup_stm32f0xx.o(STACK) for __initial_sp
    startup_stm32f0xx.o(.text) refers to system_stm32f0xx.o(.text) for SystemInit
    startup_stm32f0xx.o(.text) refers to __main.o(!!!main) for __main
    startup_stm32f0xx.o(.text) refers to startup_stm32f0xx.o(HEAP) for Heap_Mem
    system_stm32f0xx.o(.text) refers to aeabi_sdiv.o(.text) for __aeabi_uidivmod
    system_stm32f0xx.o(.text) refers to system_stm32f0xx.o(.data) for .data
    stm32f0xx_adc.o(.text) refers to stm32f0xx_rcc.o(.text) for RCC_APB2PeriphResetCmd
    stm32f0xx_gpio.o(.text) refers to stm32f0xx_rcc.o(.text) for RCC_AHBPeriphResetCmd
    stm32f0xx_rcc.o(.text) refers to aeabi_sdiv.o(.text) for __aeabi_uidivmod
    stm32f0xx_rcc.o(.text) refers to stm32f0xx_rcc.o(.data) for .data
    stm32f0xx_tim.o(.text) refers to stm32f0xx_rcc.o(.text) for RCC_APB1PeriphResetCmd
    stm32f0xx_usart.o(.text) refers to stm32f0xx_rcc.o(.text) for RCC_APB2PeriphResetCmd
    stm32f0xx_usart.o(.text) refers to aeabi_sdiv.o(.text) for __aeabi_uidivmod
    display.o(.text) refers to aeabi_sdiv.o(.text) for __aeabi_uidivmod
    display.o(.text) refers to display.o(.bss) for .bss
    display.o(.text) refers to project.o(.data) for KEY
    display.o(.text) refers to display.o(.constdata) for .constdata
    display.o(.text) refers to display.o(.data) for .data
    display.o(.text) refers to stm32f0xx_gpio.o(.text) for GPIO_ReadInputDataBit
    display.o(.text) refers to project.o(.data) for EventFlag
    key.o(.text) refers to stm32f0xx_gpio.o(.text) for GPIO_Init
    key.o(.text) refers to key.o(.bss) for .bss
    menu.o(.text) refers to display.o(.text) for SMG_DisplayMenuTwo_OFFD
    menu.o(.text) refers to aeabi_sdiv.o(.text) for __aeabi_uidivmod
    menu.o(.text) refers to flash.o(.text) for WriteFlash
    menu.o(.text) refers to project.o(.data) for EventFlag
    menu.o(.text) refers to key.o(.bss) for ModeButton
    menu.o(.text) refers to menu.o(.data) for .data
    menu.o(.text) refers to project.o(.data) for tempPress
    menu.o(.text) refers to project.o(.data) for DX_Flag
    flash.o(.text) refers to stm32f0xx_flash.o(.text) for FLASH_Unlock
    flash.o(.text) refers to flash.o(.data) for .data
    selfstudy.o(.text) refers to ffixi.o(.text) for __aeabi_f2iz
    selfstudy.o(.text) refers to flash.o(.text) for WriteFlash
    selfstudy.o(.text) refers to stm32f0xx_gpio.o(.text) for GPIO_ReadInputDataBit
    selfstudy.o(.text) refers to ffixui.o(.text) for __aeabi_f2uiz
    selfstudy.o(.text) refers to display.o(.text) for SMG_DisplaySET_Step_1_Mode
    selfstudy.o(.text) refers to project.o(.data) for Final_1
    selfstudy.o(.text) refers to selfstudy.o(.data) for .data
    selfstudy.o(.text) refers to key.o(.bss) for ModeButton
    main.o(.text) refers to stm32f0xx_usart.o(.text) for USART_GetFlagStatus
    main.o(.text) refers to stm32f0xx_tim.o(.text) for TIM_GetITStatus
    main.o(.text) refers to aeabi_sdiv.o(.text) for __aeabi_uidivmod
    main.o(.text) refers to display.o(.text) for SMG_Diplay
    main.o(.text) refers to key.o(.text) for Key_Scan
    main.o(.text) refers to project.o(.text) for GetTotalADCValue
    main.o(.text) refers to bsp_init.o(.text) for RCC_Configuration
    main.o(.text) refers to stm32f0xx_rcc.o(.text) for RCC_GetClocksFreq
    main.o(.text) refers to flash.o(.text) for ReadFlash
    main.o(.text) refers to stm32f0xx_iwdg.o(.text) for IWDG_WriteAccessCmd
    main.o(.text) refers to main.o(.data) for .data
    main.o(.text) refers to menu.o(.data) for OUT1_Mode
    main.o(.text) refers to project.o(.data) for OUT2
    main.o(.text) refers to project.o(.data) for EventFlag
    main.o(.text) refers to main.o(.bss) for .bss
    main.o(.data) refers to main.o(.data) for Fml_Constant
    project.o(.text) refers to aeabi_sdiv.o(.text) for __aeabi_uidivmod
    project.o(.text) refers to fflti.o(.text) for __aeabi_i2f
    project.o(.text) refers to frlef.o(x$fpl$frleqf) for __aeabi_cfrcmple
    project.o(.text) refers to ffixi.o(.text) for __aeabi_f2iz
[...]
    .ARM.Collect$$libinit$$00000033          0x0800013e   Section        2  libinit2.o(.ARM.Collect$$libinit$$00000033)
    .ARM.Collect$$libshutdown$$00000000      0x08000140   Section        2  libshutdown.o(.ARM.Collect$$libshutdown$$00000000)
    .ARM.Collect$$libshutdown$$00000002      0x08000142   Section        0  libshutdown2.o(.ARM.Collect$$libshutdown$$00000002)
    .ARM.Collect$$libshutdown$$00000004      0x08000142   Section        0  libshutdown2.o(.ARM.Collect$$libshutdown$$00000004)
    .ARM.Collect$$libshutdown$$00000007      0x08000142   Section        0  libshutdown2.o(.ARM.Collect$$libshutdown$$00000007)
    .ARM.Collect$$libshutdown$$0000000A      0x08000142   Section        0  libshutdown2.o(.ARM.Collect$$libshutdown$$0000000A)
    .ARM.Collect$$libshutdown$$0000000C      0x08000142   Section        0  libshutdown2.o(.ARM.Collect$$libshutdown$$0000000C)
    .ARM.Collect$$libshutdown$$0000000F      0x08000142   Section        0  libshutdown2.o(.ARM.Collect$$libshutdown$$0000000F)
    .ARM.Collect$$libshutdown$$00000010      0x08000142   Section        2  libshutdown2.o(.ARM.Collect$$libshutdown$$00000010)
    .ARM.Collect$$rtentry$$00000000          0x08000144   Section        0  __rtentry.o(.ARM.Collect$$rtentry$$00000000)
    .ARM.Collect$$rtentry$$00000002          0x08000144   Section        0  __rtentry2.o(.ARM.Collect$$rtentry$$00000002)
    .ARM.Collect$$rtentry$$00000004          0x08000144   Section        6  __rtentry4.o(.ARM.Collect$$rtentry$$00000004)
    .ARM.Collect$$rtentry$$00000009          0x0800014a   Section        0  __rtentry2.o(.ARM.Collect$$rtentry$$00000009)
    .ARM.Collect$$rtentry$$0000000A          0x0800014a   Section        4  __rtentry2.o(.ARM.Collect$$rtentry$$0000000A)
    .ARM.Collect$$rtentry$$0000000C          0x0800014e   Section        0  __rtentry2.o(.ARM.Collect$$rtentry$$0000000C)
    .ARM.Collect$$rtentry$$0000000D          0x0800014e   Section        8  __rtentry2.o(.ARM.Collect$$rtentry$$0000000D)
    .ARM.Collect$$rtexit$$00000000           0x08000156   Section        2  rtexit.o(.ARM.Collect$$rtexit$$00000000)
    .ARM.Collect$$rtexit$$00000002           0x08000158   Section        0  rtexit2.o(.ARM.Collect$$rtexit$$00000002)
    .ARM.Collect$$rtexit$$00000003           0x08000158   Section        4  rtexit2.o(.ARM.Collect$$rtexit$$00000003)
    .ARM.Collect$$rtexit$$00000004           0x0800015c   Section        6  rtexit2.o(.ARM.Collect$$rtexit$$00000004)
    .text                                    0x08000164   Section      116  startup_stm32f0xx.o(.text)
    .text                                    0x080001d8   Section        0  system_stm32f0xx.o(.text)
    SetSysClock                              0x08000287   Thumb Code   142  system_stm32f0xx.o(.text)
    .text                                    0x08000330   Section        0  stm32f0xx_adc.o(.text)
    .text                                    0x08000558   Section        0  stm32f0xx_dma.o(.text)
    .text                                    0x08000714   Section        0  stm32f0xx_flash.o(.text)
    .text                                    0x08000c00   Section        0  stm32f0xx_gpio.o(.text)
    .text                                    0x08000d6c   Section        0  stm32f0xx_iwdg.o(.text)
    .text                                    0x08000db0   Section        0  stm32f0xx_misc.o(.text)
    .text                                    0x08000e2c   Section        0  stm32f0xx_rcc.o(.text)
    .text                                    0x08001318   Section        0  stm32f0xx_tim.o(.text)
    TI2_Config                               0x0800191d   Thumb Code    42  stm32f0xx_tim.o(.text)
    TI1_Config                               0x08001957   Thumb Code    40  stm32f0xx_tim.o(.text)
    .text                                    0x08001c54   Section        0  stm32f0xx_usart.o(.text)
    .text                                    0x08002114   Section        0  display.o(.text)
    .text                                    0x08002dc4   Section        0  key.o(.text)
    .text                                    0x0800303c   Section        0  menu.o(.text)
    .text                                    0x08003684   Section        0  flash.o(.text)
    .text                                    0x080037a0   Section        0  selfstudy.o(.text)
    .text                                    0x08003978   Section        0  main.o(.text)
    .text                                    0x08003c58   Section        0  project.o(.text)
    .text                                    0x08004d34   Section        0  bsp_init.o(.text)
    .text                                    0x080052ec   Section      346  aeabi_sdiv.o(.text)
    .text                                    0x08005446   Section        0  heapauxi.o(.text)
    .text                                    0x0800544c   Section        0  daddsub.o(.text)
    _dadd1                                   0x0800544d   Thumb Code   290  daddsub.o(.text)
    _dsub1                                   0x0800556f   Thumb Code   470  daddsub.o(.text)
    .text                                    0x080057a4   Section        0  dflti.o(.text)
    .text                                    0x080057fc   Section        0  dscalbn.o(.text)
    .text                                    0x0800585c   Section        0  f2d.o(.text)
    .text                                    0x080058b0   Section        0  ffixi.o(.text)
    .text                                    0x080058fc   Section        0  ffixui.o(.text)
    .text                                    0x0800592c   Section        0  fflti.o(.text)
    .text                                    0x0800598c   Section        0  dcmpin.o(.text)
    .text                                    0x08005a1c   Section        0  fcmpin.o(.text)
    .text                                    0x08005a80   Section        0  cmpret.o(.text)
    .text                                    0x08005ab0   Section        0  dnan2.o(.text)
    .text                                    0x08005ac4   Section        0  fnan2.o(.text)
    .text                                    0x08005ad4   Section       62  sys_stackheap_outer.o(.text)
    .text                                    0x08005b12   Section        0  exit.o(.text)
    .text                                    0x08005b22   Section        0  retnan.o(.text)
    .text                                    0x08005b80   Section        8  libspace.o(.text)
    .text                                    0x08005b88   Section        0  sys_exit.o(.text)
    .text                                    0x08005b94   Section        2  use_no_semi.o(.text)
    .text                                    0x08005b96   Section        0  indicate_semi.o(.text)
    x$fpl$dleqf                              0x08005b98   Section      100  dlef.o(x$fpl$dleqf)
    x$fpl$drleqf                             0x08005bfc   Section      104  drlef.o(x$fpl$drleqf)
    x$fpl$fadd                               0x08005c64   Section      140  faddsub.o(x$fpl$fadd)
    _fadd1                                   0x08005c71   Thumb Code     0  faddsub.o(x$fpl$fadd)
    x$fpl$fleqf                              0x08005cf0   Section       84  flef.o(x$fpl$fleqf)
    x$fpl$frleqf                             0x08005d44   Section       88  frlef.o(x$fpl$frleqf)
    x$fpl$frsb                               0x08005d9c   Section       24  faddsub.o(x$fpl$frsb)
    x$fpl$fsub                               0x08005db4   Section      208  faddsub.o(x$fpl$fsub)
    _fsub1                                   0x08005dc1   Thumb Code     0  faddsub.o(x$fpl$fsub)
    .constdata                               0x08005e84   Section       98  display.o(.constdata)
    x$fpl$usenofp                            0x08005e84   Section        0  usenofp.o(x$fpl$usenofp)
    .data                                    0x20000000   Section       20  system_stm32f0xx.o(.data)
    .data                                    0x20000014   Section       16  stm32f0xx_rcc.o(.data)
    APBAHBPrescTable                         0x20000014   Data          16  stm32f0xx_rcc.o(.data)
    .data                                    0x20000024   Section       20  display.o(.data)
    Blinkflag                                0x20000025   Data           1  display.o(.data)
    Blinkflag                                0x20000026   Data           1  display.o(.data)
    Blinkflag                                0x20000027   Data           1  display.o(.data)
    Blinkflag                                0x20000028   Data           1  display.o(.data)
    Blinkflag                                0x20000029   Data           1  display.o(.data)
    Blinkflag                                0x2000002a   Data           1  display.o(.data)
    Blinkflag                                0x2000002b   Data           1  display.o(.data)
    bilinkflag                               0x2000002c   Data           1  display.o(.data)
    bilinkflag                               0x2000002d   Data           1  display.o(.data)
    .data                                    0x20000038   Section       20  menu.o(.data)
    lastCounter                              0x20000039   Data           1  menu.o(.data)
    lastCounter                              0x2000003a   Data           1  menu.o(.data)
    lastCounter                              0x2000003b   Data           1  menu.o(.data)
    lastCounter                              0x2000003c   Data           1  menu.o(.data)
    .data                                    0x2000004c   Section        2  menu.o(.data)
    .data                                    0x2000004e   Section        1  menu.o(.data)
    .data                                    0x2000004f   Section        1  menu.o(.data)
    .data                                    0x20000050   Section        4  flash.o(.data)
    .data                                    0x20000054   Section       16  selfstudy.o(.data)
    .data                                    0x20000064   Section       32  main.o(.data)
    .data                                    0x20000084   Section        4  main.o(.data)
    .data                                    0x20000088   Section      128  project.o(.data)
    lastCounter                              0x2000009a   Data           1  project.o(.data)
    lastCounter                              0x2000009b   Data           1  project.o(.data)
    lastCounter                              0x2000009c   Data           1  project.o(.data)
    lastCounter                              0x2000009d   Data           1  project.o(.data)
    LastThreshold                            0x200000b8   Data           2  project.o(.data)
    LastHIValue                              0x200000ba   Data           2  project.o(.data)
    LastLOValue                              0x200000bc   Data           2  project.o(.data)
    .data                                    0x20000108   Section        1  project.o(.data)
    .data                                    0x20000109   Section        1  project.o(.data)
    .data                                    0x2000010a   Section        2  bsp_init.o(.data)
    .bss                                     0x2000010c   Section        9  display.o(.bss)
    .bss                                     0x20000118   Section      128  key.o(.bss)
    .bss                                     0x20000198   Section       52  main.o(.bss)
    .bss                                     0x200001cc   Section       96  libspace.o(.bss)
    HEAP                                     0x20000230   Section      512  startup_stm32f0xx.o(HEAP)
    Heap_Mem                                 0x20000230   Data         512  startup_stm32f0xx.o(HEAP)
    STACK                                    0x20000430   Section     1024  startup_stm32f0xx.o(STACK)
    Stack_Mem                                0x20000430   Data        1024  startup_stm32f0xx.o(STACK)
    __initial_sp                             0x20000830   Data           0  startup_stm32f0xx.o(STACK)

    Global Symbols

    Symbol Name                              Value     Ov Type        Size  Object(Section)

    BuildAttributes$$THM_ISAv3M$S$PE$A:L22$X:L11$S22$IEEE1$IW$USESV6$~STKCKD$USESV7$~SHL$OSPACE$ROPI$EBA8$UX$STANDARDLIB$REQ8$PRES8$EABIv2 0x00000000   Number         0  anon$$obj.o ABSOLUTE
    __ARM_use_no_argv                        0x00000000   Number         0  main.o ABSOLUTE
    __ARM_exceptions_init                     - Undefined Weak Reference
    __alloca_initialize                       - Undefined Weak Reference
    __arm_preinit_                            - Undefined Weak Reference
    __cpp_initialize__aeabi_                  - Undefined Weak Reference
    __cxa_finalize                            - Undefined Weak Reference
    __rt_locale                               - Undefined Weak Reference
    __sigvec_lookup                           - Undefined Weak Reference
    _atexit_init                              - Undefined Weak Reference
    _call_atexit_fns                          - Undefined Weak Reference
    _clock_init                               - Undefined Weak Reference
    _fp_trap_init                             - Undefined Weak Reference
    _fp_trap_shutdown                         - Undefined Weak Reference
    _get_lc_collate                           - Undefined Weak Reference
    _get_lc_ctype                             - Undefined Weak Reference
    _get_lc_monetary                          - Undefined Weak Reference
    _get_lc_numeric                           - Undefined Weak Reference
    _get_lc_time                              - Undefined Weak Reference
    _getenv_init                              - Undefined Weak Reference
    _handle_redirection                       - Undefined Weak Reference
    _init_alloc                               - Undefined Weak Reference
    _init_user_alloc                          - Undefined Weak Reference
    _initio                                   - Undefined Weak Reference
    _rand_init                                - Undefined Weak Reference
    _signal_finish                            - Undefined Weak Reference
    _signal_init                              - Undefined Weak Reference
    _terminate_alloc                          - Undefined Weak Reference
    _terminate_user_alloc                     - Undefined Weak Reference
    _terminateio                              - Undefined Weak Reference
    __Vectors_Size                           0x000000c0   Number         0  startup_stm32f0xx.o ABSOLUTE
    __Vectors                                0x08000000   Data           4  startup_stm32f0xx.o(RESET)
    __Vectors_End                            0x080000c0   Data           0  startup_stm32f0xx.o(RESET)
    __main                                   0x080000c1   Thumb Code     8  __main.o(!!!main)
    __scatterload                            0x080000c9   Thumb Code     0  __scatter.o(!!!scatter)
    __scatterload_rt2                        0x080000c9   Thumb Code    52  __scatter.o(!!!scatter)
    __scatterload_rt2_thumb_only             0x080000c9   Thumb Code     0  __scatter.o(!!!scatter)
    __scatterload_null                       0x080000d9   Thumb Code     0  __scatter.o(!!!scatter)
    __scatterload_copy                       0x08000105   Thumb Code    26  __scatter_copy.o(!!handler_copy)
    __scatterload_zeroinit                   0x08000121   Thumb Code    28  __scatter_zi.o(!!handler_zi)
    __rt_lib_init                            0x0800013d   Thumb Code     0  libinit.o(.ARM.Collect$$libinit$$00000000)
    __rt_lib_init_alloca_1                   0x0800013f   Thumb Code     0  libinit2.o(.ARM.Collect$$libinit$$0000002E)
    __rt_lib_init_argv_1                     0x0800013f   Thumb Code     0  libinit2.o(.ARM.Collect$$libinit$$0000002C)
    __rt_lib_init_atexit_1                   0x0800013f   Thumb Code     0  libinit2.o(.ARM.Collect$$libinit$$0000001B)
    __rt_lib_init_clock_1                    0x0800013f   Thumb Code     0  libinit2.o(.ARM.Collect$$libinit$$00000021)
    __rt_lib_init_cpp_1                      0x0800013f   Thumb Code     0  libinit2.o(.ARM.Collect$$libinit$$00000032)
    __rt_lib_init_exceptions_1               0x0800013f   Thumb Code     0  libinit2.o(.ARM.Collect$$libinit$$00000030)
    __rt_lib_init_fp_1                       0x0800013f   Thumb Code     0  libinit2.o(.ARM.Collect$$libinit$$00000002)
    __rt_lib_init_fp_trap_1                  0x0800013f   Thumb Code     0  libinit2.o(.ARM.Collect$$libinit$$0000001F)
    __rt_lib_init_getenv_1                   0x0800013f   Thumb Code     0  libinit2.o(.ARM.Collect$$libinit$$00000023)
    __rt_lib_init_heap_1                     0x0800013f   Thumb Code     0  libinit2.o(.ARM.Collect$$libinit$$0000000A)
    __rt_lib_init_lc_collate_1               0x0800013f   Thumb Code     0  libinit2.o(.ARM.Collect$$libinit$$00000011)
    __rt_lib_init_lc_ctype_1                 0x0800013f   Thumb Code     0  libinit2.o(.ARM.Collect$$libinit$$00000013)
    __rt_lib_init_lc_monetary_1              0x0800013f   Thumb Code     0  libinit2.o(.ARM.Collect$$libinit$$00000015)
    __rt_lib_init_lc_numeric_1               0x0800013f   Thumb Code     0  libinit2.o(.ARM.Collect$$libinit$$00000017)
    __rt_lib_init_lc_time_1                  0x0800013f   Thumb Code     0  libinit2.o(.ARM.Collect$$libinit$$00000019)
    __rt_lib_init_preinit_1                  0x0800013f   Thumb Code     0  libinit2.o(.ARM.Collect$$libinit$$00000004)
    __rt_lib_init_rand_1                     0x0800013f   Thumb Code     0  libinit2.o(.ARM.Collect$$libinit$$0000000E)
    __rt_lib_init_return                     0x0800013f   Thumb Code     0  libinit2.o(.ARM.Collect$$libinit$$00000033)
    __rt_lib_init_signal_1                   0x0800013f   Thumb Code     0  libinit2.o(.ARM.Collect$$libinit$$0000001D)
    __rt_lib_init_stdio_1                    0x0800013f   Thumb Code     0  libinit2.o(.ARM.Collect$$libinit$$00000025)
    __rt_lib_init_user_alloc_1               0x0800013f   Thumb Code     0  libinit2.o(.ARM.Collect$$libinit$$0000000C)
    __rt_lib_shutdown                        0x08000141   Thumb Code     0  libshutdown.o(.ARM.Collect$$libshutdown$$00000000)
    __rt_lib_shutdown_cpp_1                  0x08000143   Thumb Code     0  libshutdown2.o(.ARM.Collect$$libshutdown$$00000002)
    __rt_lib_shutdown_fp_trap_1              0x08000143   Thumb Code     0  libshutdown2.o(.ARM.Collect$$libshutdown$$00000007)
    __rt_lib_shutdown_heap_1                 0x08000143   Thumb Code     0  libshutdown2.o(.ARM.Collect$$libshutdown$$0000000F)
    __rt_lib_shutdown_return                 0x08000143   Thumb Code     0  libshutdown2.o(.ARM.Collect$$libshutdown$$00000010)
    __rt_lib_shutdown_signal_1               0x08000143   Thumb Code     0  libshutdown2.o(.ARM.Collect$$libshutdown$$0000000A)
    __rt_lib_shutdown_stdio_1                0x08000143   Thumb Code     0  libshutdown2.o(.ARM.Collect$$libshutdown$$00000004)
    __rt_lib_shutdown_user_alloc_1           0x08000143   Thumb Code     0  libshutdown2.o(.ARM.Collect$$libshutdown$$0000000C)
    __rt_entry                               0x08000145   Thumb Code     0  __rtentry.o(.ARM.Collect$$rtentry$$00000000)
    __rt_entry_presh_1                       0x08000145   Thumb Code     0  __rtentry2.o(.ARM.Collect$$rtentry$$00000002)
    __rt_entry_sh                            0x08000145   Thumb Code     0  __rtentry4.o(.ARM.Collect$$rtentry$$00000004)
    __rt_entry_li                            0x0800014b   Thumb Code     0  __rtentry2.o(.ARM.Collect$$rtentry$$0000000A)
    __rt_entry_postsh_1                      0x0800014b   Thumb Code     0  __rtentry2.o(.ARM.Collect$$rtentry$$00000009)
    __rt_entry_main                          0x0800014f   Thumb Code     0  __rtentry2.o(.ARM.Collect$$rtentry$$0000000D)
    __rt_entry_postli_1                      0x0800014f   Thumb Code     0  __rtentry2.o(.ARM.Collect$$rtentry$$0000000C)
    __rt_exit                                0x08000157   Thumb Code     0  rtexit.o(.ARM.Collect$$rtexit$$00000000)
    __rt_exit_ls                             0x08000159   Thumb Code     0  rtexit2.o(.ARM.Collect$$rtexit$$00000003)
    __rt_exit_prels_1                        0x08000159   Thumb Code     0  rtexit2.o(.ARM.Collect$$rtexit$$00000002)
    __rt_exit_exit                           0x0800015d   Thumb Code     0  rtexit2.o(.ARM.Collect$$rtexit$$00000004)
    Reset_Handler                            0x08000165   Thumb Code    38  startup_stm32f0xx.o(.text)
    NMI_Handler                              0x0800018b   Thumb Code     2  startup_stm32f0xx.o(.text)
    HardFault_Handler                        0x0800018d   Thumb Code     2  startup_stm32f0xx.o(.text)
    SVC_Handler                              0x0800018f   Thumb Code     2  startup_stm32f0xx.o(.text)
    PendSV_Handler                           0x08000191   Thumb Code     2  startup_stm32f0xx.o(.text)
    SysTick_Handler                          0x08000193   Thumb Code     2  startup_stm32f0xx.o(.text)
    ADC1_COMP_IRQHandler                     0x08000195   Thumb Code     0  startup_stm32f0xx.o(.text)
    CEC_IRQHandler                           0x08000195   Thumb Code     0  startup_stm32f0xx.o(.text)
    DMA1_Channel2_3_IRQHandler               0x08000195   Thumb Code     0  startup_stm32f0xx.o(.text)
    DMA1_Channel4_5_IRQHandler               0x08000195   Thumb Code     0  startup_stm32f0xx.o(.text)
    EXTI0_1_IRQHandler                       0x08000195   Thumb Code     0  startup_stm32f0xx.o(.text)
    EXTI2_3_IRQHandler                       0x08000195   Thumb Code     0  startup_stm32f0xx.o(.text)
    EXTI4_15_IRQHandler                      0x08000195   Thumb Code     0  startup_stm32f0xx.o(.text)
    FLASH_IRQHandler                         0x08000195   Thumb Code     0  startup_stm32f0xx.o(.text)
    I2C1_IRQHandler                          0x08000195   Thumb Code     0  startup_stm32f0xx.o(.text)
    I2C2_IRQHandler                          0x08000195   Thumb Code     0  startup_stm32f0xx.o(.text)
    PVD_IRQHandler                           0x08000195   Thumb Code     0  startup_stm32f0xx.o(.text)
    RCC_IRQHandler                           0x08000195   Thumb Code     0  startup_stm32f0xx.o(.text)
    RTC_IRQHandler                           0x08000195   Thumb Code     0  startup_stm32f0xx.o(.text)
    SPI1_IRQHandler                          0x08000195   Thumb Code     0  startup_stm32f0xx.o(.text)
    SPI2_IRQHandler                          0x08000195   Thumb Code     0  startup_stm32f0xx.o(.text)
    TIM14_IRQHandler                         0x08000195   Thumb Code     0  startup_stm32f0xx.o(.text)
    TIM15_IRQHandler                         0x08000195   Thumb Code     0  startup_stm32f0xx.o(.text)
    TIM16_IRQHandler                         0x08000195   Thumb Code     0  startup_stm32f0xx.o(.text)
    TIM17_IRQHandler                         0x08000195   Thumb Code     0  startup_stm32f0xx.o(.text)
    TIM1_CC_IRQHandler                       0x08000195   Thumb Code     0  startup_stm32f0xx.o(.text)
    TIM6_DAC_IRQHandler                      0x08000195   Thumb Code     0  startup_stm32f0xx.o(.text)
    TS_IRQHandler                            0x08000195   Thumb Code     0  startup_stm32f0xx.o(.text)
    USART1_IRQHandler                        0x08000195   Thumb Code     0  startup_stm32f0xx.o(.text)
    USART2_IRQHandler                        0x08000195   Thumb Code     0  startup_stm32f0xx.o(.text)
    WWDG_IRQHandler                          0x08000195   Thumb Code     0  startup_stm32f0xx.o(.text)
    __user_initial_stackheap                 0x08000199   Thumb Code     0  startup_stm32f0xx.o(.text)
    SystemInit                               0x080001d9   Thumb Code    84  system_stm32f0xx.o(.text)
    SystemCoreClockUpdate                    0x0800022d   Thumb Code    90  system_stm32f0xx.o(.text)
    ADC_DeInit                               0x08000331   Thumb Code    28  stm32f0xx_adc.o(.text)
    ADC_Init                                 0x0800034d   Thumb Code    38  stm32f0xx_adc.o(.text)
    ADC_StructInit                           0x08000373   Thumb Code    16  stm32f0xx_adc.o(.text)
    ADC_Cmd                                  0x08000383   Thumb Code    18  stm32f0xx_adc.o(.text)
    ADC_ClockModeConfig                      0x08000395   Thumb Code     4  stm32f0xx_adc.o(.text)
    ADC_JitterCmd                            0x08000399   Thumb Code    16  stm32f0xx_adc.o(.text)
    ADC_AutoPowerOffCmd                      0x080003a9   Thumb Code    20  stm32f0xx_adc.o(.text)
    ADC_WaitModeCmd                          0x080003bd   Thumb Code    20  stm32f0xx_adc.o(.text)
    ADC_AnalogWatchdogCmd                    0x080003d1   Thumb Code    20  stm32f0xx_adc.o(.text)
    ADC_AnalogWatchdogThresholdsConfig       0x080003e5   Thumb Code     8  stm32f0xx_adc.o(.text)
    ADC_AnalogWatchdogSingleChannelConfig    0x080003ed   Thumb Code    14  stm32f0xx_adc.o(.text)
    ADC_AnalogWatchdogSingleChannelCmd       0x080003fb   Thumb Code    20  stm32f0xx_adc.o(.text)
    ADC_TempSensorCmd                        0x0800040f   Thumb Code    22  stm32f0xx_adc.o(.text)
    ADC_VrefintCmd                           0x08000425   Thumb Code    22  stm32f0xx_adc.o(.text)
    ADC_VbatCmd                              0x0800043b   Thumb Code    22  stm32f0xx_adc.o(.text)
    ADC_ChannelConfig                        0x08000451   Thumb Code    10  stm32f0xx_adc.o(.text)
    ADC_ContinuousModeCmd                    0x0800045b   Thumb Code    20  stm32f0xx_adc.o(.text)
    ADC_DiscModeCmd                          0x0800046f   Thumb Code    20  stm32f0xx_adc.o(.text)
    ADC_OverrunModeCmd                       0x08000483   Thumb Code    20  stm32f0xx_adc.o(.text)
    ADC_GetCalibrationFactor                 0x08000497   Thumb Code    46  stm32f0xx_adc.o(.text)
    ADC_StopOfConversion                     0x080004c5   Thumb Code    10  stm32f0xx_adc.o(.text)
    ADC_StartOfConversion                    0x080004cf   Thumb Code    10  stm32f0xx_adc.o(.text)
    ADC_GetConversionValue                   0x080004d9   Thumb Code     6  stm32f0xx_adc.o(.text)
    ADC_DMACmd                               0x080004df   Thumb Code    20  stm32f0xx_adc.o(.text)
    ADC_DMARequestModeConfig                 0x080004f3   Thumb Code    16  stm32f0xx_adc.o(.text)
    ADC_ITConfig                             0x08000503   Thumb Code    16  stm32f0xx_adc.o(.text)
    ADC_GetFlagStatus                        0x08000513   Thumb Code    28  stm32f0xx_adc.o(.text)
    ADC_ClearFlag                            0x0800052f   Thumb Code     4  stm32f0xx_adc.o(.text)
    ADC_GetITStatus                          0x08000533   Thumb Code    22  stm32f0xx_adc.o(.text)
    ADC_ClearITPendingBit                    0x08000549   Thumb Code     4  stm32f0xx_adc.o(.text)
    DMA_DeInit                               0x08000559   Thumb Code   178  stm32f0xx_dma.o(.text)
    DMA_Init                                 0x0800060b   Thumb Code    56  stm32f0xx_dma.o(.text)
    DMA_StructInit                           0x08000643   Thumb Code    26  stm32f0xx_dma.o(.text)
    DMA_Cmd                                  0x0800065d   Thumb Code    20  stm32f0xx_dma.o(.text)
    DMA_RemapConfig                          0x08000671   Thumb Code    30  stm32f0xx_dma.o(.text)
    DMA_SetCurrDataCounter                   0x0800068f   Thumb Code     4  stm32f0xx_dma.o(.text)
    DMA_GetCurrDataCounter                   0x08000693   Thumb Code     6  stm32f0xx_dma.o(.text)
    DMA_ITConfig                             0x08000699   Thumb Code    16  stm32f0xx_dma.o(.text)
    DMA_GetFlagStatus                        0x080006a9   Thumb Code    28  stm32f0xx_dma.o(.text)
    DMA_ClearFlag                            0x080006c5   Thumb Code    18  stm32f0xx_dma.o(.text)
    DMA_GetITStatus                          0x080006d7   Thumb Code    28  stm32f0xx_dma.o(.text)
    DMA_ClearITPendingBit                    0x080006f3   Thumb Code    18  stm32f0xx_dma.o(.text)
    FLASH_SetLatency                         0x08000715   Thumb Code    14  stm32f0xx_flash.o(.text)
    FLASH_PrefetchBufferCmd                  0x08000723   Thumb Code    20  stm32f0xx_flash.o(.text)
    FLASH_GetPrefetchBufferStatus            0x08000737   Thumb Code    14  stm32f0xx_flash.o(.text)
    FLASH_Unlock                             0x08000745   Thumb Code    18  stm32f0xx_flash.o(.text)
    FLASH_Lock                               0x08000757   Thumb Code    12  stm32f0xx_flash.o(.text)
    FLASH_GetStatus                          0x08000763   Thumb Code    34  stm32f0xx_flash.o(.text)
    FLASH_WaitForLastOperation               0x08000785   Thumb Code    34  stm32f0xx_flash.o(.text)
    FLASH_ErasePage                          0x080007a7   Thumb Code    52  stm32f0xx_flash.o(.text)
    FLASH_EraseAllPages                      0x080007db   Thumb Code    48  stm32f0xx_flash.o(.text)
    FLASH_ProgramWord                        0x0800080b   Thumb Code    70  stm32f0xx_flash.o(.text)
    FLASH_ProgramHalfWord                    0x08000851   Thumb Code    48  stm32f0xx_flash.o(.text)
    FLASH_OB_Unlock                          0x08000881   Thumb Code    18  stm32f0xx_flash.o(.text)
    FLASH_OB_Lock                            0x08000893   Thumb Code    12  stm32f0xx_flash.o(.text)
    FLASH_OB_Launch                          0x0800089f   Thumb Code    14  stm32f0xx_flash.o(.text)
    FLASH_OB_GetRDP                          0x080008ad   Thumb Code    16  stm32f0xx_flash.o(.text)
    FLASH_OB_Erase                           0x080008bd   Thumb Code   106  stm32f0xx_flash.o(.text)
    FLASH_OB_EnableWRP                       0x08000927   Thumb Code   130  stm32f0xx_flash.o(.text)
    FLASH_OB_RDPConfig                       0x080009a9   Thumb Code    82  stm32f0xx_flash.o(.text)
    FLASH_OB_UserConfig                      0x080009fb   Thumb Code    64  stm32f0xx_flash.o(.text)
    FLASH_OB_BOOTConfig                      0x08000a3b   Thumb Code    54  stm32f0xx_flash.o(.text)
    FLASH_OB_BOOT0Config                     0x08000a71   Thumb Code    54  stm32f0xx_flash.o(.text)
    FLASH_OB_BOOT0SWConfig                   0x08000aa7   Thumb Code    54  stm32f0xx_flash.o(.text)
    FLASH_OB_VDDAConfig                      0x08000add   Thumb Code    72  stm32f0xx_flash.o(.text)
    FLASH_OB_SRAMParityConfig                0x08000b25   Thumb Code    54  stm32f0xx_flash.o(.text)
    FLASH_OB_WriteUser                       0x08000b5b   Thumb Code    50  stm32f0xx_flash.o(.text)
    FLASH_OB_ProgramData                     0x08000b8d   Thumb Code    50  stm32f0xx_flash.o(.text)
    FLASH_OB_GetUser                         0x08000bbf   Thumb Code    10  stm32f0xx_flash.o(.text)
    FLASH_OB_GetWRP                          0x08000bc9   Thumb Code     6  stm32f0xx_flash.o(.text)
    FLASH_ITConfig                           0x08000bcf   Thumb Code    18  stm32f0xx_flash.o(.text)
    FLASH_GetFlagStatus                      0x08000be1   Thumb Code    16  stm32f0xx_flash.o(.text)
    FLASH_ClearFlag                          0x08000bf1   Thumb Code     6  stm32f0xx_flash.o(.text)
    GPIO_DeInit                              0x08000c01   Thumb Code    90  stm32f0xx_gpio.o(.text)
    GPIO_Init                                0x08000c5b   Thumb Code   112  stm32f0xx_gpio.o(.text)
    GPIO_StructInit                          0x08000ccb   Thumb Code    18  stm32f0xx_gpio.o(.text)
    GPIO_PinLockConfig                       0x08000cdd   Thumb Code    26  stm32f0xx_gpio.o(.text)
    GPIO_ReadInputDataBit                    0x08000cf7   Thumb Code    14  stm32f0xx_gpio.o(.text)
    GPIO_ReadInputData                       0x08000d05   Thumb Code     4  stm32f0xx_gpio.o(.text)
    GPIO_ReadOutputDataBit                   0x08000d09   Thumb Code    14  stm32f0xx_gpio.o(.text)
    GPIO_ReadOutputData                      0x08000d17   Thumb Code     4  stm32f0xx_gpio.o(.text)
    GPIO_SetBits                             0x08000d1b   Thumb Code     4  stm32f0xx_gpio.o(.text)
    GPIO_ResetBits                           0x08000d1f   Thumb Code     4  stm32f0xx_gpio.o(.text)
    GPIO_WriteBit                            0x08000d23   Thumb Code    12  stm32f0xx_gpio.o(.text)
    GPIO_Write                               0x08000d2f   Thumb Code     4  stm32f0xx_gpio.o(.text)
    GPIO_PinAFConfig                         0x08000d33   Thumb Code    32  stm32f0xx_gpio.o(.text)
    IWDG_WriteAccessCmd                      0x08000d6d   Thumb Code     6  stm32f0xx_iwdg.o(.text)
    IWDG_SetPrescaler                        0x08000d73   Thumb Code     6  stm32f0xx_iwdg.o(.text)
    IWDG_SetReload                           0x08000d79   Thumb Code     6  stm32f0xx_iwdg.o(.text)
    IWDG_ReloadCounter                       0x08000d7f   Thumb Code     8  stm32f0xx_iwdg.o(.text)
    IWDG_SetWindowValue                      0x08000d87   Thumb Code     6  stm32f0xx_iwdg.o(.text)
    IWDG_Enable                              0x08000d8d   Thumb Code     8  stm32f0xx_iwdg.o(.text)
    IWDG_GetFlagStatus                       0x08000d95   Thumb Code    16  stm32f0xx_iwdg.o(.text)
    NVIC_Init                                0x08000db1   Thumb Code    70  stm32f0xx_misc.o(.text)
    NVIC_SystemLPConfig                      0x08000df7   Thumb Code    18  stm32f0xx_misc.o(.text)
    SysTick_CLKSourceConfig                  0x08000e09   Thumb Code    20  stm32f0xx_misc.o(.text)
    RCC_DeInit                               0x08000e2d   Thumb Code    76  stm32f0xx_rcc.o(.text)
    RCC_HSEConfig                            0x08000e79   Thumb Code    10  stm32f0xx_rcc.o(.text)
    RCC_GetFlagStatus                        0x08000e83   Thumb Code    48  stm32f0xx_rcc.o(.text)
    RCC_WaitForHSEStartUp                    0x08000eb3   Thumb Code    44  stm32f0xx_rcc.o(.text)
    RCC_AdjustHSICalibrationValue            0x08000edf   Thumb Code    16  stm32f0xx_rcc.o(.text)
    RCC_HSICmd                               0x08000eef   Thumb Code    22  stm32f0xx_rcc.o(.text)
    RCC_AdjustHSI14CalibrationValue          0x08000f05   Thumb Code    16  stm32f0xx_rcc.o(.text)
    RCC_HSI14Cmd                             0x08000f15   Thumb Code    22  stm32f0xx_rcc.o(.text)
    RCC_HSI14ADCRequestCmd                   0x08000f2b   Thumb Code    20  stm32f0xx_rcc.o(.text)
    RCC_LSEConfig                            0x08000f3f   Thumb Code    26  stm32f0xx_rcc.o(.text)
    RCC_LSEDriveConfig                       0x08000f59   Thumb Code    18  stm32f0xx_rcc.o(.text)
    RCC_LSICmd                               0x08000f6b   Thumb Code    22  stm32f0xx_rcc.o(.text)
    RCC_PLLConfig                            0x08000f81   Thumb Code    24  stm32f0xx_rcc.o(.text)
    RCC_PLLCmd                               0x08000f99   Thumb Code    22  stm32f0xx_rcc.o(.text)
    RCC_HSI48Cmd                             0x08000faf   Thumb Code    22  stm32f0xx_rcc.o(.text)
    RCC_PREDIV1Config                        0x08000fc5   Thumb Code    14  stm32f0xx_rcc.o(.text)
    RCC_ClockSecuritySystemCmd               0x08000fd3   Thumb Code    22  stm32f0xx_rcc.o(.text)
    RCC_MCOConfig                            0x08000fe9   Thumb Code    18  stm32f0xx_rcc.o(.text)
    RCC_SYSCLKConfig                         0x08000ffb   Thumb Code    14  stm32f0xx_rcc.o(.text)
    RCC_GetSYSCLKSource                      0x08001009   Thumb Code    10  stm32f0xx_rcc.o(.text)
    RCC_HCLKConfig                           0x08001013   Thumb Code    14  stm32f0xx_rcc.o(.text)
    RCC_PCLKConfig                           0x08001021   Thumb Code    16  stm32f0xx_rcc.o(.text)
    RCC_ADCCLKConfig                         0x08001031   Thumb Code    38  stm32f0xx_rcc.o(.text)
    RCC_CECCLKConfig                         0x08001057   Thumb Code    18  stm32f0xx_rcc.o(.text)
    RCC_I2CCLKConfig                         0x08001069   Thumb Code    18  stm32f0xx_rcc.o(.text)
    RCC_USARTCLKConfig                       0x0800107b   Thumb Code    44  stm32f0xx_rcc.o(.text)
    RCC_USBCLKConfig                         0x080010a7   Thumb Code    18  stm32f0xx_rcc.o(.text)
    RCC_GetClocksFreq                        0x080010b9   Thumb Code   388  stm32f0xx_rcc.o(.text)
    RCC_RTCCLKConfig                         0x0800123d   Thumb Code    10  stm32f0xx_rcc.o(.text)
    RCC_RTCCLKCmd                            0x08001247   Thumb Code    22  stm32f0xx_rcc.o(.text)
    RCC_BackupResetCmd                       0x0800125d   Thumb Code    22  stm32f0xx_rcc.o(.text)
    RCC_AHBPeriphClockCmd                    0x08001273   Thumb Code    18  stm32f0xx_rcc.o(.text)
    RCC_APB2PeriphClockCmd                   0x08001285   Thumb Code    18  stm32f0xx_rcc.o(.text)
    RCC_APB1PeriphClockCmd                   0x08001297   Thumb Code    18  stm32f0xx_rcc.o(.text)
    RCC_AHBPeriphResetCmd                    0x080012a9   Thumb Code    18  stm32f0xx_rcc.o(.text)
    RCC_APB2PeriphResetCmd                   0x080012bb   Thumb Code    18  stm32f0xx_rcc.o(.text)
    RCC_APB1PeriphResetCmd                   0x080012cd   Thumb Code    18  stm32f0xx_rcc.o(.text)
    RCC_ITConfig                             0x080012df   Thumb Code    18  stm32f0xx_rcc.o(.text)
    RCC_ClearFlag                            0x080012f1   Thumb Code    14  stm32f0xx_rcc.o(.text)
    RCC_GetITStatus                          0x080012ff   Thumb Code    16  stm32f0xx_rcc.o(.text)
    RCC_ClearITPendingBit                    0x0800130f   Thumb Code     6  stm32f0xx_rcc.o(.text)
    TIM_DeInit                               0x08001319   Thumb Code   172  stm32f0xx_tim.o(.text)
    TIM_TimeBaseInit                         0x080013c5   Thumb Code    88  stm32f0xx_tim.o(.text)
    TIM_TimeBaseStructInit                   0x0800141d   Thumb Code    18  stm32f0xx_tim.o(.text)
    TIM_PrescalerConfig                      0x0800142f   Thumb Code     6  stm32f0xx_tim.o(.text)
    TIM_CounterModeConfig                    0x08001435   Thumb Code    12  stm32f0xx_tim.o(.text)
    TIM_SetCounter                           0x08001441   Thumb Code     4  stm32f0xx_tim.o(.text)
    TIM_SetAutoreload                        0x08001445   Thumb Code     4  stm32f0xx_tim.o(.text)
    TIM_GetCounter                           0x08001449   Thumb Code     4  stm32f0xx_tim.o(.text)
    TIM_GetPrescaler                         0x0800144d   Thumb Code     4  stm32f0xx_tim.o(.text)
    TIM_UpdateDisableConfig                  0x08001451   Thumb Code    18  stm32f0xx_tim.o(.text)
    TIM_UpdateRequestConfig                  0x08001463   Thumb Code    18  stm32f0xx_tim.o(.text)
    TIM_ARRPreloadConfig                     0x08001475   Thumb Code    18  stm32f0xx_tim.o(.text)
    TIM_SelectOnePulseMode                   0x08001487   Thumb Code    16  stm32f0xx_tim.o(.text)
    TIM_SetClockDivision                     0x08001497   Thumb Code    16  stm32f0xx_tim.o(.text)
    TIM_Cmd                                  0x080014a7   Thumb Code    20  stm32f0xx_tim.o(.text)
    TIM_BDTRConfig                           0x080014bb   Thumb Code    34  stm32f0xx_tim.o(.text)
    TIM_BDTRStructInit                       0x080014dd   Thumb Code    18  stm32f0xx_tim.o(.text)
    TIM_CtrlPWMOutputs                       0x080014ef   Thumb Code    24  stm32f0xx_tim.o(.text)
    TIM_OC1Init                              0x08001507   Thumb Code   104  stm32f0xx_tim.o(.text)
    TIM_OC2Init                              0x0800156f   Thumb Code   124  stm32f0xx_tim.o(.text)
    TIM_OC3Init                              0x080015eb   Thumb Code   110  stm32f0xx_tim.o(.text)
    TIM_OC4Init                              0x08001659   Thumb Code    78  stm32f0xx_tim.o(.text)
    TIM_OCStructInit                         0x080016a7   Thumb Code    20  stm32f0xx_tim.o(.text)
    TIM_SelectOCxM                           0x080016bb   Thumb Code   142  stm32f0xx_tim.o(.text)
    TIM_SetCompare1                          0x08001749   Thumb Code     4  stm32f0xx_tim.o(.text)
    TIM_SetCompare2                          0x0800174d   Thumb Code     4  stm32f0xx_tim.o(.text)
    TIM_SetCompare3                          0x08001751   Thumb Code     4  stm32f0xx_tim.o(.text)
    TIM_SetCompare4                          0x08001755   Thumb Code     4  stm32f0xx_tim.o(.text)
    TIM_ForcedOC1Config                      0x08001759   Thumb Code    12  stm32f0xx_tim.o(.text)
    TIM_ForcedOC2Config                      0x08001765   Thumb Code    14  stm32f0xx_tim.o(.text)
    TIM_ForcedOC3Config                      0x08001773   Thumb Code    12  stm32f0xx_tim.o(.text)
    TIM_ForcedOC4Config                      0x0800177f   Thumb Code    14  stm32f0xx_tim.o(.text)
    TIM_CCPreloadControl                     0x0800178d   Thumb Code    20  stm32f0xx_tim.o(.text)
    TIM_OC1PreloadConfig                     0x080017a1   Thumb Code    12  stm32f0xx_tim.o(.text)
    TIM_OC2PreloadConfig                     0x080017ad   Thumb Code    14  stm32f0xx_tim.o(.text)
    TIM_OC3PreloadConfig                     0x080017bb   Thumb Code    12  stm32f0xx_tim.o(.text)
    TIM_OC4PreloadConfig                     0x080017c7   Thumb Code    14  stm32f0xx_tim.o(.text)
    TIM_OC1FastConfig                        0x080017d5   Thumb Code    12  stm32f0xx_tim.o(.text)
    TIM_OC2FastConfig                        0x080017e1   Thumb Code    14  stm32f0xx_tim.o(.text)
    TIM_OC3FastConfig                        0x080017ef   Thumb Code    12  stm32f0xx_tim.o(.text)
    TIM_OC4FastConfig                        0x080017fb   Thumb Code    14  stm32f0xx_tim.o(.text)
    TIM_ClearOC1Ref                          0x08001809   Thumb Code    12  stm32f0xx_tim.o(.text)
    TIM_ClearOC2Ref                          0x08001815   Thumb Code    14  stm32f0xx_tim.o(.text)
    TIM_ClearOC3Ref                          0x08001823   Thumb Code    12  stm32f0xx_tim.o(.text)
    TIM_ClearOC4Ref                          0x0800182f   Thumb Code    14  stm32f0xx_tim.o(.text)
    TIM_OC1PolarityConfig                    0x0800183d   Thumb Code    12  stm32f0xx_tim.o(.text)
    TIM_OC1NPolarityConfig                   0x08001849   Thumb Code    12  stm32f0xx_tim.o(.text)
    TIM_OC2PolarityConfig                    0x08001855   Thumb Code    14  stm32f0xx_tim.o(.text)
    TIM_OC2NPolarityConfig                   0x08001863   Thumb Code    14  stm32f0xx_tim.o(.text)
    TIM_OC3PolarityConfig                    0x08001871   Thumb Code    14  stm32f0xx_tim.o(.text)
    TIM_OC3NPolarityConfig                   0x0800187f   Thumb Code    14  stm32f0xx_tim.o(.text)
    TIM_OC4PolarityConfig                    0x0800188d   Thumb Code    14  stm32f0xx_tim.o(.text)
    TIM_SelectOCREFClear                     0x0800189b   Thumb Code    16  stm32f0xx_tim.o(.text)
    TIM_CCxCmd                               0x080018ab   Thumb Code    22  stm32f0xx_tim.o(.text)
    TIM_CCxNCmd                              0x080018c1   Thumb Code    22  stm32f0xx_tim.o(.text)
    TIM_SelectCOM                            0x080018d7   Thumb Code    18  stm32f0xx_tim.o(.text)
    TIM_SetIC4Prescaler                      0x080018e9   Thumb Code    18  stm32f0xx_tim.o(.text)
    TIM_SetIC3Prescaler                      0x080018fb   Thumb Code    16  stm32f0xx_tim.o(.text)
    TIM_SetIC2Prescaler                      0x0800190b   Thumb Code    18  stm32f0xx_tim.o(.text)
    TIM_SetIC1Prescaler                      0x08001947   Thumb Code    16  stm32f0xx_tim.o(.text)
    TIM_ICInit                               0x0800197f   Thumb Code   162  stm32f0xx_tim.o(.text)
    TIM_ICStructInit                         0x08001a21   Thumb Code    16  stm32f0xx_tim.o(.text)
    TIM_PWMIConfig                           0x08001a31   Thumb Code   104  stm32f0xx_tim.o(.text)
    TIM_GetCapture1                          0x08001a99   Thumb Code     4  stm32f0xx_tim.o(.text)
    TIM_GetCapture2                          0x08001a9d   Thumb Code     4  stm32f0xx_tim.o(.text)
    TIM_GetCapture3                          0x08001aa1   Thumb Code     4  stm32f0xx_tim.o(.text)
    TIM_GetCapture4                          0x08001aa5   Thumb Code     4  stm32f0xx_tim.o(.text)
    TIM_ITConfig                             0x08001aa9   Thumb Code    16  stm32f0xx_tim.o(.text)
    TIM_GenerateEvent                        0x08001ab9   Thumb Code     4  stm32f0xx_tim.o(.text)
    TIM_GetFlagStatus                        0x08001abd   Thumb Code    14  stm32f0xx_tim.o(.text)
    TIM_ClearFlag                            0x08001acb   Thumb Code     6  stm32f0xx_tim.o(.text)
    TIM_GetITStatus                          0x08001ad1   Thumb Code    24  stm32f0xx_tim.o(.text)
    TIM_ClearITPendingBit                    0x08001ae9   Thumb Code     6  stm32f0xx_tim.o(.text)
    TIM_DMAConfig                            0x08001aef   Thumb Code     8  stm32f0xx_tim.o(.text)
    TIM_DMACmd                               0x08001af7   Thumb Code    16  stm32f0xx_tim.o(.text)
    TIM_SelectCCDMA                          0x08001b07   Thumb Code    18  stm32f0xx_tim.o(.text)
    TIM_InternalClockConfig                  0x08001b19   Thumb Code    10  stm32f0xx_tim.o(.text)
    TIM_SelectInputTrigger                   0x08001b23   Thumb Code    12  stm32f0xx_tim.o(.text)
    TIM_ITRxExternalClockConfig              0x08001b2f   Thumb Code    62  stm32f0xx_tim.o(.text)
    TIM_TIxExternalClockConfig               0x08001b6d   Thumb Code    48  stm32f0xx_tim.o(.text)
    TIM_ETRConfig                            0x08001b9d   Thumb Code    18  stm32f0xx_tim.o(.text)
    TIM_ETRClockMode1Config                  0x08001baf   Thumb Code    28  stm32f0xx_tim.o(.text)
    TIM_ETRClockMode2Config                  0x08001bcb   Thumb Code    20  stm32f0xx_tim.o(.text)
    TIM_SelectOutputTrigger                  0x08001bdf   Thumb Code    16  stm32f0xx_tim.o(.text)
    TIM_SelectSlaveMode                      0x08001bef   Thumb Code    16  stm32f0xx_tim.o(.text)
    TIM_SelectMasterSlaveMode                0x08001bff   Thumb Code    16  stm32f0xx_tim.o(.text)
    TIM_EncoderInterfaceConfig               0x08001c0f   Thumb Code    42  stm32f0xx_tim.o(.text)
    TIM_SelectHallSensor                     0x08001c39   Thumb Code    18  stm32f0xx_tim.o(.text)
    TIM_RemapConfig                          0x08001c4b   Thumb Code     6  stm32f0xx_tim.o(.text)
    USART_DeInit                             0x08001c55   Thumb Code   150  stm32f0xx_usart.o(.text)
    USART_Init                               0x08001ceb   Thumb Code   148  stm32f0xx_usart.o(.text)
    USART_StructInit                         0x08001d7f   Thumb Code    22  stm32f0xx_usart.o(.text)
    USART_ClockInit                          0x08001d95   Thumb Code    28  stm32f0xx_usart.o(.text)
    USART_ClockStructInit                    0x08001db1   Thumb Code    12  stm32f0xx_usart.o(.text)
    USART_Cmd                                0x08001dbd   Thumb Code    20  stm32f0xx_usart.o(.text)
    USART_DirectionModeCmd                   0x08001dd1   Thumb Code    16  stm32f0xx_usart.o(.text)
    USART_OverSampling8Cmd                   0x08001de1   Thumb Code    20  stm32f0xx_usart.o(.text)
    USART_OneBitMethodCmd                    0x08001df5   Thumb Code    20  stm32f0xx_usart.o(.text)
    USART_MSBFirstCmd                        0x08001e09   Thumb Code    20  stm32f0xx_usart.o(.text)
    USART_DataInvCmd                         0x08001e1d   Thumb Code    20  stm32f0xx_usart.o(.text)
    USART_InvPinCmd                          0x08001e31   Thumb Code    16  stm32f0xx_usart.o(.text)
    USART_SWAPPinCmd                         0x08001e41   Thumb Code    20  stm32f0xx_usart.o(.text)
    USART_ReceiverTimeOutCmd                 0x08001e55   Thumb Code    20  stm32f0xx_usart.o(.text)
    USART_SetReceiverTimeOut                 0x08001e69   Thumb Code    16  stm32f0xx_usart.o(.text)
    USART_SetPrescaler                       0x08001e79   Thumb Code    16  stm32f0xx_usart.o(.text)
    USART_STOPModeCmd                        0x08001e89   Thumb Code    18  stm32f0xx_usart.o(.text)
    USART_StopModeWakeUpSourceConfig         0x08001e9b   Thumb Code    18  stm32f0xx_usart.o(.text)
    USART_AutoBaudRateCmd                    0x08001ead   Thumb Code    20  stm32f0xx_usart.o(.text)
    USART_AutoBaudRateConfig                 0x08001ec1   Thumb Code    18  stm32f0xx_usart.o(.text)
    USART_SendData                           0x08001ed3   Thumb Code     8  stm32f0xx_usart.o(.text)
    USART_ReceiveData                        0x08001edb   Thumb Code     8  stm32f0xx_usart.o(.text)
    USART_SetAddress                         0x08001ee3   Thumb Code    18  stm32f0xx_usart.o(.text)
    USART_MuteModeCmd                        0x08001ef5   Thumb Code    20  stm32f0xx_usart.o(.text)
    USART_MuteModeWakeUpConfig               0x08001f09   Thumb Code    18  stm32f0xx_usart.o(.text)
    USART_AddressDetectionConfig             0x08001f1b   Thumb Code    16  stm32f0xx_usart.o(.text)
    USART_LINBreakDetectLengthConfig         0x08001f2b   Thumb Code    16  stm32f0xx_usart.o(.text)
    USART_LINCmd                             0x08001f3b   Thumb Code    20  stm32f0xx_usart.o(.text)
    USART_HalfDuplexCmd                      0x08001f4f   Thumb Code    18  stm32f0xx_usart.o(.text)
    USART_SetGuardTime                       0x08001f61   Thumb Code    16  stm32f0xx_usart.o(.text)
    USART_SmartCardCmd                       0x08001f71   Thumb Code    18  stm32f0xx_usart.o(.text)
    USART_SmartCardNACKCmd                   0x08001f83   Thumb Code    18  stm32f0xx_usart.o(.text)
    USART_SetAutoRetryCount                  0x08001f95   Thumb Code    20  stm32f0xx_usart.o(.text)
    USART_SetBlockLength                     0x08001fa9   Thumb Code    18  stm32f0xx_usart.o(.text)
    USART_IrDAConfig                         0x08001fbb   Thumb Code    16  stm32f0xx_usart.o(.text)
    USART_IrDACmd                            0x08001fcb   Thumb Code    18  stm32f0xx_usart.o(.text)
    USART_DECmd                              0x08001fdd   Thumb Code    20  stm32f0xx_usart.o(.text)
    USART_DEPolarityConfig                   0x08001ff1   Thumb Code    18  stm32f0xx_usart.o(.text)
    USART_SetDEAssertionTime                 0x08002003   Thumb Code    20  stm32f0xx_usart.o(.text)
    USART_SetDEDeassertionTime               0x08002017   Thumb Code    20  stm32f0xx_usart.o(.text)
    USART_DMACmd                             0x0800202b   Thumb Code    56  stm32f0xx_usart.o(.text)
    USART_DMAReceptionErrorConfig            0x08002063   Thumb Code    18  stm32f0xx_usart.o(.text)
    USART_ITConfig                           0x08002075   Thumb Code    42  stm32f0xx_usart.o(.text)
    USART_RequestCmd                         0x0800209f   Thumb Code    16  stm32f0xx_usart.o(.text)
    USART_OverrunDetectionConfig             0x080020af   Thumb Code    18  stm32f0xx_usart.o(.text)
    USART_GetFlagStatus                      0x080020c1   Thumb Code    14  stm32f0xx_usart.o(.text)
    USART_ClearFlag                          0x080020cf   Thumb Code     4  stm32f0xx_usart.o(.text)
    USART_GetITStatus                        0x080020d3   Thumb Code    56  stm32f0xx_usart.o(.text)
    USART_ClearITPendingBit                  0x0800210b   Thumb Code    10  stm32f0xx_usart.o(.text)
    SMG_data_update                          0x08002115   Thumb Code    36  display.o(.text)
    ButtonMappingDisplay                     0x08002139   Thumb Code    82  display.o(.text)
    takeoffLED                               0x0800218b   Thumb Code    22  display.o(.text)
    GetIntNumber                             0x080021a1   Thumb Code    24  display.o(.text)
    SMG_DisplayModeONE                       0x080021b9   Thumb Code   224  display.o(.text)
    SMG_DisplayModeONE_Detect_AREA_HI        0x08002299   Thumb Code   242  display.o(.text)
    SMG_DisplayModeONE_Detect_AREA_LO        0x0800238b   Thumb Code   240  display.o(.text)
    SMG_DisplayModeTWO                       0x0800247b   Thumb Code    40  display.o(.text)
    SMG_DisplayModeTHIRD                     0x080024a3   Thumb Code   142  display.o(.text)
    SMG_DisplayModeDETECT                    0x08002531   Thumb Code    50  display.o(.text)
    SMG_DisplaSV                             0x08002563   Thumb Code     2  display.o(.text)
    SMG_DisplaCSV                            0x08002565   Thumb Code   154  display.o(.text)
    SMG_DisplayFSV                           0x080025ff   Thumb Code     2  display.o(.text)
    SMG_DisplayMenuTwo_TOFF                  0x08002601   Thumb Code    54  display.o(.text)
    SMG_DisplayMenuTwo_OFFD                  0x08002637   Thumb Code    54  display.o(.text)
    SMG_DisplayMenuTwo_OFFD_SET              0x0800266d   Thumb Code   254  display.o(.text)
    SMG_DisplayMenuTwo_ON_Delay              0x0800276b   Thumb Code    56  display.o(.text)
    SMG_DisplayMenuTwo_ON_Delay_SET          0x080027a3   Thumb Code   256  display.o(.text)
    SMG_DisplayMenuTwo_SHOT                  0x080028a3   Thumb Code    56  display.o(.text)
    SMG_DisplayMenuTwo_SHOT_SET              0x080028db   Thumb Code   272  display.o(.text)
    SMG_DisplayMenuTwo_DEL                   0x080029eb   Thumb Code     2  display.o(.text)
    SMG_DisplayMenuTwo_DEL_SET               0x080029ed   Thumb Code     2  display.o(.text)
    SMG_DisplaySET_Step_1_Mode               0x080029ef   Thumb Code   192  display.o(.text)
    SMG_DisplaySET_Step_2_Mode               0x08002aaf   Thumb Code   194  display.o(.text)
    SMG_DisplayOUT_STATUS                    0x08002b71   Thumb Code    56  display.o(.text)
    END_Display                              0x08002ba9   Thumb Code    46  display.o(.text)
    Dust_Display                             0x08002bd7   Thumb Code    30  display.o(.text)
    ParameterDisplay                         0x08002bf5   Thumb Code    28  display.o(.text)
    SMG_DisplayATT100                        0x08002c11   Thumb Code     2  display.o(.text)
    SMG_DisplayPERCENTAGE                    0x08002c13   Thumb Code     2  display.o(.text)
    SMG_DisplayMenuDSC                       0x08002c15   Thumb Code    42  display.o(.text)
    SMG_Init                                 0x08002c3f   Thumb Code     2  display.o(.text)
    send_seg_RP0                             0x08002c41   Thumb Code   134  display.o(.text)
    send_bit_RP1                             0x08002cc7   Thumb Code   178  display.o(.text)
    SMG_Diplay                               0x08002d79   Thumb Code    64  display.o(.text)
    Button_Init                              0x08002dc5   Thumb Code   184  key.o(.text)
    PressCallback                            0x08002e7d   Thumb Code    64  key.o(.text)
    ReadButtonStatus                         0x08002ebd   Thumb Code    38  key.o(.text)
    Key_Scan                                 0x08002ee3   Thumb Code   342  key.o(.text)
    MenuTwo_OUT1_SHOT                        0x0800303d   Thumb Code     2  menu.o(.text)
    MenuTwo_OUT1_ON_D                        0x0800303f   Thumb Code     2  menu.o(.text)
    MenuTwo_OUT1_OFFD                        0x08003041   Thumb Code   470  menu.o(.text)
    MenuTwo_OUT1_TOFF                        0x08003217   Thumb Code    28  menu.o(.text)
    MenuTwo_OUT1_DelaySET                    0x08003233   Thumb Code   364  menu.o(.text)
    MenuOne_CSV                              0x0800339f   Thumb Code   368  menu.o(.text)
    menu                                     0x0800350f   Thumb Code   308  menu.o(.text)
    MenuOne_ATT100                           0x08003643   Thumb Code     2  menu.o(.text)
    Menu_PERCENTAGE                          0x08003645   Thumb Code     2  menu.o(.text)
    Menu_DSC                                 0x08003647   Thumb Code     2  menu.o(.text)
    MenuOne_FSV                              0x08003649   Thumb Code     2  menu.o(.text)
    MenuTwo_DEL                              0x0800364b   Thumb Code     2  menu.o(.text)
    InitInternalFlash                        0x08003685   Thumb Code    32  flash.o(.text)
    WriteInternalFlash                       0x080036a5   Thumb Code    36  flash.o(.text)
    EraseFlash                               0x080036c9   Thumb Code    82  flash.o(.text)
    WriteFlash                               0x0800371b   Thumb Code    52  flash.o(.text)
    ReadFlash                                0x0800374f   Thumb Code    26  flash.o(.text)
    SelfStudy_End                            0x080037a1   Thumb Code   174  selfstudy.o(.text)
    SelfStudy_SET2                           0x0800384f   Thumb Code    28  selfstudy.o(.text)
    SelfStudy_SET1                           0x0800386b   Thumb Code    28  selfstudy.o(.text)
    selfstudy                                0x08003887   Thumb Code   164  selfstudy.o(.text)
    fputc                                    0x08003979   Thumb Code    30  main.o(.text)
    DelaymsSet                               0x08003997   Thumb Code    10  main.o(.text)
    TIM4_IRQHandler                          0x080039a1   Thumb Code     2  main.o(.text)
    TIM2_IRQHandler                          0x080039a3   Thumb Code   146  main.o(.text)
    TIM1_BRK_UP_TRG_COM_IRQHandler           0x08003a35   Thumb Code    26  main.o(.text)
    TIM3_IRQHandler                          0x08003a4f   Thumb Code    26  main.o(.text)
    bsp_init                                 0x08003a69   Thumb Code    42  main.o(.text)
    ProgramCheck                             0x08003a93   Thumb Code    64  main.o(.text)
    IWDG_Config                              0x08003ad3   Thumb Code    46  main.o(.text)
    Formula_100                              0x08003b01   Thumb Code   126  main.o(.text)
    FlashCheck                               0x08003b7f   Thumb Code    60  main.o(.text)
    main                                     0x08003bbb   Thumb Code    26  main.o(.text)
    Formula_CRC16                            0x08003bd5   Thumb Code    58  main.o(.text)
    GetSum                                   0x08003c59   Thumb Code    24  project.o(.text)
    GetAverage                               0x08003c71   Thumb Code    30  project.o(.text)
    JudgeDX                                  0x08003c8f   Thumb Code     2  project.o(.text)
    JudgeTX                                  0x08003c91   Thumb Code   134  project.o(.text)
    SetOUT2Status                            0x08003d17   Thumb Code    24  project.o(.text)
    SetOUT1Status                            0x08003d2f   Thumb Code   250  project.o(.text)
    DMA1_Channel1_IRQHandler                 0x08003e29   Thumb Code   628  project.o(.text)
    ADCDispalyProcess                        0x0800409d   Thumb Code    32  project.o(.text)
    GetRegisterAState                        0x080040bd   Thumb Code    24  project.o(.text)
    GetTotalADCValue                         0x080040d5   Thumb Code    14  project.o(.text)
    Test_Delay                               0x080040e3   Thumb Code    16  project.o(.text)
    ResetParameter                           0x080040f3   Thumb Code   280  project.o(.text)
    ButtonMapping                            0x0800420b   Thumb Code   298  project.o(.text)
    DisplayModeTHIRD                         0x08004335   Thumb Code    24  project.o(.text)
    DisplayModeONE_STD                       0x0800434d   Thumb Code   456  project.o(.text)
    DisplayModeONE_AREA                      0x08004515   Thumb Code   884  project.o(.text)
    DisplayModeONE                           0x08004889   Thumb Code    48  project.o(.text)
    DisplayMODE                              0x080048b9   Thumb Code   372  project.o(.text)
    GetEEPROM                                0x08004a2d   Thumb Code   116  project.o(.text)
    Main_Function                            0x08004aa1   Thumb Code    48  project.o(.text)
    CheckDust                                0x08004ad1   Thumb Code    20  project.o(.text)
    DisplayModeTWO                           0x08004ae5   Thumb Code   100  project.o(.text)
    DEL_Set                                  0x08004b49   Thumb Code   220  project.o(.text)
    DisplayModeFour                          0x08004c25   Thumb Code     2  project.o(.text)
    SetRegisterA                             0x08004c27   Thumb Code   154  project.o(.text)
    SetOUT3Status                            0x08004cc1   Thumb Code    24  project.o(.text)
    ShortCircuitProtection                   0x08004cd9   Thumb Code     2  project.o(.text)
    RCC_Configuration                        0x08004d35   Thumb Code    76  bsp_init.o(.text)
    SMG_GPIO_INIT                            0x08004d81   Thumb Code   424  bsp_init.o(.text)
    IO_GPIO_INIT                             0x08004f29   Thumb Code    96  bsp_init.o(.text)
    TIM4_init                                0x08004f89   Thumb Code     2  bsp_init.o(.text)
    TIM3_init                                0x08004f8b   Thumb Code    98  bsp_init.o(.text)
    TIM2_PWM_OUT_Init                        0x08004fed   Thumb Code   158  bsp_init.o(.text)
    TIM2_init                                0x0800508b   Thumb Code    92  bsp_init.o(.text)
    TIM1_Init                                0x080050e7   Thumb Code   170  bsp_init.o(.text)
    ADC1_GPIO_Config                         0x08005191   Thumb Code    64  bsp_init.o(.text)
    ADC1_DMA1_Init                           0x080051d1   Thumb Code   116  bsp_init.o(.text)
    ADC1_Init                                0x08005245   Thumb Code   120  bsp_init.o(.text)
    ADC1_Configuration                       0x080052bd   Thumb Code    16  bsp_init.o(.text)
    DAC_GPIO_Init                            0x080052cd   Thumb Code    12  bsp_init.o(.text)
    DAC_OUT_Init                             0x080052d9   Thumb Code     2  bsp_init.o(.text)
    DAC_Configuration                        0x080052db   Thumb Code     2  bsp_init.o(.text)
    __aeabi_uidiv                            0x080052ed   Thumb Code     0  aeabi_sdiv.o(.text)
    __aeabi_uidivmod                         0x080052ed   Thumb Code    20  aeabi_sdiv.o(.text)
    __aeabi_idiv                             0x08005301   Thumb Code     0  aeabi_sdiv.o(.text)
    __aeabi_idivmod                          0x08005301   Thumb Code   326  aeabi_sdiv.o(.text)
    __use_two_region_memory                  0x08005447   Thumb Code     2  heapauxi.o(.text)
    __rt_heap_escrow$2region                 0x08005449   Thumb Code     2  heapauxi.o(.text)
    __rt_heap_expand$2region                 0x0800544b   Thumb Code     2  heapauxi.o(.text)
    __aeabi_dadd                             0x08005745   Thumb Code     0  daddsub.o(.text)
    _dadd                                    0x08005745   Thumb Code    26  daddsub.o(.text)
    __aeabi_dsub                             0x0800575f   Thumb Code     0  daddsub.o(.text)
    _dsub                                    0x0800575f   Thumb Code    22  daddsub.o(.text)
    __aeabi_drsub                            0x08005775   Thumb Code     0  daddsub.o(.text)
    _drsb                                    0x08005775   Thumb Code    28  daddsub.o(.text)
    __aeabi_i2d_normalise                    0x080057a5   Thumb Code    66  dflti.o(.text)
    __aeabi_i2d                              0x080057e7   Thumb Code    16  dflti.o(.text)
    _dflt                                    0x080057e7   Thumb Code     0  dflti.o(.text)
    __aeabi_ui2d                             0x080057f7   Thumb Code     6  dflti.o(.text)
    _dfltu                                   0x080057f7   Thumb Code     0  dflti.o(.text)
    __ARM_scalbn                             0x080057fd   Thumb Code    84  dscalbn.o(.text)
    __aeabi_f2d                              0x0800585d   Thumb Code     0  f2d.o(.text)
    _f2d                                     0x0800585d   Thumb Code    80  f2d.o(.text)
    __aeabi_f2iz                             0x080058b1   Thumb Code     0  ffixi.o(.text)
    _ffix                                    0x080058b1   Thumb Code    76  ffixi.o(.text)
    __aeabi_f2uiz                            0x080058fd   Thumb Code     0  ffixui.o(.text)
    _ffixu                                   0x080058fd   Thumb Code    48  ffixui.o(.text)
    __aeabi_i2f_normalise                    0x0800592d   Thumb Code    72  fflti.o(.text)
    __aeabi_i2f                              0x08005975   Thumb Code    16  fflti.o(.text)
    _fflt                                    0x08005975   Thumb Code     0  fflti.o(.text)
    __aeabi_ui2f                             0x08005985   Thumb Code     6  fflti.o(.text)
    _ffltu                                   0x08005985   Thumb Code     0  fflti.o(.text)
    __fpl_dcmp_InfNaN                        0x0800598d   Thumb Code   140  dcmpin.o(.text)
    __fpl_fcmp_InfNaN                        0x08005a1d   Thumb Code    96  fcmpin.o(.text)
    __fpl_cmpreturn                          0x08005a81   Thumb Code    46  cmpret.o(.text)
    __fpl_dcheck_NaN2                        0x08005ab1   Thumb Code    14  dnan2.o(.text)
    __fpl_fcheck_NaN2                        0x08005ac5   Thumb Code    10  fnan2.o(.text)
    __user_setup_stackheap                   0x08005ad5   Thumb Code    62  sys_stackheap_outer.o(.text)
    exit                                     0x08005b13   Thumb Code    16  exit.o(.text)
    __fpl_return_NaN                         0x08005b23   Thumb Code    94  retnan.o(.text)
    __user_libspace                          0x08005b81   Thumb Code     8  libspace.o(.text)
    __user_perproc_libspace                  0x08005b81   Thumb Code     0  libspace.o(.text)
    __user_perthread_libspace                0x08005b81   Thumb Code     0  libspace.o(.text)
    _sys_exit                                0x08005b89   Thumb Code     8  sys_exit.o(.text)
    __I$use$semihosting                      0x08005b95   Thumb Code     0  use_no_semi.o(.text)
    __use_no_semihosting_swi                 0x08005b95   Thumb Code     2  use_no_semi.o(.text)
    __semihosting_library_function           0x08005b97   Thumb Code     0  indicate_semi.o(.text)
    __aeabi_cdcmple                          0x08005b99   Thumb Code     0  dlef.o(x$fpl$dleqf)
    _dcmple                                  0x08005b99   Thumb Code    94  dlef.o(x$fpl$dleqf)
    __aeabi_cdrcmple                         0x08005bfd   Thumb Code     0  drlef.o(x$fpl$drleqf)
    _drcmple                                 0x08005bfd   Thumb Code   100  drlef.o(x$fpl$drleqf)
    __aeabi_fadd                             0x08005c65   Thumb Code     0  faddsub.o(x$fpl$fadd)
    _fadd                                    0x08005c65   Thumb Code   134  faddsub.o(x$fpl$fadd)
    __aeabi_cfcmple                          0x08005cf1   Thumb Code     0  flef.o(x$fpl$fleqf)
    _fcmple                                  0x08005cf1   Thumb Code    78  flef.o(x$fpl$fleqf)
    __aeabi_cfrcmple                         0x08005d45   Thumb Code     0  frlef.o(x$fpl$frleqf)
    _frcmple                                 0x08005d45   Thumb Code    84  frlef.o(x$fpl$frleqf)
    __aeabi_frsub                            0x08005d9d   Thumb Code     0  faddsub.o(x$fpl$frsb)
    _frsb                                    0x08005d9d   Thumb Code    24  faddsub.o(x$fpl$frsb)
    __aeabi_fsub                             0x08005db5   Thumb Code     0  faddsub.o(x$fpl$fsub)
    _fsub                                    0x08005db5   Thumb Code   204  faddsub.o(x$fpl$fsub)
    __I$use$fp                               0x08005e84   Number         0  usenofp.o(x$fpl$usenofp)
    data_SMG_bit_table                       0x08005e84   Data          18  display.o(.constdata)
    data_SMG_seg_table                       0x08005e96   Data          80  display.o(.constdata)
    Region$$Table$$Base                      0x08005ee8   Number         0  anon$$obj.o(Region$$Table)
    Region$$Table$$Limit                     0x08005f08   Number         0  anon$$obj.o(Region$$Table)
    SystemCoreClock                          0x20000000   Data           4  system_stm32f0xx.o(.data)
    AHBPrescTable                            0x20000004   Data          16  system_stm32f0xx.o(.data)
    SMG_BIT                                  0x20000024   Data           1  display.o(.data)
    SMG_Data                                 0x20000030   Data           8  display.o(.data)
    DispalyNo                                0x20000038   Data           1  menu.o(.data)
    CSV                                      0x20000040   Data           4  menu.o(.data)
    OUT1_Mode                                0x20000044   Data           8  menu.o(.data)
    ATT100                                   0x2000004c   Data           2  menu.o(.data)
    PERCENTAGE                               0x2000004e   Data           1  menu.o(.data)
    DSC                                      0x2000004f   Data           1  menu.o(.data)
    tempflashdata                            0x20000050   Data           4  flash.o(.data)
    SelftStudyflag                           0x20000054   Data           1  selfstudy.o(.data)
    selfDisplayEndFlay                       0x20000055   Data           1  selfstudy.o(.data)
    NewThreshold                             0x20000058   Data           4  selfstudy.o(.data)
    S1_MaxValue                              0x2000005c   Data           4  selfstudy.o(.data)
    S2_MaxValue                              0x20000060   Data           4  selfstudy.o(.data)
    CheckFLag                                0x20000064   Data           1  main.o(.data)
    Fml_CRC16                                0x20000066   Data           2  main.o(.data)
    ProgramCounter                           0x20000068   Data           4  main.o(.data)
    UID                                      0x2000006c   Data           4  main.o(.data)
    C                                        0x20000070   Data           4  main.o(.data)
    timenum                                  0x20000074   Data           4  main.o(.data)
    FormulaResult                            0x20000078   Data           4  main.o(.data)
    FormulaCheck                             0x2000007c   Data           4  main.o(.data)
    UIDFlashResult                           0x20000080   Data           4  main.o(.data)
    Fml_Constant                             0x20000084   Data           4  main.o(.data)
    timeflag                                 0x20000088   Data           1  project.o(.data)
    LastOUT1                                 0x20000089   Data           1  project.o(.data)
    RegisterA                                0x2000008a   Data           1  project.o(.data)
    RegisterB                                0x2000008b   Data           1  project.o(.data)
    RegisterC                                0x2000008c   Data           1  project.o(.data)
    OUT1                                     0x2000008d   Data           1  project.o(.data)
    OUT2                                     0x2000008e   Data           1  project.o(.data)
    OUT3                                     0x2000008f   Data           1  project.o(.data)
    KEY                                      0x20000090   Data           1  project.o(.data)
    KeyMappingFlag                           0x20000091   Data           1  project.o(.data)
    ShortCircuit                             0x20000092   Data           1  project.o(.data)
    displayModeONE_FLAG                      0x20000093   Data           1  project.o(.data)
    DisplayModeNo                            0x20000094   Data           1  project.o(.data)
    FX_Flag                                  0x20000095   Data           1  project.o(.data)
    sample_finish                            0x20000096   Data           1  project.o(.data)
    StartFlag                                0x20000097   Data           1  project.o(.data)
    SHOTflag                                 0x20000098   Data           1  project.o(.data)
    CPV_Status                               0x20000099   Data           1  project.o(.data)
    LastDSC                                  0x2000009e   Data           1  project.o(.data)
    DEL                                      0x200000a0   Data           2  project.o(.data)
    HI                                       0x200000a2   Data           2  project.o(.data)
    LO                                       0x200000a4   Data           2  project.o(.data)
    OUT2_TimerCounter                        0x200000a6   Data           2  project.o(.data)
    OUT3_TimerCounter                        0x200000a8   Data           2  project.o(.data)
    Threshold                                0x200000aa   Data           2  project.o(.data)
    DX                                       0x200000ac   Data           2  project.o(.data)
    DX_Index                                 0x200000ae   Data           2  project.o(.data)
    Min_DX                                   0x200000b0   Data           2  project.o(.data)
    Max_DX                                   0x200000b2   Data           2  project.o(.data)
    FX                                       0x200000b4   Data           2  project.o(.data)
    DMA_ADC_Counter                          0x200000b6   Data           2  project.o(.data)
    DealyBaseTime                            0x200000c0   Data           4  project.o(.data)
    ADC_Display                              0x200000c4   Data           4  project.o(.data)
    DACOUT1                                  0x200000c8   Data           4  project.o(.data)
    CPV                                      0x200000cc   Data           4  project.o(.data)
    SA                                       0x200000d0   Data           4  project.o(.data)
    SA_Sum                                   0x200000d4   Data           4  project.o(.data)
    Final_1                                  0x200000d8   Data           4  project.o(.data)
    Final                                    0x200000dc   Data           4  project.o(.data)
    TX_Index                                 0x200000e0   Data           4  project.o(.data)
    TX                                       0x200000e4   Data           4  project.o(.data)
    TX_Sum                                   0x200000e8   Data           4  project.o(.data)
    SET_VREF                                 0x200000ec   Data           4  project.o(.data)
    DMA_Counter                              0x200000f0   Data           4  project.o(.data)
    tempPress                                0x200000f4   Data           4  project.o(.data)
    TX_Temp                                  0x200000f8   Data          16  project.o(.data)
    EventFlag                                0x20000108   Data           1  project.o(.data)
    DX_Flag                                  0x20000109   Data           1  project.o(.data)
    adc_dma_tab                              0x2000010a   Data           2  bsp_init.o(.data)
    SMG_data_Decode_table                    0x2000010c   Data           9  display.o(.bss)
    SetButton                                0x20000118   Data          32  key.o(.bss)
    ModeButton                               0x20000138   Data          32  key.o(.bss)
    UpButton                                 0x20000158   Data          32  key.o(.bss)
    DownButton                               0x20000178   Data          32  key.o(.bss)
    SysClock                                 0x20000198   Data          40  main.o(.bss)
    D                                        0x200001c0   Data          12  main.o(.bss)
    __libspace_start                         0x200001cc   Data          96  libspace.o(.bss)
    __temporary_stack_top$libspace           0x2000022c   Data           0  libspace.o(.bss)



==============================================================================

Memory Map of the image

  Image Entry point : 0x080000c1

  Load Region LR_IROM1 (Base: 0x08000000, Size: 0x00006014, Max: 0x00008000, ABSOLUTE)

    Execution Region ER_IROM1 (Base: 0x08000000, Size: 0x00005f08, Max: 0x00008000, ABSOLUTE)

    Base Addr    Size         Type   Attr      Idx    E Section Name        Object

    0x08000000   0x000000c0   Data   RO            3    RESET               startup_stm32f0xx.o
    0x080000c0   0x00000008   Code   RO          640  * !!!main             c_p.l(__main.o)
    0x080000c8   0x0000003c   Code   RO          850    !!!scatter          c_p.l(__scatter.o)
    0x08000104   0x0000001a   Code   RO          852    !!handler_copy      c_p.l(__scatter_copy.o)
    0x0800011e   0x00000002   PAD
    0x08000120   0x0000001c   Code   RO          854    !!handler_zi        c_p.l(__scatter_zi.o)
    0x0800013c   0x00000002   Code   RO          717    .ARM.Collect$$libinit$$00000000  c_p.l(libinit.o)
    0x0800013e   0x00000000   Code   RO          733    .ARM.Collect$$libinit$$00000002  c_p.l(libinit2.o)
    0x0800013e   0x00000000   Code   RO          735    .ARM.Collect$$libinit$$00000004  c_p.l(libinit2.o)
    0x0800013e   0x00000000   Code   RO          738    .ARM.Collect$$libinit$$0000000A  c_p.l(libinit2.o)
    0x0800013e   0x00000000   Code   RO          740    .ARM.Collect$$libinit$$0000000C  c_p.l(libinit2.o)
    0x0800013e   0x00000000   Code   RO          742    .ARM.Collect$$libinit$$0000000E  c_p.l(libinit2.o)
    0x0800013e   0x00000000   Code   RO          745    .ARM.Collect$$libinit$$00000011  c_p.l(libinit2.o)
    0x0800013e   0x00000000   Code   RO          747    .ARM.Collect$$libinit$$00000013  c_p.l(libinit2.o)
    0x0800013e   0x00000000   Code   RO          749    .ARM.Collect$$libinit$$00000015  c_p.l(libinit2.o)
    0x0800013e   0x00000000   Code   RO          751    .ARM.Collect$$libinit$$00000017  c_p.l(libinit2.o)
    0x0800013e   0x00000000   Code   RO          753    .ARM.Collect$$libinit$$00000019  c_p.l(libinit2.o)
    0x0800013e   0x00000000   Code   RO          755    .ARM.Collect$$libinit$$0000001B  c_p.l(libinit2.o)
    0x0800013e   0x00000000   Code   RO          757    .ARM.Collect$$libinit$$0000001D  c_p.l(libinit2.o)
    0x0800013e   0x00000000   Code   RO          759    .ARM.Collect$$libinit$$0000001F  c_p.l(libinit2.o)
    0x0800013e   0x00000000   Code   RO          761    .ARM.Collect$$libinit$$00000021  c_p.l(libinit2.o)
    0x0800013e   0x00000000   Code   RO          763    .ARM.Collect$$libinit$$00000023  c_p.l(libinit2.o)
    0x0800013e   0x00000000   Code   RO          765    .ARM.Collect$$libinit$$00000025  c_p.l(libinit2.o)
    0x0800013e   0x00000000   Code   RO          769    .ARM.Collect$$libinit$$0000002C  c_p.l(libinit2.o)
    0x0800013e   0x00000000   Code   RO          771    .ARM.Collect$$libinit$$0000002E  c_p.l(libinit2.o)
    0x0800013e   0x00000000   Code   RO          773    .ARM.Collect$$libinit$$00000030  c_p.l(libinit2.o)
    0x0800013e   0x00000000   Code   RO          775    .ARM.Collect$$libinit$$00000032  c_p.l(libinit2.o)
    0x0800013e   0x00000002   Code   RO          776    .ARM.Collect$$libinit$$00000033  c_p.l(libinit2.o)
    0x08000140   0x00000002   Code   RO          807    .ARM.Collect$$libshutdown$$00000000  c_p.l(libshutdown.o)
    0x08000142   0x00000000   Code   RO          833    .ARM.Collect$$libshutdown$$00000002  c_p.l(libshutdown2.o)
    0x08000142   0x00000000   Code   RO          835    .ARM.Collect$$libshutdown$$00000004  c_p.l(libshutdown2.o)
    0x08000142   0x00000000   Code   RO          838    .ARM.Collect$$libshutdown$$00000007  c_p.l(libshutdown2.o)
    0x08000142   0x00000000   Code   RO          841    .ARM.Collect$$libshutdown$$0000000A  c_p.l(libshutdown2.o)
    0x08000142   0x00000000   Code   RO          843    .ARM.Collect$$libshutdown$$0000000C  c_p.l(libshutdown2.o)
    0x08000142   0x00000000   Code   RO          846    .ARM.Collect$$libshutdown$$0000000F  c_p.l(libshutdown2.o)
    0x08000142   0x00000002   Code   RO          847    .ARM.Collect$$libshutdown$$00000010  c_p.l(libshutdown2.o)
    0x08000144   0x00000000   Code   RO          670    .ARM.Collect$$rtentry$$00000000  c_p.l(__rtentry.o)
    0x08000144   0x00000000   Code   RO          681    .ARM.Collect$$rtentry$$00000002  c_p.l(__rtentry2.o)
    0x08000144   0x00000006   Code   RO          693    .ARM.Collect$$rtentry$$00000004  c_p.l(__rtentry4.o)
    0x0800014a   0x00000000   Code   RO          683    .ARM.Collect$$rtentry$$00000009  c_p.l(__rtentry2.o)
    0x0800014a   0x00000004   Code   RO          684    .ARM.Collect$$rtentry$$0000000A  c_p.l(__rtentry2.o)
    0x0800014e   0x00000000   Code   RO          686    .ARM.Collect$$rtentry$$0000000C  c_p.l(__rtentry2.o)
    0x0800014e   0x00000008   Code   RO          687    .ARM.Collect$$rtentry$$0000000D  c_p.l(__rtentry2.o)
    0x08000156   0x00000002   Code   RO          724    .ARM.Collect$$rtexit$$00000000  c_p.l(rtexit.o)
    0x08000158   0x00000000   Code   RO          780    .ARM.Collect$$rtexit$$00000002  c_p.l(rtexit2.o)
    0x08000158   0x00000004   Code   RO          781    .ARM.Collect$$rtexit$$00000003  c_p.l(rtexit2.o)
    0x0800015c   0x00000006   Code   RO          782    .ARM.Collect$$rtexit$$00000004  c_p.l(rtexit2.o)
    0x08000162   0x00000002   PAD
    0x08000164   0x00000074   Code   RO            4    .text               startup_stm32f0xx.o
    0x080001d8   0x00000158   Code   RO           12    .text               system_stm32f0xx.o
    0x08000330   0x00000228   Code   RO          126    .text               stm32f0xx_adc.o
    0x08000558   0x000001bc   Code   RO          150    .text               stm32f0xx_dma.o
    0x08000714   0x000004ec   Code   RO          170    .text               stm32f0xx_flash.o
    0x08000c00   0x0000016c   Code   RO          191    .text               stm32f0xx_gpio.o
    0x08000d6c   0x00000044   Code   RO          211    .text               stm32f0xx_iwdg.o
    0x08000db0   0x0000007c   Code   RO          231    .text               stm32f0xx_misc.o
    0x08000e2c   0x000004ec   Code   RO          251    .text               stm32f0xx_rcc.o
    0x08001318   0x0000093c   Code   RO          293    .text               stm32f0xx_tim.o
    0x08001c54   0x000004c0   Code   RO          314    .text               stm32f0xx_usart.o
    0x08002114   0x00000cb0   Code   RO          334    .text               display.o
    0x08002dc4   0x00000278   Code   RO          375    .text               key.o
    0x0800303c   0x00000648   Code   RO          404    .text               menu.o
    0x08003684   0x0000011c   Code   RO          450    .text               flash.o
    0x080037a0   0x000001d8   Code   RO          474    .text               selfstudy.o
    0x08003978   0x000002e0   Code   RO          515    .text               main.o
    0x08003c58   0x000010dc   Code   RO          554    .text               project.o
    0x08004d34   0x000005b8   Code   RO          606    .text               bsp_init.o
    0x080052ec   0x0000015a   Code   RO          634    .text               c_p.l(aeabi_sdiv.o)
    0x08005446   0x00000006   Code   RO          638    .text               c_p.l(heapauxi.o)
    0x0800544c   0x00000358   Code   RO          642    .text               fz_ps.l(daddsub.o)
    0x080057a4   0x00000058   Code   RO          644    .text               fz_ps.l(dflti.o)
    0x080057fc   0x00000060   Code   RO          650    .text               fz_ps.l(dscalbn.o)
    0x0800585c   0x00000054   Code   RO          652    .text               fz_ps.l(f2d.o)
    0x080058b0   0x0000004c   Code   RO          660    .text               fz_ps.l(ffixi.o)
    0x080058fc   0x00000030   Code   RO          662    .text               fz_ps.l(ffixui.o)
    0x0800592c   0x0000005e   Code   RO          664    .text               fz_ps.l(fflti.o)
    0x0800598a   0x00000002   PAD
    0x0800598c   0x00000090   Code   RO          675    .text               fz_ps.l(dcmpin.o)
    0x08005a1c   0x00000064   Code   RO          677    .text               fz_ps.l(fcmpin.o)
    0x08005a80   0x0000002e   Code   RO          697    .text               fz_ps.l(cmpret.o)
    0x08005aae   0x00000002   PAD
    0x08005ab0   0x00000014   Code   RO          699    .text               fz_ps.l(dnan2.o)
    0x08005ac4   0x00000010   Code   RO          701    .text               fz_ps.l(fnan2.o)
    0x08005ad4   0x0000003e   Code   RO          703    .text               c_p.l(sys_stackheap_outer.o)
    0x08005b12   0x00000010   Code   RO          706    .text               c_p.l(exit.o)
    0x08005b22   0x0000005e   Code   RO          718    .text               fz_ps.l(retnan.o)
    0x08005b80   0x00000008   Code   RO          720    .text               c_p.l(libspace.o)
    0x08005b88   0x0000000c   Code   RO          777    .text               c_p.l(sys_exit.o)
    0x08005b94   0x00000002   Code   RO          796    .text               c_p.l(use_no_semi.o)
    0x08005b96   0x00000000   Code   RO          798    .text               c_p.l(indicate_semi.o)
    0x08005b96   0x00000002   PAD
    0x08005b98   0x00000064   Code   RO          646    x$fpl$dleqf         fz_ps.l(dlef.o)
    0x08005bfc   0x00000068   Code   RO          648    x$fpl$drleqf        fz_ps.l(drlef.o)
    0x08005c64   0x0000008c   Code   RO          654    x$fpl$fadd          fz_ps.l(faddsub.o)
    0x08005cf0   0x00000054   Code   RO          666    x$fpl$fleqf         fz_ps.l(flef.o)
    0x08005d44   0x00000058   Code   RO          668    x$fpl$frleqf        fz_ps.l(frlef.o)
    0x08005d9c   0x00000018   Code   RO          655    x$fpl$frsb          fz_ps.l(faddsub.o)
    0x08005db4   0x000000d0   Code   RO          656    x$fpl$fsub          fz_ps.l(faddsub.o)
    0x08005e84   0x00000000   Code   RO          679    x$fpl$usenofp       fz_ps.l(usenofp.o)
    0x08005e84   0x00000062   Data   RO          336    .constdata          display.o
    0x08005ee6   0x00000002   PAD
    0x08005ee8   0x00000020   Data   RO          848    Region$$Table       anon$$obj.o


    Execution Region RW_IRAM1 (Base: 0x20000000, Size: 0x00000830, Max: 0x00001000, ABSOLUTE)

    Base Addr    Size         Type   Attr      Idx    E Section Name        Object

    0x20000000   0x00000014   Data   RW           13    .data               system_stm32f0xx.o
    0x20000014   0x00000010   Data   RW          252    .data               stm32f0xx_rcc.o
    0x20000024   0x00000014   Data   RW          337    .data               display.o
    0x20000038   0x00000014   Data   RW          405    .data               menu.o
    0x2000004c   0x00000002   Data   RW          408    .data               menu.o
    0x2000004e   0x00000001   Data   RW          409    .data               menu.o
    0x2000004f   0x00000001   Data   RW          410    .data               menu.o
    0x20000050   0x00000004   Data   RW          451    .data               flash.o
    0x20000054   0x00000010   Data   RW          475    .data               selfstudy.o
    0x20000064   0x00000020   Data   RW          517    .data               main.o
    0x20000084   0x00000004   Data   RW          519    .data               main.o
    0x20000088   0x00000080   Data   RW          557    .data               project.o
    0x20000108   0x00000001   Data   RW          563    .data               project.o
    0x20000109   0x00000001   Data   RW          572    .data               project.o
    0x2000010a   0x00000002   Data   RW          607    .data               bsp_init.o
    0x2000010c   0x00000009   Zero   RW          335    .bss                display.o
    0x20000115   0x00000003   PAD
    0x20000118   0x00000080   Zero   RW          376    .bss                key.o
    0x20000198   0x00000034   Zero   RW          516    .bss                main.o
    0x200001cc   0x00000060   Zero   RW          721    .bss                c_p.l(libspace.o)
    0x2000022c   0x00000004   PAD
    0x20000230   0x00000200   Zero   RW            2    HEAP                startup_stm32f0xx.o
    0x20000430   0x00000400   Zero   RW            1    STACK               startup_stm32f0xx.o


==============================================================================

Image component sizes


      Code (inc. data)   RO Data    RW Data    ZI Data      Debug   Object Name

      1464         34          0          2          0       4107   bsp_init.o
      3248         86         98         20          9      16854   display.o
       284         56          0          4          0       2169   flash.o
       632          4          0          0        128       3153   key.o
       736         74          0         36         52       5609   main.o
      1608         92          0         24          0       4707   menu.o
      4316        248          0        130          0      13766   project.o
       472         78          0         16          0       3112   selfstudy.o
       116         56        192          0       1536        752   startup_stm32f0xx.o
       552         12          0          0          0       7363   stm32f0xx_adc.o
       444         16          0          0          0       4818   stm32f0xx_dma.o
      1260         26          0          0          0       8847   stm32f0xx_flash.o
       364         26          0          0          0       3901   stm32f0xx_gpio.o
        68         12          0          0          0       1477   stm32f0xx_iwdg.o
       124         16          0          0          0       1428   stm32f0xx_misc.o
      1260         46          0         16          0       9464   stm32f0xx_rcc.o
      2364        120          0          0          0      22631   stm32f0xx_tim.o
      1216         40          0          0          0      12502   stm32f0xx_usart.o
       344         28          0         20          0     252543   system_stm32f0xx.o

    ----------------------------------------------------------------------
     20872       1070        324        268       1728     379203   Object Totals
         0          0         32          0          0          0   (incl. Generated)
         0          0          2          0          3          0   (incl. Padding)

    ----------------------------------------------------------------------

      Code (inc. data)   RO Data    RW Data    ZI Data      Debug   Library Member Name

         8          0          0          0          0         68   __main.o
         0          0          0          0          0          0   __rtentry.o
        12          0          0          0          0          0   __rtentry2.o
         6          0          0          0          0          0   __rtentry4.o
        60          8          0          0          0          0   __scatter.o
        26          0          0          0          0          0   __scatter_copy.o
        28          0          0          0          0          0   __scatter_zi.o
       346          0          0          0          0         92   aeabi_sdiv.o
        16          0          0          0          0         68   exit.o
         6          0          0          0          0        136   heapauxi.o
         0          0          0          0          0          0   indicate_semi.o
         2          0          0          0          0          0   libinit.o
         2          0          0          0          0          0   libinit2.o
         2          0          0          0          0          0   libshutdown.o
         2          0          0          0          0          0   libshutdown2.o
         8          4          0          0         96         68   libspace.o
         2          0          0          0          0          0   rtexit.o
        10          0          0          0          0          0   rtexit2.o
        12          4          0          0          0         60   sys_exit.o
        62          0          0          0          0         80   sys_stackheap_outer.o
         2          0          0          0          0         68   use_no_semi.o
        46          0          0          0          0         60   cmpret.o
       856         20          0          0          0        208   daddsub.o
       144          4          0          0          0         76   dcmpin.o
        88          0          0          0          0         92   dflti.o
       100          4          0          0          0         92   dlef.o
        20          6          0          0          0         68   dnan2.o
       104          4          0          0          0        104   drlef.o
        96         12          0          0          0         72   dscalbn.o
        84          4          0          0          0         60   f2d.o
       372          8          0          0          0        240   faddsub.o
       100          4          0          0          0         68   fcmpin.o
        76          0          0          0          0         68   ffixi.o
        48          0          0          0          0         60   ffixui.o
        94          0          0          0          0         92   fflti.o
        84          4          0          0          0         76   flef.o
        16          6          0          0          0         68   fnan2.o
        88          4          0          0          0         76   frlef.o
        94          0          0          0          0         68   retnan.o
         0          0          0          0          0          0   usenofp.o

    ----------------------------------------------------------------------
      3132         96          0          0        100       2288   Library Totals
        10          0          0          0          4          0   (incl. Padding)

    ----------------------------------------------------------------------

      Code (inc. data)   RO Data    RW Data    ZI Data      Debug   Library Name

       612         16          0          0         96        640   c_p.l
      2510         80          0          0          0       1648   fz_ps.l

    ----------------------------------------------------------------------
      3132         96          0          0        100       2288   Library Totals

    ----------------------------------------------------------------------

==============================================================================


      Code (inc. data)   RO Data    RW Data    ZI Data      Debug   

     24004       1166        324        268       1828     377859   Grand Totals
     24004       1166        324        268       1828     377859   ELF Image Totals
     24004       1166        324        268          0          0   ROM Totals

==============================================================================

    Total RO  Size (Code + RO Data)                24328 (  23.76kB)
    Total RW  Size (RW Data + ZI Data)              2096 (   2.05kB)
    Total ROM Size (Code + RO Data + RW Data)      24596 (  24.02kB)

==============================================================================

