Component: ARM Compiler 5.05 update 1 (build 106) Tool: armlink [4d0efa]

==============================================================================

Section Cross References

    startup_stm32f0xx.o(STACK) refers (Special) to heapauxi.o(.text) for __use_two_region_memory
    startup_stm32f0xx.o(HEAP) refers (Special) to heapauxi.o(.text) for __use_two_region_memory
    startup_stm32f0xx.o(RESET) refers (Special) to heapauxi.o(.text) for __use_two_region_memory
    startup_stm32f0xx.o(RESET) refers to startup_stm32f0xx.o(STACK) for __initial_sp
    startup_stm32f0xx.o(RESET) refers to startup_stm32f0xx.o(.text) for Reset_Handler
    startup_stm32f0xx.o(RESET) refers to project.o(.text) for DMA1_Channel1_IRQHandler
    startup_stm32f0xx.o(RESET) refers to main.o(.text) for TIM1_BRK_UP_TRG_COM_IRQHandler
    startup_stm32f0xx.o(.text) refers (Special) to heapauxi.o(.text) for __use_two_region_memory
    startup_stm32f0xx.o(.text) refers to startup_stm32f0xx.o(STACK) for __initial_sp
    startup_stm32f0xx.o(.text) refers to system_stm32f0xx.o(.text) for SystemInit
    startup_stm32f0xx.o(.text) refers to __main.o(!!!main) for __main
    startup_stm32f0xx.o(.text) refers to startup_stm32f0xx.o(HEAP) for Heap_Mem
    system_stm32f0xx.o(.text) refers to aeabi_sdiv.o(.text) for __aeabi_uidivmod
    system_stm32f0xx.o(.text) refers to system_stm32f0xx.o(.data) for .data
    stm32f0xx_adc.o(.text) refers to stm32f0xx_rcc.o(.text) for RCC_APB2PeriphResetCmd
    stm32f0xx_gpio.o(.text) refers to stm32f0xx_rcc.o(.text) for RCC_AHBPeriphResetCmd
    stm32f0xx_rcc.o(.text) refers to aeabi_sdiv.o(.text) for __aeabi_uidivmod
    stm32f0xx_rcc.o(.text) refers to stm32f0xx_rcc.o(.data) for .data
    stm32f0xx_tim.o(.text) refers to stm32f0xx_rcc.o(.text) for RCC_APB1PeriphResetCmd
    display.o(.text) refers to aeabi_sdiv.o(.text) for __aeabi_uidivmod
    display.o(.text) refers to display.o(.bss) for .bss
    display.o(.text) refers to key.o(.data) for KEY
    display.o(.text) refers to display.o(.constdata) for .constdata
    display.o(.text) refers to display.o(.data) for .data
    display.o(.text) refers to stm32f0xx_gpio.o(.text) for GPIO_ReadInputDataBit
    key.o(.text) refers to stm32f0xx_rcc.o(.text) for RCC_AHBPeriphClockCmd
    key.o(.text) refers to stm32f0xx_gpio.o(.text) for GPIO_Init
    key.o(.text) refers to key.o(.bss) for .bss
    menu.o(.text) refers to display.o(.text) for SMG_DisplayMenuTwo_OFFD
    menu.o(.text) refers to aeabi_sdiv.o(.text) for __aeabi_uidivmod
    menu.o(.text) refers to flash.o(.text) for WriteFlash
    menu.o(.text) refers to menu.o(.data) for .data
    menu.o(.text) refers to key.o(.bss) for UpButton
    flash.o(.text) refers to stm32f0xx_flash.o(.text) for FLASH_Unlock
    flash.o(.text) refers to flash.o(.data) for .data
    selfstudy.o(.text) refers to ffixi.o(.text) for __aeabi_f2iz
    selfstudy.o(.text) refers to flash.o(.text) for WriteFlash
    selfstudy.o(.text) refers to stm32f0xx_gpio.o(.text) for GPIO_ReadInputDataBit
    selfstudy.o(.text) refers to ffixui.o(.text) for __aeabi_f2uiz
    selfstudy.o(.text) refers to display.o(.text) for SMG_DisplaySET_Step_1_Mode
    selfstudy.o(.text) refers to project.o(.data) for Final_1
    selfstudy.o(.text) refers to menu.o(.data) for displayModeONE_FLAG
    selfstudy.o(.text) refers to selfstudy.o(.data) for .data
    selfstudy.o(.text) refers to key.o(.bss) for ModeButton
    uid.o(.text) refers to flash.o(.text) for ReadFlash
    uid.o(.text) refers to project.o(.text) for ResetParameter
    uid.o(.text) refers to uid.o(.data) for .data
    uid.o(.text) refers to uid.o(.bss) for .bss
    uid.o(.data) refers to uid.o(.data) for Fml_Constant
    main.o(.text) refers to stm32f0xx_tim.o(.text) for TIM_GetITStatus
    main.o(.text) refers to display.o(.text) for SMG_Diplay
    main.o(.text) refers to aeabi_sdiv.o(.text) for __aeabi_uidivmod
    main.o(.text) refers to key.o(.text) for Key_Scan
    main.o(.text) refers to project.o(.text) for GetTotalADCValue
    main.o(.text) refers to main.o(.data) for .data
    main.o(.text) refers to menu.o(.data) for OUT1_Mode
    main.o(.text) refers to project.o(.data) for OUT2
    project.o(.text) refers to aeabi_sdiv.o(.text) for __aeabi_uidivmod
    project.o(.text) refers to fflti.o(.text) for __aeabi_i2f
    project.o(.text) refers to frlef.o(x$fpl$frleqf) for __aeabi_cfrcmple
    project.o(.text) refers to ffixi.o(.text) for __aeabi_f2iz
    project.o(.text) refers to stm32f0xx_gpio.o(.text) for GPIO_WriteBit
    project.o(.text) refers to stm32f0xx_dma.o(.text) for DMA_GetITStatus
    project.o(.text) refers to faddsub.o(x$fpl$frsb) for __aeabi_frsub
    project.o(.text) refers to flef.o(x$fpl$fleqf) for __aeabi_cfcmple
    project.o(.text) refers to dflti.o(.text) for __aeabi_i2d
    project.o(.text) refers to dscalbn.o(.text) for __ARM_scalbn
    project.o(.text) refers to daddsub.o(.text) for __aeabi_dsub
    project.o(.text) refers to f2d.o(.text) for __aeabi_f2d
[...]
    ../fplib/drleqf6m.s                      0x00000000   Number         0  drlef.o ABSOLUTE
    ../fplib/faddsub6m.s                     0x00000000   Number         0  faddsub.o ABSOLUTE
    ../fplib/fleqf6m.s                       0x00000000   Number         0  flef.o ABSOLUTE
    ../fplib/frleqf6m.s                      0x00000000   Number         0  frlef.o ABSOLUTE
    ../fplib/usenofp.s                       0x00000000   Number         0  usenofp.o ABSOLUTE
    ..\Libraries\CMSIS\Device\ST\STM32F0xx\Source\Templates\arm\startup_stm32f0xx.s 0x00000000   Number         0  startup_stm32f0xx.o ABSOLUTE
    ..\Libraries\CMSIS\Device\ST\STM32F0xx\Source\Templates\system_stm32f0xx.c 0x00000000   Number         0  system_stm32f0xx.o ABSOLUTE
    ..\Libraries\STM32F0xx_StdPeriph_Driver\src\stm32f0xx_adc.c 0x00000000   Number         0  stm32f0xx_adc.o ABSOLUTE
    ..\Libraries\STM32F0xx_StdPeriph_Driver\src\stm32f0xx_dma.c 0x00000000   Number         0  stm32f0xx_dma.o ABSOLUTE
    ..\Libraries\STM32F0xx_StdPeriph_Driver\src\stm32f0xx_flash.c 0x00000000   Number         0  stm32f0xx_flash.o ABSOLUTE
    ..\Libraries\STM32F0xx_StdPeriph_Driver\src\stm32f0xx_gpio.c 0x00000000   Number         0  stm32f0xx_gpio.o ABSOLUTE
    ..\Libraries\STM32F0xx_StdPeriph_Driver\src\stm32f0xx_iwdg.c 0x00000000   Number         0  stm32f0xx_iwdg.o ABSOLUTE
    ..\Libraries\STM32F0xx_StdPeriph_Driver\src\stm32f0xx_misc.c 0x00000000   Number         0  stm32f0xx_misc.o ABSOLUTE
    ..\Libraries\STM32F0xx_StdPeriph_Driver\src\stm32f0xx_rcc.c 0x00000000   Number         0  stm32f0xx_rcc.o ABSOLUTE
    ..\Libraries\STM32F0xx_StdPeriph_Driver\src\stm32f0xx_tim.c 0x00000000   Number         0  stm32f0xx_tim.o ABSOLUTE
    ..\Peripherals\src\SelfStudy.c           0x00000000   Number         0  selfstudy.o ABSOLUTE
    ..\Peripherals\src\arch.c                0x00000000   Number         0  arch.o ABSOLUTE
    ..\Peripherals\src\display.c             0x00000000   Number         0  display.o ABSOLUTE
    ..\Peripherals\src\flash.c               0x00000000   Number         0  flash.o ABSOLUTE
    ..\Peripherals\src\key.c                 0x00000000   Number         0  key.o ABSOLUTE
    ..\Peripherals\src\menu.c                0x00000000   Number         0  menu.o ABSOLUTE
    ..\Peripherals\src\project.c             0x00000000   Number         0  project.o ABSOLUTE
    ..\Peripherals\src\uid.c                 0x00000000   Number         0  uid.o ABSOLUTE
    ..\\Libraries\\CMSIS\\Device\\ST\\STM32F0xx\\Source\\Templates\\system_stm32f0xx.c 0x00000000   Number         0  system_stm32f0xx.o ABSOLUTE
    ..\\Libraries\\STM32F0xx_StdPeriph_Driver\\src\\stm32f0xx_adc.c 0x00000000   Number         0  stm32f0xx_adc.o ABSOLUTE
    ..\\Libraries\\STM32F0xx_StdPeriph_Driver\\src\\stm32f0xx_dma.c 0x00000000   Number         0  stm32f0xx_dma.o ABSOLUTE
    ..\\Libraries\\STM32F0xx_StdPeriph_Driver\\src\\stm32f0xx_flash.c 0x00000000   Number         0  stm32f0xx_flash.o ABSOLUTE
    ..\\Libraries\\STM32F0xx_StdPeriph_Driver\\src\\stm32f0xx_gpio.c 0x00000000   Number         0  stm32f0xx_gpio.o ABSOLUTE
    ..\\Libraries\\STM32F0xx_StdPeriph_Driver\\src\\stm32f0xx_iwdg.c 0x00000000   Number         0  stm32f0xx_iwdg.o ABSOLUTE
    ..\\Libraries\\STM32F0xx_StdPeriph_Driver\\src\\stm32f0xx_misc.c 0x00000000   Number         0  stm32f0xx_misc.o ABSOLUTE
    ..\\Libraries\\STM32F0xx_StdPeriph_Driver\\src\\stm32f0xx_rcc.c 0x00000000   Number         0  stm32f0xx_rcc.o ABSOLUTE
    ..\\Libraries\\STM32F0xx_StdPeriph_Driver\\src\\stm32f0xx_tim.c 0x00000000   Number         0  stm32f0xx_tim.o ABSOLUTE
    ..\\Peripherals\\src\\SelfStudy.c        0x00000000   Number         0  selfstudy.o ABSOLUTE
    ..\\Peripherals\\src\\arch.c             0x00000000   Number         0  arch.o ABSOLUTE
    ..\\Peripherals\\src\\display.c          0x00000000   Number         0  display.o ABSOLUTE
    ..\\Peripherals\\src\\flash.c            0x00000000   Number         0  flash.o ABSOLUTE
    ..\\Peripherals\\src\\key.c              0x00000000   Number         0  key.o ABSOLUTE
    ..\\Peripherals\\src\\menu.c             0x00000000   Number         0  menu.o ABSOLUTE
    ..\\Peripherals\\src\\project.c          0x00000000   Number         0  project.o ABSOLUTE
    ..\\Peripherals\\src\\uid.c              0x00000000   Number         0  uid.o ABSOLUTE
    BSP_Init.c                               0x00000000   Number         0  bsp_init.o ABSOLUTE
    BSP_Init.c                               0x00000000   Number         0  bsp_init.o ABSOLUTE
    dc.s                                     0x00000000   Number         0  dc.o ABSOLUTE
    main.c                                   0x00000000   Number         0  main.o ABSOLUTE
    main.c                                   0x00000000   Number         0  main.o ABSOLUTE
    RESET                                    0x08000000   Section      192  startup_stm32f0xx.o(RESET)
    !!!main                                  0x080000c0   Section        8  __main.o(!!!main)
    !!!scatter                               0x080000c8   Section       60  __scatter.o(!!!scatter)
    !!handler_copy                           0x08000104   Section       26  __scatter_copy.o(!!handler_copy)
    !!handler_zi                             0x08000120   Section       28  __scatter_zi.o(!!handler_zi)
    .ARM.Collect$$libinit$$00000000          0x0800013c   Section        2  libinit.o(.ARM.Collect$$libinit$$00000000)
    .ARM.Collect$$libinit$$00000002          0x0800013e   Section        0  libinit2.o(.ARM.Collect$$libinit$$00000002)
    .ARM.Collect$$libinit$$00000004          0x0800013e   Section        0  libinit2.o(.ARM.Collect$$libinit$$00000004)
    .ARM.Collect$$libinit$$0000000A          0x0800013e   Section        0  libinit2.o(.ARM.Collect$$libinit$$0000000A)
    .ARM.Collect$$libinit$$0000000C          0x0800013e   Section        0  libinit2.o(.ARM.Collect$$libinit$$0000000C)
    .ARM.Collect$$libinit$$0000000E          0x0800013e   Section        0  libinit2.o(.ARM.Collect$$libinit$$0000000E)
    .ARM.Collect$$libinit$$00000011          0x0800013e   Section        0  libinit2.o(.ARM.Collect$$libinit$$00000011)
    .ARM.Collect$$libinit$$00000013          0x0800013e   Section        0  libinit2.o(.ARM.Collect$$libinit$$00000013)
    .ARM.Collect$$libinit$$00000015          0x0800013e   Section        0  libinit2.o(.ARM.Collect$$libinit$$00000015)
    .ARM.Collect$$libinit$$00000017          0x0800013e   Section        0  libinit2.o(.ARM.Collect$$libinit$$00000017)
    .ARM.Collect$$libinit$$00000019          0x0800013e   Section        0  libinit2.o(.ARM.Collect$$libinit$$00000019)
    .ARM.Collect$$libinit$$0000001B          0x0800013e   Section        0  libinit2.o(.ARM.Collect$$libinit$$0000001B)
    .ARM.Collect$$libinit$$0000001D          0x0800013e   Section        0  libinit2.o(.ARM.Collect$$libinit$$0000001D)
    .ARM.Collect$$libinit$$0000001F          0x0800013e   Section        0  libinit2.o(.ARM.Collect$$libinit$$0000001F)
    .ARM.Collect$$libinit$$00000021          0x0800013e   Section        0  libinit2.o(.ARM.Collect$$libinit$$00000021)
    .ARM.Collect$$libinit$$00000023          0x0800013e   Section        0  libinit2.o(.ARM.Collect$$libinit$$00000023)
    .ARM.Collect$$libinit$$00000025          0x0800013e   Section        0  libinit2.o(.ARM.Collect$$libinit$$00000025)
    .ARM.Collect$$libinit$$0000002C          0x0800013e   Section        0  libinit2.o(.ARM.Collect$$libinit$$0000002C)
    .ARM.Collect$$libinit$$0000002E          0x0800013e   Section        0  libinit2.o(.ARM.Collect$$libinit$$0000002E)
    .ARM.Collect$$libinit$$00000030          0x0800013e   Section        0  libinit2.o(.ARM.Collect$$libinit$$00000030)
    .ARM.Collect$$libinit$$00000032          0x0800013e   Section        0  libinit2.o(.ARM.Collect$$libinit$$00000032)
    .ARM.Collect$$libinit$$00000033          0x0800013e   Section        2  libinit2.o(.ARM.Collect$$libinit$$00000033)
    .ARM.Collect$$libshutdown$$00000000      0x08000140   Section        2  libshutdown.o(.ARM.Collect$$libshutdown$$00000000)
    .ARM.Collect$$libshutdown$$00000003      0x08000142   Section        0  libshutdown2.o(.ARM.Collect$$libshutdown$$00000003)
    .ARM.Collect$$libshutdown$$00000006      0x08000142   Section        0  libshutdown2.o(.ARM.Collect$$libshutdown$$00000006)
    .ARM.Collect$$libshutdown$$00000009      0x08000142   Section        0  libshutdown2.o(.ARM.Collect$$libshutdown$$00000009)
    .ARM.Collect$$libshutdown$$0000000B      0x08000142   Section        0  libshutdown2.o(.ARM.Collect$$libshutdown$$0000000B)
    .ARM.Collect$$libshutdown$$0000000E      0x08000142   Section        0  libshutdown2.o(.ARM.Collect$$libshutdown$$0000000E)
    .ARM.Collect$$libshutdown$$0000000F      0x08000142   Section        2  libshutdown2.o(.ARM.Collect$$libshutdown$$0000000F)
    .ARM.Collect$$rtentry$$00000000          0x08000144   Section        0  __rtentry.o(.ARM.Collect$$rtentry$$00000000)
    .ARM.Collect$$rtentry$$00000002          0x08000144   Section        0  __rtentry2.o(.ARM.Collect$$rtentry$$00000002)
    .ARM.Collect$$rtentry$$00000004          0x08000144   Section        6  __rtentry4.o(.ARM.Collect$$rtentry$$00000004)
    .ARM.Collect$$rtentry$$00000009          0x0800014a   Section        0  __rtentry2.o(.ARM.Collect$$rtentry$$00000009)
    .ARM.Collect$$rtentry$$0000000A          0x0800014a   Section        4  __rtentry2.o(.ARM.Collect$$rtentry$$0000000A)
    .ARM.Collect$$rtentry$$0000000C          0x0800014e   Section        0  __rtentry2.o(.ARM.Collect$$rtentry$$0000000C)
    .ARM.Collect$$rtentry$$0000000D          0x0800014e   Section        8  __rtentry2.o(.ARM.Collect$$rtentry$$0000000D)
    .ARM.Collect$$rtexit$$00000000           0x08000156   Section        2  rtexit.o(.ARM.Collect$$rtexit$$00000000)
    .ARM.Collect$$rtexit$$00000002           0x08000158   Section        0  rtexit2.o(.ARM.Collect$$rtexit$$00000002)
    .ARM.Collect$$rtexit$$00000003           0x08000158   Section        4  rtexit2.o(.ARM.Collect$$rtexit$$00000003)
    .ARM.Collect$$rtexit$$00000004           0x0800015c   Section        6  rtexit2.o(.ARM.Collect$$rtexit$$00000004)
    .text                                    0x08000164   Section      116  startup_stm32f0xx.o(.text)
    .text                                    0x080001d8   Section        0  system_stm32f0xx.o(.text)
    SetSysClock                              0x08000287   Thumb Code   142  system_stm32f0xx.o(.text)
    .text                                    0x08000330   Section        0  stm32f0xx_adc.o(.text)
    .text                                    0x08000558   Section        0  stm32f0xx_dma.o(.text)
    .text                                    0x08000718   Section        0  stm32f0xx_flash.o(.text)
    .text                                    0x08000c04   Section        0  stm32f0xx_gpio.o(.text)
    .text                                    0x08000d70   Section        0  stm32f0xx_iwdg.o(.text)
    .text                                    0x08000db4   Section        0  stm32f0xx_misc.o(.text)
    .text                                    0x08000e30   Section        0  stm32f0xx_rcc.o(.text)
    .text                                    0x0800131c   Section        0  stm32f0xx_tim.o(.text)
    TI2_Config                               0x08001921   Thumb Code    42  stm32f0xx_tim.o(.text)
    TI1_Config                               0x0800195b   Thumb Code    40  stm32f0xx_tim.o(.text)
    .text                                    0x08001c58   Section        0  display.o(.text)
    .text                                    0x08002724   Section        0  key.o(.text)
    .text                                    0x080029d0   Section        0  menu.o(.text)
    .text                                    0x08002f34   Section        0  flash.o(.text)
    .text                                    0x08003044   Section        0  selfstudy.o(.text)
    .text                                    0x08003218   Section        0  main.o(.text)
    .text                                    0x0800330c   Section        0  project.o(.text)
    .text                                    0x08004310   Section        0  bsp_init.o(.text)
    .text                                    0x08004970   Section      346  aeabi_sdiv.o(.text)
    .text                                    0x08004aca   Section        0  heapauxi.o(.text)
    .text                                    0x08004ad0   Section        0  daddsub.o(.text)
    _dadd1                                   0x08004ad1   Thumb Code   290  daddsub.o(.text)
    _dsub1                                   0x08004bf3   Thumb Code   470  daddsub.o(.text)
    .text                                    0x08004e28   Section        0  dflti.o(.text)
    .text                                    0x08004e80   Section        0  dscalbn.o(.text)
    .text                                    0x08004ee0   Section        0  f2d.o(.text)
    .text                                    0x08004f34   Section        0  ffixi.o(.text)
    .text                                    0x08004f80   Section        0  ffixui.o(.text)
    .text                                    0x08004fb0   Section        0  fflti.o(.text)
    .text                                    0x08005010   Section        0  dcmpin.o(.text)
    .text                                    0x080050a0   Section        0  fcmpin.o(.text)
    .text                                    0x08005104   Section        0  cmpret.o(.text)
    .text                                    0x08005134   Section        0  dnan2.o(.text)
    .text                                    0x08005148   Section        0  fnan2.o(.text)
    .text                                    0x08005158   Section       62  sys_stackheap_outer.o(.text)
    .text                                    0x08005196   Section        0  exit.o(.text)
    .text                                    0x080051a2   Section        0  retnan.o(.text)
    .text                                    0x08005200   Section        8  libspace.o(.text)
    .text                                    0x08005208   Section        0  sys_exit.o(.text)
    .text                                    0x08005214   Section        2  use_no_semi.o(.text)
    .text                                    0x08005216   Section        0  indicate_semi.o(.text)
    x$fpl$dleqf                              0x08005218   Section      100  dlef.o(x$fpl$dleqf)
    x$fpl$drleqf                             0x0800527c   Section      104  drlef.o(x$fpl$drleqf)
    x$fpl$fadd                               0x080052e4   Section      140  faddsub.o(x$fpl$fadd)
    _fadd1                                   0x080052f1   Thumb Code     0  faddsub.o(x$fpl$fadd)
    x$fpl$fleqf                              0x08005370   Section       84  flef.o(x$fpl$fleqf)
    x$fpl$frleqf                             0x080053c4   Section       88  frlef.o(x$fpl$frleqf)
    x$fpl$frsb                               0x0800541c   Section       24  faddsub.o(x$fpl$frsb)
    x$fpl$fsub                               0x08005434   Section      208  faddsub.o(x$fpl$fsub)
    _fsub1                                   0x08005441   Thumb Code     0  faddsub.o(x$fpl$fsub)
    .constdata                               0x08005504   Section       98  display.o(.constdata)
    x$fpl$usenofp                            0x08005504   Section        0  usenofp.o(x$fpl$usenofp)
    .data                                    0x20000000   Section       20  system_stm32f0xx.o(.data)
    .data                                    0x20000014   Section       16  stm32f0xx_rcc.o(.data)
    APBAHBPrescTable                         0x20000014   Data          16  stm32f0xx_rcc.o(.data)
    .data                                    0x20000024   Section       20  display.o(.data)
    Blinkflag                                0x20000025   Data           1  display.o(.data)
    Blinkflag                                0x20000026   Data           1  display.o(.data)
    Blinkflag                                0x20000027   Data           1  display.o(.data)
    Blinkflag                                0x20000028   Data           1  display.o(.data)
    Blinkflag                                0x20000029   Data           1  display.o(.data)
    Blinkflag                                0x2000002a   Data           1  display.o(.data)
    Blinkflag                                0x2000002b   Data           1  display.o(.data)
    bilinkflag                               0x2000002c   Data           1  display.o(.data)
    bilinkflag                               0x2000002d   Data           1  display.o(.data)
    .data                                    0x20000038   Section        1  key.o(.data)
    .data                                    0x2000003a   Section        2  menu.o(.data)
    .data                                    0x2000003c   Section        1  menu.o(.data)
    .data                                    0x2000003d   Section        1  menu.o(.data)
    .data                                    0x20000040   Section       20  menu.o(.data)
    lastCounter                              0x20000044   Data           1  menu.o(.data)
    lastCounter                              0x20000045   Data           1  menu.o(.data)
    lastCounter                              0x20000046   Data           1  menu.o(.data)
    lastCounter                              0x20000047   Data           1  menu.o(.data)
    .data                                    0x20000054   Section        4  flash.o(.data)
    .data                                    0x20000058   Section       16  selfstudy.o(.data)
    .data                                    0x20000068   Section        4  main.o(.data)
    .data                                    0x2000006c   Section      120  project.o(.data)
    lastCounter                              0x2000007b   Data           1  project.o(.data)
    lastCounter                              0x2000007c   Data           1  project.o(.data)
    lastCounter                              0x2000007d   Data           1  project.o(.data)
    lastCounter                              0x2000007e   Data           1  project.o(.data)
    LastThreshold                            0x20000098   Data           2  project.o(.data)
    LastHIValue                              0x2000009a   Data           2  project.o(.data)
    LastLOValue                              0x2000009c   Data           2  project.o(.data)
    .data                                    0x200000e4   Section        2  bsp_init.o(.data)
    .bss                                     0x200000e8   Section        9  display.o(.bss)
    .bss                                     0x200000f4   Section      128  key.o(.bss)
    .bss                                     0x20000174   Section       40  bsp_init.o(.bss)
    .bss                                     0x2000019c   Section       96  libspace.o(.bss)
    HEAP                                     0x20000200   Section      512  startup_stm32f0xx.o(HEAP)
    Heap_Mem                                 0x20000200   Data         512  startup_stm32f0xx.o(HEAP)
    STACK                                    0x20000400   Section     1024  startup_stm32f0xx.o(STACK)
    Stack_Mem                                0x20000400   Data        1024  startup_stm32f0xx.o(STACK)
    __initial_sp                             0x20000800   Data           0  startup_stm32f0xx.o(STACK)

    Global Symbols

    Symbol Name                              Value     Ov Type        Size  Object(Section)

    BuildAttributes$$THM_ISAv3M$S$PE$A:L22$X:L11$S22$IEEE1$IW$USESV6$~STKCKD$USESV7$~SHL$OSPACE$ROPI$EBA8$UX$STANDARDLIB$REQ8$PRES8$EABIv2 0x00000000   Number         0  anon$$obj.o ABSOLUTE
    __ARM_use_no_argv                        0x00000000   Number         0  main.o ABSOLUTE
    __ARM_exceptions_init                     - Undefined Weak Reference
    __alloca_initialize                       - Undefined Weak Reference
    __arm_preinit_                            - Undefined Weak Reference
    __cpp_initialize__aeabi_                  - Undefined Weak Reference
    __cxa_finalize                            - Undefined Weak Reference
    __rt_locale                               - Undefined Weak Reference
    __sigvec_lookup                           - Undefined Weak Reference
    _atexit_init                              - Undefined Weak Reference
    _call_atexit_fns                          - Undefined Weak Reference
    _clock_init                               - Undefined Weak Reference
    _fp_trap_init                             - Undefined Weak Reference
    _fp_trap_shutdown                         - Undefined Weak Reference
    _get_lc_collate                           - Undefined Weak Reference
    _get_lc_ctype                             - Undefined Weak Reference
    _get_lc_monetary                          - Undefined Weak Reference
    _get_lc_numeric                           - Undefined Weak Reference
    _get_lc_time                              - Undefined Weak Reference
    _getenv_init                              - Undefined Weak Reference
    _handle_redirection                       - Undefined Weak Reference
    _init_alloc                               - Undefined Weak Reference
    _init_user_alloc                          - Undefined Weak Reference
    _initio                                   - Undefined Weak Reference
    _rand_init                                - Undefined Weak Reference
    _signal_finish                            - Undefined Weak Reference
    _signal_init                              - Undefined Weak Reference
    _terminate_alloc                          - Undefined Weak Reference
    _terminate_user_alloc                     - Undefined Weak Reference
    _terminateio                              - Undefined Weak Reference
    __Vectors_Size                           0x000000c0   Number         0  startup_stm32f0xx.o ABSOLUTE
    __Vectors                                0x08000000   Data           4  startup_stm32f0xx.o(RESET)
    __Vectors_End                            0x080000c0   Data           0  startup_stm32f0xx.o(RESET)
    __main                                   0x080000c1   Thumb Code     8  __main.o(!!!main)
    __scatterload                            0x080000c9   Thumb Code     0  __scatter.o(!!!scatter)
    __scatterload_rt2                        0x080000c9   Thumb Code    52  __scatter.o(!!!scatter)
    __scatterload_rt2_thumb_only             0x080000c9   Thumb Code     0  __scatter.o(!!!scatter)
    __scatterload_null                       0x080000d9   Thumb Code     0  __scatter.o(!!!scatter)
    __scatterload_copy                       0x08000105   Thumb Code    26  __scatter_copy.o(!!handler_copy)
    __scatterload_zeroinit                   0x08000121   Thumb Code    28  __scatter_zi.o(!!handler_zi)
    __rt_lib_init                            0x0800013d   Thumb Code     0  libinit.o(.ARM.Collect$$libinit$$00000000)
    __rt_lib_init_alloca_1                   0x0800013f   Thumb Code     0  libinit2.o(.ARM.Collect$$libinit$$0000002E)
    __rt_lib_init_argv_1                     0x0800013f   Thumb Code     0  libinit2.o(.ARM.Collect$$libinit$$0000002C)
    __rt_lib_init_atexit_1                   0x0800013f   Thumb Code     0  libinit2.o(.ARM.Collect$$libinit$$0000001B)
    __rt_lib_init_clock_1                    0x0800013f   Thumb Code     0  libinit2.o(.ARM.Collect$$libinit$$00000021)
    __rt_lib_init_cpp_1                      0x0800013f   Thumb Code     0  libinit2.o(.ARM.Collect$$libinit$$00000032)
    __rt_lib_init_exceptions_1               0x0800013f   Thumb Code     0  libinit2.o(.ARM.Collect$$libinit$$00000030)
    __rt_lib_init_fp_1                       0x0800013f   Thumb Code     0  libinit2.o(.ARM.Collect$$libinit$$00000002)
    __rt_lib_init_fp_trap_1                  0x0800013f   Thumb Code     0  libinit2.o(.ARM.Collect$$libinit$$0000001F)
    __rt_lib_init_getenv_1                   0x0800013f   Thumb Code     0  libinit2.o(.ARM.Collect$$libinit$$00000023)
    __rt_lib_init_heap_1                     0x0800013f   Thumb Code     0  libinit2.o(.ARM.Collect$$libinit$$0000000A)
    __rt_lib_init_lc_collate_1               0x0800013f   Thumb Code     0  libinit2.o(.ARM.Collect$$libinit$$00000011)
    __rt_lib_init_lc_ctype_1                 0x0800013f   Thumb Code     0  libinit2.o(.ARM.Collect$$libinit$$00000013)
    __rt_lib_init_lc_monetary_1              0x0800013f   Thumb Code     0  libinit2.o(.ARM.Collect$$libinit$$00000015)
    __rt_lib_init_lc_numeric_1               0x0800013f   Thumb Code     0  libinit2.o(.ARM.Collect$$libinit$$00000017)
    __rt_lib_init_lc_time_1                  0x0800013f   Thumb Code     0  libinit2.o(.ARM.Collect$$libinit$$00000019)
    __rt_lib_init_preinit_1                  0x0800013f   Thumb Code     0  libinit2.o(.ARM.Collect$$libinit$$00000004)
    __rt_lib_init_rand_1                     0x0800013f   Thumb Code     0  libinit2.o(.ARM.Collect$$libinit$$0000000E)
    __rt_lib_init_return                     0x0800013f   Thumb Code     0  libinit2.o(.ARM.Collect$$libinit$$00000033)
    __rt_lib_init_signal_1                   0x0800013f   Thumb Code     0  libinit2.o(.ARM.Collect$$libinit$$0000001D)
    __rt_lib_init_stdio_1                    0x0800013f   Thumb Code     0  libinit2.o(.ARM.Collect$$libinit$$00000025)
    __rt_lib_init_user_alloc_1               0x0800013f   Thumb Code     0  libinit2.o(.ARM.Collect$$libinit$$0000000C)
    __rt_lib_shutdown                        0x08000141   Thumb Code     0  libshutdown.o(.ARM.Collect$$libshutdown$$00000000)
    __rt_lib_shutdown_fp_trap_1              0x08000143   Thumb Code     0  libshutdown2.o(.ARM.Collect$$libshutdown$$00000006)
    __rt_lib_shutdown_heap_1                 0x08000143   Thumb Code     0  libshutdown2.o(.ARM.Collect$$libshutdown$$0000000E)
    __rt_lib_shutdown_return                 0x08000143   Thumb Code     0  libshutdown2.o(.ARM.Collect$$libshutdown$$0000000F)
    __rt_lib_shutdown_signal_1               0x08000143   Thumb Code     0  libshutdown2.o(.ARM.Collect$$libshutdown$$00000009)
    __rt_lib_shutdown_stdio_1                0x08000143   Thumb Code     0  libshutdown2.o(.ARM.Collect$$libshutdown$$00000003)
    __rt_lib_shutdown_user_alloc_1           0x08000143   Thumb Code     0  libshutdown2.o(.ARM.Collect$$libshutdown$$0000000B)
    __rt_entry                               0x08000145   Thumb Code     0  __rtentry.o(.ARM.Collect$$rtentry$$00000000)
    __rt_entry_presh_1                       0x08000145   Thumb Code     0  __rtentry2.o(.ARM.Collect$$rtentry$$00000002)
    __rt_entry_sh                            0x08000145   Thumb Code     0  __rtentry4.o(.ARM.Collect$$rtentry$$00000004)
    __rt_entry_li                            0x0800014b   Thumb Code     0  __rtentry2.o(.ARM.Collect$$rtentry$$0000000A)
    __rt_entry_postsh_1                      0x0800014b   Thumb Code     0  __rtentry2.o(.ARM.Collect$$rtentry$$00000009)
    __rt_entry_main                          0x0800014f   Thumb Code     0  __rtentry2.o(.ARM.Collect$$rtentry$$0000000D)
    __rt_entry_postli_1                      0x0800014f   Thumb Code     0  __rtentry2.o(.ARM.Collect$$rtentry$$0000000C)
    __rt_exit                                0x08000157   Thumb Code     0  rtexit.o(.ARM.Collect$$rtexit$$00000000)
    __rt_exit_ls                             0x08000159   Thumb Code     0  rtexit2.o(.ARM.Collect$$rtexit$$00000003)
    __rt_exit_prels_1                        0x08000159   Thumb Code     0  rtexit2.o(.ARM.Collect$$rtexit$$00000002)
    __rt_exit_exit                           0x0800015d   Thumb Code     0  rtexit2.o(.ARM.Collect$$rtexit$$00000004)
    Reset_Handler                            0x08000165   Thumb Code    38  startup_stm32f0xx.o(.text)
    NMI_Handler                              0x0800018b   Thumb Code     2  startup_stm32f0xx.o(.text)
    HardFault_Handler                        0x0800018d   Thumb Code     2  startup_stm32f0xx.o(.text)
    SVC_Handler                              0x0800018f   Thumb Code     2  startup_stm32f0xx.o(.text)
    PendSV_Handler                           0x08000191   Thumb Code     2  startup_stm32f0xx.o(.text)
    SysTick_Handler                          0x08000193   Thumb Code     2  startup_stm32f0xx.o(.text)
    ADC1_COMP_IRQHandler                     0x08000195   Thumb Code     0  startup_stm32f0xx.o(.text)
    CEC_IRQHandler                           0x08000195   Thumb Code     0  startup_stm32f0xx.o(.text)
    DMA1_Channel2_3_IRQHandler               0x08000195   Thumb Code     0  startup_stm32f0xx.o(.text)
    DMA1_Channel4_5_IRQHandler               0x08000195   Thumb Code     0  startup_stm32f0xx.o(.text)
    EXTI0_1_IRQHandler                       0x08000195   Thumb Code     0  startup_stm32f0xx.o(.text)
    EXTI2_3_IRQHandler                       0x08000195   Thumb Code     0  startup_stm32f0xx.o(.text)
    EXTI4_15_IRQHandler                      0x08000195   Thumb Code     0  startup_stm32f0xx.o(.text)
    FLASH_IRQHandler                         0x08000195   Thumb Code     0  startup_stm32f0xx.o(.text)
    I2C1_IRQHandler                          0x08000195   Thumb Code     0  startup_stm32f0xx.o(.text)
    I2C2_IRQHandler                          0x08000195   Thumb Code     0  startup_stm32f0xx.o(.text)
    PVD_IRQHandler                           0x08000195   Thumb Code     0  startup_stm32f0xx.o(.text)
    RCC_IRQHandler                           0x08000195   Thumb Code     0  startup_stm32f0xx.o(.text)
    RTC_IRQHandler                           0x08000195   Thumb Code     0  startup_stm32f0xx.o(.text)
    SPI1_IRQHandler                          0x08000195   Thumb Code     0  startup_stm32f0xx.o(.text)
    SPI2_IRQHandler                          0x08000195   Thumb Code     0  startup_stm32f0xx.o(.text)
    TIM14_IRQHandler                         0x08000195   Thumb Code     0  startup_stm32f0xx.o(.text)
    TIM15_IRQHandler                         0x08000195   Thumb Code     0  startup_stm32f0xx.o(.text)
    TIM16_IRQHandler                         0x08000195   Thumb Code     0  startup_stm32f0xx.o(.text)
    TIM17_IRQHandler                         0x08000195   Thumb Code     0  startup_stm32f0xx.o(.text)
    TIM1_CC_IRQHandler                       0x08000195   Thumb Code     0  startup_stm32f0xx.o(.text)
    TIM6_DAC_IRQHandler                      0x08000195   Thumb Code     0  startup_stm32f0xx.o(.text)
    TS_IRQHandler                            0x08000195   Thumb Code     0  startup_stm32f0xx.o(.text)
    USART1_IRQHandler                        0x08000195   Thumb Code     0  startup_stm32f0xx.o(.text)
    USART2_IRQHandler                        0x08000195   Thumb Code     0  startup_stm32f0xx.o(.text)
    WWDG_IRQHandler                          0x08000195   Thumb Code     0  startup_stm32f0xx.o(.text)
    __user_initial_stackheap                 0x08000199   Thumb Code     0  startup_stm32f0xx.o(.text)
    SystemInit                               0x080001d9   Thumb Code    84  system_stm32f0xx.o(.text)
    SystemCoreClockUpdate                    0x0800022d   Thumb Code    90  system_stm32f0xx.o(.text)
    ADC_DeInit                               0x08000331   Thumb Code    28  stm32f0xx_adc.o(.text)
    ADC_Init                                 0x0800034d   Thumb Code    38  stm32f0xx_adc.o(.text)
    ADC_StructInit                           0x08000373   Thumb Code    16  stm32f0xx_adc.o(.text)
    ADC_Cmd                                  0x08000383   Thumb Code    18  stm32f0xx_adc.o(.text)
    ADC_ClockModeConfig                      0x08000395   Thumb Code     4  stm32f0xx_adc.o(.text)
    ADC_JitterCmd                            0x08000399   Thumb Code    16  stm32f0xx_adc.o(.text)
    ADC_AutoPowerOffCmd                      0x080003a9   Thumb Code    20  stm32f0xx_adc.o(.text)
    ADC_WaitModeCmd                          0x080003bd   Thumb Code    20  stm32f0xx_adc.o(.text)
    ADC_AnalogWatchdogCmd                    0x080003d1   Thumb Code    20  stm32f0xx_adc.o(.text)
    ADC_AnalogWatchdogThresholdsConfig       0x080003e5   Thumb Code     8  stm32f0xx_adc.o(.text)
    ADC_AnalogWatchdogSingleChannelConfig    0x080003ed   Thumb Code    14  stm32f0xx_adc.o(.text)
    ADC_AnalogWatchdogSingleChannelCmd       0x080003fb   Thumb Code    20  stm32f0xx_adc.o(.text)
    ADC_TempSensorCmd                        0x0800040f   Thumb Code    22  stm32f0xx_adc.o(.text)
    ADC_VrefintCmd                           0x08000425   Thumb Code    22  stm32f0xx_adc.o(.text)
    ADC_VbatCmd                              0x0800043b   Thumb Code    22  stm32f0xx_adc.o(.text)
    ADC_ChannelConfig                        0x08000451   Thumb Code    10  stm32f0xx_adc.o(.text)
    ADC_ContinuousModeCmd                    0x0800045b   Thumb Code    20  stm32f0xx_adc.o(.text)
    ADC_DiscModeCmd                          0x0800046f   Thumb Code    20  stm32f0xx_adc.o(.text)
    ADC_OverrunModeCmd                       0x08000483   Thumb Code    20  stm32f0xx_adc.o(.text)
    ADC_GetCalibrationFactor                 0x08000497   Thumb Code    46  stm32f0xx_adc.o(.text)
    ADC_StopOfConversion                     0x080004c5   Thumb Code    10  stm32f0xx_adc.o(.text)
    ADC_StartOfConversion                    0x080004cf   Thumb Code    10  stm32f0xx_adc.o(.text)
    ADC_GetConversionValue                   0x080004d9   Thumb Code     6  stm32f0xx_adc.o(.text)
    ADC_DMACmd                               0x080004df   Thumb Code    20  stm32f0xx_adc.o(.text)
    ADC_DMARequestModeConfig                 0x080004f3   Thumb Code    16  stm32f0xx_adc.o(.text)
    ADC_ITConfig                             0x08000503   Thumb Code    16  stm32f0xx_adc.o(.text)
    ADC_GetFlagStatus                        0x08000513   Thumb Code    28  stm32f0xx_adc.o(.text)
    ADC_ClearFlag                            0x0800052f   Thumb Code     4  stm32f0xx_adc.o(.text)
    ADC_GetITStatus                          0x08000533   Thumb Code    22  stm32f0xx_adc.o(.text)
    ADC_ClearITPendingBit                    0x08000549   Thumb Code     4  stm32f0xx_adc.o(.text)
    DMA_DeInit                               0x08000559   Thumb Code   180  stm32f0xx_dma.o(.text)
    DMA_Init                                 0x0800060d   Thumb Code    56  stm32f0xx_dma.o(.text)
    DMA_StructInit                           0x08000645   Thumb Code    26  stm32f0xx_dma.o(.text)
    DMA_Cmd                                  0x0800065f   Thumb Code    20  stm32f0xx_dma.o(.text)
    DMA_RemapConfig                          0x08000673   Thumb Code    30  stm32f0xx_dma.o(.text)
    DMA_SetCurrDataCounter                   0x08000691   Thumb Code     4  stm32f0xx_dma.o(.text)
    DMA_GetCurrDataCounter                   0x08000695   Thumb Code     6  stm32f0xx_dma.o(.text)
    DMA_ITConfig                             0x0800069b   Thumb Code    16  stm32f0xx_dma.o(.text)
    DMA_GetFlagStatus                        0x080006ab   Thumb Code    28  stm32f0xx_dma.o(.text)
    DMA_ClearFlag                            0x080006c7   Thumb Code    18  stm32f0xx_dma.o(.text)
    DMA_GetITStatus                          0x080006d9   Thumb Code    28  stm32f0xx_dma.o(.text)
    DMA_ClearITPendingBit                    0x080006f5   Thumb Code    18  stm32f0xx_dma.o(.text)
    FLASH_SetLatency                         0x08000719   Thumb Code    14  stm32f0xx_flash.o(.text)
    FLASH_PrefetchBufferCmd                  0x08000727   Thumb Code    20  stm32f0xx_flash.o(.text)
    FLASH_GetPrefetchBufferStatus            0x0800073b   Thumb Code    14  stm32f0xx_flash.o(.text)
    FLASH_Unlock                             0x08000749   Thumb Code    18  stm32f0xx_flash.o(.text)
    FLASH_Lock                               0x0800075b   Thumb Code    12  stm32f0xx_flash.o(.text)
    FLASH_GetStatus                          0x08000767   Thumb Code    34  stm32f0xx_flash.o(.text)
    FLASH_WaitForLastOperation               0x08000789   Thumb Code    34  stm32f0xx_flash.o(.text)
    FLASH_ErasePage                          0x080007ab   Thumb Code    52  stm32f0xx_flash.o(.text)
    FLASH_EraseAllPages                      0x080007df   Thumb Code    48  stm32f0xx_flash.o(.text)
    FLASH_ProgramWord                        0x0800080f   Thumb Code    70  stm32f0xx_flash.o(.text)
    FLASH_ProgramHalfWord                    0x08000855   Thumb Code    48  stm32f0xx_flash.o(.text)
    FLASH_OB_Unlock                          0x08000885   Thumb Code    18  stm32f0xx_flash.o(.text)
    FLASH_OB_Lock                            0x08000897   Thumb Code    12  stm32f0xx_flash.o(.text)
    FLASH_OB_Launch                          0x080008a3   Thumb Code    14  stm32f0xx_flash.o(.text)
    FLASH_OB_GetRDP                          0x080008b1   Thumb Code    16  stm32f0xx_flash.o(.text)
    FLASH_OB_Erase                           0x080008c1   Thumb Code   106  stm32f0xx_flash.o(.text)
    FLASH_OB_EnableWRP                       0x0800092b   Thumb Code   130  stm32f0xx_flash.o(.text)
    FLASH_OB_RDPConfig                       0x080009ad   Thumb Code    82  stm32f0xx_flash.o(.text)
    FLASH_OB_UserConfig                      0x080009ff   Thumb Code    64  stm32f0xx_flash.o(.text)
    FLASH_OB_BOOTConfig                      0x08000a3f   Thumb Code    54  stm32f0xx_flash.o(.text)
    FLASH_OB_BOOT0Config                     0x08000a75   Thumb Code    54  stm32f0xx_flash.o(.text)
    FLASH_OB_BOOT0SWConfig                   0x08000aab   Thumb Code    54  stm32f0xx_flash.o(.text)
    FLASH_OB_VDDAConfig                      0x08000ae1   Thumb Code    72  stm32f0xx_flash.o(.text)
    FLASH_OB_SRAMParityConfig                0x08000b29   Thumb Code    54  stm32f0xx_flash.o(.text)
    FLASH_OB_WriteUser                       0x08000b5f   Thumb Code    50  stm32f0xx_flash.o(.text)
    FLASH_OB_ProgramData                     0x08000b91   Thumb Code    50  stm32f0xx_flash.o(.text)
    FLASH_OB_GetUser                         0x08000bc3   Thumb Code    10  stm32f0xx_flash.o(.text)
    FLASH_OB_GetWRP                          0x08000bcd   Thumb Code     6  stm32f0xx_flash.o(.text)
    FLASH_ITConfig                           0x08000bd3   Thumb Code    18  stm32f0xx_flash.o(.text)
    FLASH_GetFlagStatus                      0x08000be5   Thumb Code    16  stm32f0xx_flash.o(.text)
    FLASH_ClearFlag                          0x08000bf5   Thumb Code     6  stm32f0xx_flash.o(.text)
    GPIO_DeInit                              0x08000c05   Thumb Code    90  stm32f0xx_gpio.o(.text)
    GPIO_Init                                0x08000c5f   Thumb Code   112  stm32f0xx_gpio.o(.text)
    GPIO_StructInit                          0x08000ccf   Thumb Code    18  stm32f0xx_gpio.o(.text)
    GPIO_PinLockConfig                       0x08000ce1   Thumb Code    26  stm32f0xx_gpio.o(.text)
    GPIO_ReadInputDataBit                    0x08000cfb   Thumb Code    14  stm32f0xx_gpio.o(.text)
    GPIO_ReadInputData                       0x08000d09   Thumb Code     4  stm32f0xx_gpio.o(.text)
    GPIO_ReadOutputDataBit                   0x08000d0d   Thumb Code    14  stm32f0xx_gpio.o(.text)
    GPIO_ReadOutputData                      0x08000d1b   Thumb Code     4  stm32f0xx_gpio.o(.text)
    GPIO_SetBits                             0x08000d1f   Thumb Code     4  stm32f0xx_gpio.o(.text)
    GPIO_ResetBits                           0x08000d23   Thumb Code     4  stm32f0xx_gpio.o(.text)
    GPIO_WriteBit                            0x08000d27   Thumb Code    12  stm32f0xx_gpio.o(.text)
    GPIO_Write                               0x08000d33   Thumb Code     4  stm32f0xx_gpio.o(.text)
    GPIO_PinAFConfig                         0x08000d37   Thumb Code    32  stm32f0xx_gpio.o(.text)
    IWDG_WriteAccessCmd                      0x08000d71   Thumb Code     6  stm32f0xx_iwdg.o(.text)
    IWDG_SetPrescaler                        0x08000d77   Thumb Code     6  stm32f0xx_iwdg.o(.text)
    IWDG_SetReload                           0x08000d7d   Thumb Code     6  stm32f0xx_iwdg.o(.text)
    IWDG_ReloadCounter                       0x08000d83   Thumb Code     8  stm32f0xx_iwdg.o(.text)
    IWDG_SetWindowValue                      0x08000d8b   Thumb Code     6  stm32f0xx_iwdg.o(.text)
    IWDG_Enable                              0x08000d91   Thumb Code     8  stm32f0xx_iwdg.o(.text)
    IWDG_GetFlagStatus                       0x08000d99   Thumb Code    16  stm32f0xx_iwdg.o(.text)
    NVIC_Init                                0x08000db5   Thumb Code    70  stm32f0xx_misc.o(.text)
    NVIC_SystemLPConfig                      0x08000dfb   Thumb Code    18  stm32f0xx_misc.o(.text)
    SysTick_CLKSourceConfig                  0x08000e0d   Thumb Code    20  stm32f0xx_misc.o(.text)
    RCC_DeInit                               0x08000e31   Thumb Code    76  stm32f0xx_rcc.o(.text)
    RCC_HSEConfig                            0x08000e7d   Thumb Code    10  stm32f0xx_rcc.o(.text)
    RCC_GetFlagStatus                        0x08000e87   Thumb Code    48  stm32f0xx_rcc.o(.text)
    RCC_WaitForHSEStartUp                    0x08000eb7   Thumb Code    44  stm32f0xx_rcc.o(.text)
    RCC_AdjustHSICalibrationValue            0x08000ee3   Thumb Code    16  stm32f0xx_rcc.o(.text)
    RCC_HSICmd                               0x08000ef3   Thumb Code    22  stm32f0xx_rcc.o(.text)
    RCC_AdjustHSI14CalibrationValue          0x08000f09   Thumb Code    16  stm32f0xx_rcc.o(.text)
    RCC_HSI14Cmd                             0x08000f19   Thumb Code    22  stm32f0xx_rcc.o(.text)
    RCC_HSI14ADCRequestCmd                   0x08000f2f   Thumb Code    20  stm32f0xx_rcc.o(.text)
    RCC_LSEConfig                            0x08000f43   Thumb Code    26  stm32f0xx_rcc.o(.text)
    RCC_LSEDriveConfig                       0x08000f5d   Thumb Code    18  stm32f0xx_rcc.o(.text)
    RCC_LSICmd                               0x08000f6f   Thumb Code    22  stm32f0xx_rcc.o(.text)
    RCC_PLLConfig                            0x08000f85   Thumb Code    24  stm32f0xx_rcc.o(.text)
    RCC_PLLCmd                               0x08000f9d   Thumb Code    22  stm32f0xx_rcc.o(.text)
    RCC_HSI48Cmd                             0x08000fb3   Thumb Code    22  stm32f0xx_rcc.o(.text)
    RCC_PREDIV1Config                        0x08000fc9   Thumb Code    14  stm32f0xx_rcc.o(.text)
    RCC_ClockSecuritySystemCmd               0x08000fd7   Thumb Code    22  stm32f0xx_rcc.o(.text)
    RCC_MCOConfig                            0x08000fed   Thumb Code    18  stm32f0xx_rcc.o(.text)
    RCC_SYSCLKConfig                         0x08000fff   Thumb Code    14  stm32f0xx_rcc.o(.text)
    RCC_GetSYSCLKSource                      0x0800100d   Thumb Code    10  stm32f0xx_rcc.o(.text)
    RCC_HCLKConfig                           0x08001017   Thumb Code    14  stm32f0xx_rcc.o(.text)
    RCC_PCLKConfig                           0x08001025   Thumb Code    16  stm32f0xx_rcc.o(.text)
    RCC_ADCCLKConfig                         0x08001035   Thumb Code    38  stm32f0xx_rcc.o(.text)
    RCC_CECCLKConfig                         0x0800105b   Thumb Code    18  stm32f0xx_rcc.o(.text)
    RCC_I2CCLKConfig                         0x0800106d   Thumb Code    18  stm32f0xx_rcc.o(.text)
    RCC_USARTCLKConfig                       0x0800107f   Thumb Code    44  stm32f0xx_rcc.o(.text)
    RCC_USBCLKConfig                         0x080010ab   Thumb Code    18  stm32f0xx_rcc.o(.text)
    RCC_GetClocksFreq                        0x080010bd   Thumb Code   388  stm32f0xx_rcc.o(.text)
    RCC_RTCCLKConfig                         0x08001241   Thumb Code    10  stm32f0xx_rcc.o(.text)
    RCC_RTCCLKCmd                            0x0800124b   Thumb Code    22  stm32f0xx_rcc.o(.text)
    RCC_BackupResetCmd                       0x08001261   Thumb Code    22  stm32f0xx_rcc.o(.text)
    RCC_AHBPeriphClockCmd                    0x08001277   Thumb Code    18  stm32f0xx_rcc.o(.text)
    RCC_APB2PeriphClockCmd                   0x08001289   Thumb Code    18  stm32f0xx_rcc.o(.text)
    RCC_APB1PeriphClockCmd                   0x0800129b   Thumb Code    18  stm32f0xx_rcc.o(.text)
    RCC_AHBPeriphResetCmd                    0x080012ad   Thumb Code    18  stm32f0xx_rcc.o(.text)
    RCC_APB2PeriphResetCmd                   0x080012bf   Thumb Code    18  stm32f0xx_rcc.o(.text)
    RCC_APB1PeriphResetCmd                   0x080012d1   Thumb Code    18  stm32f0xx_rcc.o(.text)
    RCC_ITConfig                             0x080012e3   Thumb Code    18  stm32f0xx_rcc.o(.text)
    RCC_ClearFlag                            0x080012f5   Thumb Code    14  stm32f0xx_rcc.o(.text)
    RCC_GetITStatus                          0x08001303   Thumb Code    16  stm32f0xx_rcc.o(.text)
    RCC_ClearITPendingBit                    0x08001313   Thumb Code     6  stm32f0xx_rcc.o(.text)
    TIM_DeInit                               0x0800131d   Thumb Code   172  stm32f0xx_tim.o(.text)
    TIM_TimeBaseInit                         0x080013c9   Thumb Code    88  stm32f0xx_tim.o(.text)
    TIM_TimeBaseStructInit                   0x08001421   Thumb Code    18  stm32f0xx_tim.o(.text)
    TIM_PrescalerConfig                      0x08001433   Thumb Code     6  stm32f0xx_tim.o(.text)
    TIM_CounterModeConfig                    0x08001439   Thumb Code    12  stm32f0xx_tim.o(.text)
    TIM_SetCounter                           0x08001445   Thumb Code     4  stm32f0xx_tim.o(.text)
    TIM_SetAutoreload                        0x08001449   Thumb Code     4  stm32f0xx_tim.o(.text)
    TIM_GetCounter                           0x0800144d   Thumb Code     4  stm32f0xx_tim.o(.text)
    TIM_GetPrescaler                         0x08001451   Thumb Code     4  stm32f0xx_tim.o(.text)
    TIM_UpdateDisableConfig                  0x08001455   Thumb Code    18  stm32f0xx_tim.o(.text)
    TIM_UpdateRequestConfig                  0x08001467   Thumb Code    18  stm32f0xx_tim.o(.text)
    TIM_ARRPreloadConfig                     0x08001479   Thumb Code    18  stm32f0xx_tim.o(.text)
    TIM_SelectOnePulseMode                   0x0800148b   Thumb Code    16  stm32f0xx_tim.o(.text)
    TIM_SetClockDivision                     0x0800149b   Thumb Code    16  stm32f0xx_tim.o(.text)
    TIM_Cmd                                  0x080014ab   Thumb Code    20  stm32f0xx_tim.o(.text)
    TIM_BDTRConfig                           0x080014bf   Thumb Code    34  stm32f0xx_tim.o(.text)
    TIM_BDTRStructInit                       0x080014e1   Thumb Code    18  stm32f0xx_tim.o(.text)
    TIM_CtrlPWMOutputs                       0x080014f3   Thumb Code    24  stm32f0xx_tim.o(.text)
    TIM_OC1Init                              0x0800150b   Thumb Code   104  stm32f0xx_tim.o(.text)
    TIM_OC2Init                              0x08001573   Thumb Code   124  stm32f0xx_tim.o(.text)
    TIM_OC3Init                              0x080015ef   Thumb Code   110  stm32f0xx_tim.o(.text)
    TIM_OC4Init                              0x0800165d   Thumb Code    78  stm32f0xx_tim.o(.text)
    TIM_OCStructInit                         0x080016ab   Thumb Code    20  stm32f0xx_tim.o(.text)
    TIM_SelectOCxM                           0x080016bf   Thumb Code   142  stm32f0xx_tim.o(.text)
    TIM_SetCompare1                          0x0800174d   Thumb Code     4  stm32f0xx_tim.o(.text)
    TIM_SetCompare2                          0x08001751   Thumb Code     4  stm32f0xx_tim.o(.text)
    TIM_SetCompare3                          0x08001755   Thumb Code     4  stm32f0xx_tim.o(.text)
    TIM_SetCompare4                          0x08001759   Thumb Code     4  stm32f0xx_tim.o(.text)
    TIM_ForcedOC1Config                      0x0800175d   Thumb Code    12  stm32f0xx_tim.o(.text)
    TIM_ForcedOC2Config                      0x08001769   Thumb Code    14  stm32f0xx_tim.o(.text)
    TIM_ForcedOC3Config                      0x08001777   Thumb Code    12  stm32f0xx_tim.o(.text)
    TIM_ForcedOC4Config                      0x08001783   Thumb Code    14  stm32f0xx_tim.o(.text)
    TIM_CCPreloadControl                     0x08001791   Thumb Code    20  stm32f0xx_tim.o(.text)
    TIM_OC1PreloadConfig                     0x080017a5   Thumb Code    12  stm32f0xx_tim.o(.text)
    TIM_OC2PreloadConfig                     0x080017b1   Thumb Code    14  stm32f0xx_tim.o(.text)
    TIM_OC3PreloadConfig                     0x080017bf   Thumb Code    12  stm32f0xx_tim.o(.text)
    TIM_OC4PreloadConfig                     0x080017cb   Thumb Code    14  stm32f0xx_tim.o(.text)
    TIM_OC1FastConfig                        0x080017d9   Thumb Code    12  stm32f0xx_tim.o(.text)
    TIM_OC2FastConfig                        0x080017e5   Thumb Code    14  stm32f0xx_tim.o(.text)
    TIM_OC3FastConfig                        0x080017f3   Thumb Code    12  stm32f0xx_tim.o(.text)
    TIM_OC4FastConfig                        0x080017ff   Thumb Code    14  stm32f0xx_tim.o(.text)
    TIM_ClearOC1Ref                          0x0800180d   Thumb Code    12  stm32f0xx_tim.o(.text)
    TIM_ClearOC2Ref                          0x08001819   Thumb Code    14  stm32f0xx_tim.o(.text)
    TIM_ClearOC3Ref                          0x08001827   Thumb Code    12  stm32f0xx_tim.o(.text)
    TIM_ClearOC4Ref                          0x08001833   Thumb Code    14  stm32f0xx_tim.o(.text)
    TIM_OC1PolarityConfig                    0x08001841   Thumb Code    12  stm32f0xx_tim.o(.text)
    TIM_OC1NPolarityConfig                   0x0800184d   Thumb Code    12  stm32f0xx_tim.o(.text)
    TIM_OC2PolarityConfig                    0x08001859   Thumb Code    14  stm32f0xx_tim.o(.text)
    TIM_OC2NPolarityConfig                   0x08001867   Thumb Code    14  stm32f0xx_tim.o(.text)
    TIM_OC3PolarityConfig                    0x08001875   Thumb Code    14  stm32f0xx_tim.o(.text)
    TIM_OC3NPolarityConfig                   0x08001883   Thumb Code    14  stm32f0xx_tim.o(.text)
    TIM_OC4PolarityConfig                    0x08001891   Thumb Code    14  stm32f0xx_tim.o(.text)
    TIM_SelectOCREFClear                     0x0800189f   Thumb Code    16  stm32f0xx_tim.o(.text)
    TIM_CCxCmd                               0x080018af   Thumb Code    22  stm32f0xx_tim.o(.text)
    TIM_CCxNCmd                              0x080018c5   Thumb Code    22  stm32f0xx_tim.o(.text)
    TIM_SelectCOM                            0x080018db   Thumb Code    18  stm32f0xx_tim.o(.text)
    TIM_SetIC4Prescaler                      0x080018ed   Thumb Code    18  stm32f0xx_tim.o(.text)
    TIM_SetIC3Prescaler                      0x080018ff   Thumb Code    16  stm32f0xx_tim.o(.text)
    TIM_SetIC2Prescaler                      0x0800190f   Thumb Code    18  stm32f0xx_tim.o(.text)
    TIM_SetIC1Prescaler                      0x0800194b   Thumb Code    16  stm32f0xx_tim.o(.text)
    TIM_ICInit                               0x08001983   Thumb Code   162  stm32f0xx_tim.o(.text)
    TIM_ICStructInit                         0x08001a25   Thumb Code    16  stm32f0xx_tim.o(.text)
    TIM_PWMIConfig                           0x08001a35   Thumb Code   104  stm32f0xx_tim.o(.text)
    TIM_GetCapture1                          0x08001a9d   Thumb Code     4  stm32f0xx_tim.o(.text)
    TIM_GetCapture2                          0x08001aa1   Thumb Code     4  stm32f0xx_tim.o(.text)
    TIM_GetCapture3                          0x08001aa5   Thumb Code     4  stm32f0xx_tim.o(.text)
    TIM_GetCapture4                          0x08001aa9   Thumb Code     4  stm32f0xx_tim.o(.text)
    TIM_ITConfig                             0x08001aad   Thumb Code    16  stm32f0xx_tim.o(.text)
    TIM_GenerateEvent                        0x08001abd   Thumb Code     4  stm32f0xx_tim.o(.text)
    TIM_GetFlagStatus                        0x08001ac1   Thumb Code    14  stm32f0xx_tim.o(.text)
    TIM_ClearFlag                            0x08001acf   Thumb Code     6  stm32f0xx_tim.o(.text)
    TIM_GetITStatus                          0x08001ad5   Thumb Code    24  stm32f0xx_tim.o(.text)
    TIM_ClearITPendingBit                    0x08001aed   Thumb Code     6  stm32f0xx_tim.o(.text)
    TIM_DMAConfig                            0x08001af3   Thumb Code     8  stm32f0xx_tim.o(.text)
    TIM_DMACmd                               0x08001afb   Thumb Code    16  stm32f0xx_tim.o(.text)
    TIM_SelectCCDMA                          0x08001b0b   Thumb Code    18  stm32f0xx_tim.o(.text)
    TIM_InternalClockConfig                  0x08001b1d   Thumb Code    10  stm32f0xx_tim.o(.text)
    TIM_SelectInputTrigger                   0x08001b27   Thumb Code    12  stm32f0xx_tim.o(.text)
    TIM_ITRxExternalClockConfig              0x08001b33   Thumb Code    62  stm32f0xx_tim.o(.text)
    TIM_TIxExternalClockConfig               0x08001b71   Thumb Code    48  stm32f0xx_tim.o(.text)
    TIM_ETRConfig                            0x08001ba1   Thumb Code    18  stm32f0xx_tim.o(.text)
    TIM_ETRClockMode1Config                  0x08001bb3   Thumb Code    28  stm32f0xx_tim.o(.text)
    TIM_ETRClockMode2Config                  0x08001bcf   Thumb Code    20  stm32f0xx_tim.o(.text)
    TIM_SelectOutputTrigger                  0x08001be3   Thumb Code    16  stm32f0xx_tim.o(.text)
    TIM_SelectSlaveMode                      0x08001bf3   Thumb Code    16  stm32f0xx_tim.o(.text)
    TIM_SelectMasterSlaveMode                0x08001c03   Thumb Code    16  stm32f0xx_tim.o(.text)
    TIM_EncoderInterfaceConfig               0x08001c13   Thumb Code    42  stm32f0xx_tim.o(.text)
    TIM_SelectHallSensor                     0x08001c3d   Thumb Code    18  stm32f0xx_tim.o(.text)
    TIM_RemapConfig                          0x08001c4f   Thumb Code     6  stm32f0xx_tim.o(.text)
    SMG_data_update                          0x08001c59   Thumb Code    36  display.o(.text)
    ButtonMappingDisplay                     0x08001c7d   Thumb Code    82  display.o(.text)
    takeoffLED                               0x08001ccf   Thumb Code    22  display.o(.text)
    GetIntNumber                             0x08001ce5   Thumb Code    24  display.o(.text)
    SMG_DisplayModeONE                       0x08001cfd   Thumb Code   118  display.o(.text)
    SMG_DisplayModeONE_Detect_AREA_HI        0x08001d73   Thumb Code   136  display.o(.text)
    SMG_DisplayModeONE_Detect_AREA_LO        0x08001dfb   Thumb Code   136  display.o(.text)
    SMG_DisplayModeTWO                       0x08001e83   Thumb Code    26  display.o(.text)
    SMG_DisplayModeTHIRD                     0x08001e9d   Thumb Code   124  display.o(.text)
    SMG_DisplayModeDETECT                    0x08001f19   Thumb Code    50  display.o(.text)
    SMG_DisplaSV                             0x08001f4b   Thumb Code     2  display.o(.text)
    SMG_DisplaCSV                            0x08001f4d   Thumb Code    48  display.o(.text)
    SMG_DisplayFSV                           0x08001f7d   Thumb Code     2  display.o(.text)
    SMG_DisplayMenuTwo_TOFF                  0x08001f7f   Thumb Code    42  display.o(.text)
    SMG_DisplayMenuTwo_OFFD                  0x08001fa9   Thumb Code    42  display.o(.text)
    SMG_DisplayMenuTwo_OFFD_SET              0x08001fd3   Thumb Code   272  display.o(.text)
    SMG_DisplayMenuTwo_ON_Delay              0x080020e3   Thumb Code    44  display.o(.text)
    SMG_DisplayMenuTwo_ON_Delay_SET          0x0800210f   Thumb Code   256  display.o(.text)
    SMG_DisplayMenuTwo_SHOT                  0x0800220f   Thumb Code    44  display.o(.text)
    SMG_DisplayMenuTwo_SHOT_SET              0x0800223b   Thumb Code   256  display.o(.text)
    SMG_DisplayMenuTwo_DEL                   0x0800233b   Thumb Code     2  display.o(.text)
    SMG_DisplayMenuTwo_DEL_SET               0x0800233d   Thumb Code     2  display.o(.text)
    SMG_DisplaySET_Step_1_Mode               0x0800233f   Thumb Code   192  display.o(.text)
    SMG_DisplaySET_Step_2_Mode               0x080023ff   Thumb Code   208  display.o(.text)
    SMG_DisplayOUT_STATUS                    0x080024cf   Thumb Code    56  display.o(.text)
    END_Display                              0x08002507   Thumb Code    28  display.o(.text)
    Dust_Display                             0x08002523   Thumb Code    30  display.o(.text)
    ParameterDisplay                         0x08002541   Thumb Code    28  display.o(.text)
    SMG_DisplayATT100                        0x0800255d   Thumb Code     2  display.o(.text)
    SMG_DisplayPERCENTAGE                    0x0800255f   Thumb Code     2  display.o(.text)
    SMG_DisplayMenuDSC                       0x08002561   Thumb Code    42  display.o(.text)
    SMG_Init                                 0x0800258b   Thumb Code     2  display.o(.text)
    send_seg_RP0                             0x0800258d   Thumb Code   136  display.o(.text)
    send_bit_RP1                             0x08002615   Thumb Code   174  display.o(.text)
    SMG_Diplay                               0x080026c3   Thumb Code    66  display.o(.text)
    Button_GPIO_Init                         0x08002725   Thumb Code   106  key.o(.text)
    Button_Init                              0x0800278f   Thumb Code   130  key.o(.text)
    PressCallback                            0x08002811   Thumb Code    64  key.o(.text)
    ReadButtonStatus                         0x08002851   Thumb Code    38  key.o(.text)
    Key_Scan                                 0x08002877   Thumb Code   342  key.o(.text)
    MenuTwo_OUT1_SHOT                        0x080029d1   Thumb Code     2  menu.o(.text)
    MenuTwo_OUT1_ON_D                        0x080029d3   Thumb Code     2  menu.o(.text)
    MenuTwo_OUT1_OFFD                        0x080029d5   Thumb Code   382  menu.o(.text)
    MenuTwo_OUT1_TOFF                        0x08002b53   Thumb Code    30  menu.o(.text)
    MenuTwo_OUT1_DelaySET                    0x08002b71   Thumb Code   358  menu.o(.text)
    MenuOne_P_mode                           0x08002cd7   Thumb Code   278  menu.o(.text)
    menu                                     0x08002ded   Thumb Code   284  menu.o(.text)
    MenuOne_ATT100                           0x08002f09   Thumb Code     2  menu.o(.text)
    Menu_PERCENTAGE                          0x08002f0b   Thumb Code     2  menu.o(.text)
    Menu_DSC                                 0x08002f0d   Thumb Code     2  menu.o(.text)
    MenuOne_FSV                              0x08002f0f   Thumb Code     2  menu.o(.text)
    MenuTwo_DEL                              0x08002f11   Thumb Code     2  menu.o(.text)
    InitInternalFlash                        0x08002f35   Thumb Code    32  flash.o(.text)
    WriteInternalFlash                       0x08002f55   Thumb Code    36  flash.o(.text)
    EraseFlash                               0x08002f79   Thumb Code    84  flash.o(.text)
    WriteFlash                               0x08002fcd   Thumb Code    52  flash.o(.text)
    ReadFlash                                0x08003001   Thumb Code    26  flash.o(.text)
    SelfStudy_End                            0x08003045   Thumb Code   174  selfstudy.o(.text)
    SelfStudy_SET2                           0x080030f3   Thumb Code    28  selfstudy.o(.text)
    SelfStudy_SET1                           0x0800310f   Thumb Code    28  selfstudy.o(.text)
    selfstudy                                0x0800312b   Thumb Code   164  selfstudy.o(.text)
    TIM2_IRQHandler                          0x08003219   Thumb Code   142  main.o(.text)
    TIM1_BRK_UP_TRG_COM_IRQHandler           0x080032a7   Thumb Code    26  main.o(.text)
    TIM3_IRQHandler                          0x080032c1   Thumb Code    26  main.o(.text)
    main                                     0x080032db   Thumb Code     6  main.o(.text)
    GetSum                                   0x0800330d   Thumb Code    24  project.o(.text)
    GetAverage                               0x08003325   Thumb Code    30  project.o(.text)
    JudgeTX                                  0x08003343   Thumb Code   134  project.o(.text)
    GetTotalADCValue                         0x080033c9   Thumb Code    14  project.o(.text)
    SetOUT2Status                            0x080033d7   Thumb Code    24  project.o(.text)
    SetOUT1Status                            0x080033ef   Thumb Code   224  project.o(.text)
    DMA1_Channel1_IRQHandler                 0x080034cf   Thumb Code   630  project.o(.text)
    Test_Delay                               0x08003745   Thumb Code    16  project.o(.text)
    ResetParameter                           0x08003755   Thumb Code   270  project.o(.text)
    ButtonMapping                            0x08003863   Thumb Code   300  project.o(.text)
    DisplayModeTWO                           0x0800398f   Thumb Code   100  project.o(.text)
    DisplayModeONE_STD                       0x080039f3   Thumb Code   454  project.o(.text)
    DisplayModeONE_AREA                      0x08003bb9   Thumb Code   938  project.o(.text)
    DisplayModeONE                           0x08003f63   Thumb Code    96  project.o(.text)
    DisplayMODE                              0x08003fc3   Thumb Code   338  project.o(.text)
    Main_Function                            0x08004115   Thumb Code    48  project.o(.text)
    main_start                               0x08004145   Thumb Code     8  project.o(.text)
    DisplayModeTHIRD                         0x0800414d   Thumb Code    24  project.o(.text)
    DEL_Set                                  0x08004165   Thumb Code   220  project.o(.text)
    DisplayModeFour                          0x08004241   Thumb Code     2  project.o(.text)
    SetOUT3Status                            0x08004243   Thumb Code    24  project.o(.text)
    ShortCircuitProtection                   0x0800425b   Thumb Code     2  project.o(.text)
    GetEEPROM                                0x0800425d   Thumb Code   112  project.o(.text)
    RCC_Configuration                        0x08004311   Thumb Code    50  bsp_init.o(.text)
    SMG_GPIO_INIT                            0x08004343   Thumb Code   404  bsp_init.o(.text)
    IO_GPIO_INIT                             0x080044d7   Thumb Code    82  bsp_init.o(.text)
    TIM3_GPIO_Init                           0x08004529   Thumb Code    46  bsp_init.o(.text)
    TIM3_PWM_OUT_Init                        0x08004557   Thumb Code    56  bsp_init.o(.text)
    TIM3_init                                0x0800458f   Thumb Code   138  bsp_init.o(.text)
    TIM2_GPIO_Init                           0x08004619   Thumb Code    50  bsp_init.o(.text)
    TIM2_PWM_OUT_Init                        0x0800464b   Thumb Code    54  bsp_init.o(.text)
    TIM2_init                                0x08004681   Thumb Code   112  bsp_init.o(.text)
    TIM1_GPIO_Init                           0x080046f1   Thumb Code    68  bsp_init.o(.text)
    TIM1_Init                                0x08004735   Thumb Code   152  bsp_init.o(.text)
    ADC1_GPIO_Config                         0x080047cd   Thumb Code    40  bsp_init.o(.text)
    ADC1_DMA1_Init                           0x080047f5   Thumb Code   116  bsp_init.o(.text)
    ADC1_Init                                0x08004869   Thumb Code   132  bsp_init.o(.text)
    ADC1_Configuration                       0x080048ed   Thumb Code    16  bsp_init.o(.text)
    IWDG_Config                              0x080048fd   Thumb Code    46  bsp_init.o(.text)
    bsp_init                                 0x0800492b   Thumb Code    42  bsp_init.o(.text)
    __aeabi_uidiv                            0x08004971   Thumb Code     0  aeabi_sdiv.o(.text)
    __aeabi_uidivmod                         0x08004971   Thumb Code    20  aeabi_sdiv.o(.text)
    __aeabi_idiv                             0x08004985   Thumb Code     0  aeabi_sdiv.o(.text)
    __aeabi_idivmod                          0x08004985   Thumb Code   326  aeabi_sdiv.o(.text)
    __use_two_region_memory                  0x08004acb   Thumb Code     2  heapauxi.o(.text)
    __rt_heap_escrow$2region                 0x08004acd   Thumb Code     2  heapauxi.o(.text)
    __rt_heap_expand$2region                 0x08004acf   Thumb Code     2  heapauxi.o(.text)
    __aeabi_dadd                             0x08004dc9   Thumb Code     0  daddsub.o(.text)
    _dadd                                    0x08004dc9   Thumb Code    26  daddsub.o(.text)
    __aeabi_dsub                             0x08004de3   Thumb Code     0  daddsub.o(.text)
    _dsub                                    0x08004de3   Thumb Code    22  daddsub.o(.text)
    __aeabi_drsub                            0x08004df9   Thumb Code     0  daddsub.o(.text)
    _drsb                                    0x08004df9   Thumb Code    28  daddsub.o(.text)
    __aeabi_i2d_normalise                    0x08004e29   Thumb Code    66  dflti.o(.text)
    __aeabi_i2d                              0x08004e6b   Thumb Code    16  dflti.o(.text)
    _dflt                                    0x08004e6b   Thumb Code     0  dflti.o(.text)
    __aeabi_ui2d                             0x08004e7b   Thumb Code     6  dflti.o(.text)
    _dfltu                                   0x08004e7b   Thumb Code     0  dflti.o(.text)
    __ARM_scalbn                             0x08004e81   Thumb Code    84  dscalbn.o(.text)
    __aeabi_f2d                              0x08004ee1   Thumb Code     0  f2d.o(.text)
    _f2d                                     0x08004ee1   Thumb Code    80  f2d.o(.text)
    __aeabi_f2iz                             0x08004f35   Thumb Code     0  ffixi.o(.text)
    _ffix                                    0x08004f35   Thumb Code    76  ffixi.o(.text)
    __aeabi_f2uiz                            0x08004f81   Thumb Code     0  ffixui.o(.text)
    _ffixu                                   0x08004f81   Thumb Code    48  ffixui.o(.text)
    __aeabi_i2f_normalise                    0x08004fb1   Thumb Code    72  fflti.o(.text)
    __aeabi_i2f                              0x08004ff9   Thumb Code    16  fflti.o(.text)
    _fflt                                    0x08004ff9   Thumb Code     0  fflti.o(.text)
    __aeabi_ui2f                             0x08005009   Thumb Code     6  fflti.o(.text)
    _ffltu                                   0x08005009   Thumb Code     0  fflti.o(.text)
    __fpl_dcmp_InfNaN                        0x08005011   Thumb Code   140  dcmpin.o(.text)
    __fpl_fcmp_InfNaN                        0x080050a1   Thumb Code    96  fcmpin.o(.text)
    __fpl_cmpreturn                          0x08005105   Thumb Code    44  cmpret.o(.text)
    __fpl_dcheck_NaN2                        0x08005135   Thumb Code    14  dnan2.o(.text)
    __fpl_fcheck_NaN2                        0x08005149   Thumb Code    10  fnan2.o(.text)
    __user_setup_stackheap                   0x08005159   Thumb Code    62  sys_stackheap_outer.o(.text)
    exit                                     0x08005197   Thumb Code    12  exit.o(.text)
    __fpl_return_NaN                         0x080051a3   Thumb Code    94  retnan.o(.text)
    __user_libspace                          0x08005201   Thumb Code     8  libspace.o(.text)
    __user_perproc_libspace                  0x08005201   Thumb Code     0  libspace.o(.text)
    __user_perthread_libspace                0x08005201   Thumb Code     0  libspace.o(.text)
    _sys_exit                                0x08005209   Thumb Code     8  sys_exit.o(.text)
    __I$use$semihosting                      0x08005215   Thumb Code     0  use_no_semi.o(.text)
    __use_no_semihosting_swi                 0x08005215   Thumb Code     2  use_no_semi.o(.text)
    __semihosting_library_function           0x08005217   Thumb Code     0  indicate_semi.o(.text)
    __aeabi_cdcmple                          0x08005219   Thumb Code     0  dlef.o(x$fpl$dleqf)
    _dcmple                                  0x08005219   Thumb Code    94  dlef.o(x$fpl$dleqf)
    __aeabi_cdrcmple                         0x0800527d   Thumb Code     0  drlef.o(x$fpl$drleqf)
    _drcmple                                 0x0800527d   Thumb Code   100  drlef.o(x$fpl$drleqf)
    __aeabi_fadd                             0x080052e5   Thumb Code     0  faddsub.o(x$fpl$fadd)
    _fadd                                    0x080052e5   Thumb Code   134  faddsub.o(x$fpl$fadd)
    __aeabi_cfcmple                          0x08005371   Thumb Code     0  flef.o(x$fpl$fleqf)
    _fcmple                                  0x08005371   Thumb Code    78  flef.o(x$fpl$fleqf)
    __aeabi_cfrcmple                         0x080053c5   Thumb Code     0  frlef.o(x$fpl$frleqf)
    _frcmple                                 0x080053c5   Thumb Code    84  frlef.o(x$fpl$frleqf)
    __aeabi_frsub                            0x0800541d   Thumb Code     0  faddsub.o(x$fpl$frsb)
    _frsb                                    0x0800541d   Thumb Code    24  faddsub.o(x$fpl$frsb)
    __aeabi_fsub                             0x08005435   Thumb Code     0  faddsub.o(x$fpl$fsub)
    _fsub                                    0x08005435   Thumb Code   204  faddsub.o(x$fpl$fsub)
    __I$use$fp                               0x08005504   Number         0  usenofp.o(x$fpl$usenofp)
    data_SMG_bit_table                       0x08005504   Data          18  display.o(.constdata)
    data_SMG_seg_table                       0x08005516   Data          80  display.o(.constdata)
    Region$$Table$$Base                      0x08005568   Number         0  anon$$obj.o(Region$$Table)
    Region$$Table$$Limit                     0x08005588   Number         0  anon$$obj.o(Region$$Table)
    SystemCoreClock                          0x20000000   Data           4  system_stm32f0xx.o(.data)
    AHBPrescTable                            0x20000004   Data          16  system_stm32f0xx.o(.data)
    SMG_BIT                                  0x20000024   Data           1  display.o(.data)
    SMG_Data                                 0x20000030   Data           8  display.o(.data)
    KEY                                      0x20000038   Data           1  key.o(.data)
    ATT100                                   0x2000003a   Data           2  menu.o(.data)
    PERCENTAGE                               0x2000003c   Data           1  menu.o(.data)
    DSC                                      0x2000003d   Data           1  menu.o(.data)
    P_mode                                   0x20000040   Data           1  menu.o(.data)
    EventFlag                                0x20000041   Data           1  menu.o(.data)
    displayModeONE_FLAG                      0x20000042   Data           1  menu.o(.data)
    DispalyNo                                0x20000043   Data           1  menu.o(.data)
    tempPress                                0x20000048   Data           4  menu.o(.data)
    OUT1_Mode                                0x2000004c   Data           8  menu.o(.data)
    tempflashdata                            0x20000054   Data           4  flash.o(.data)
    SelftStudyflag                           0x20000058   Data           1  selfstudy.o(.data)
    selfDisplayEndFlay                       0x20000059   Data           1  selfstudy.o(.data)
    NewThreshold                             0x2000005c   Data           4  selfstudy.o(.data)
    S1_MaxValue                              0x20000060   Data           4  selfstudy.o(.data)
    S2_MaxValue                              0x20000064   Data           4  selfstudy.o(.data)
    timenum                                  0x20000068   Data           4  main.o(.data)
    timeflag                                 0x2000006c   Data           1  project.o(.data)
    LastOUT1                                 0x2000006d   Data           1  project.o(.data)
    RegisterA                                0x2000006e   Data           1  project.o(.data)
    RegisterB                                0x2000006f   Data           1  project.o(.data)
    OUT1                                     0x20000070   Data           1  project.o(.data)
    OUT2                                     0x20000071   Data           1  project.o(.data)
    OUT3                                     0x20000072   Data           1  project.o(.data)
    KeyMappingFlag                           0x20000073   Data           1  project.o(.data)
    ShortCircuit                             0x20000074   Data           1  project.o(.data)
    DisplayModeNo                            0x20000075   Data           1  project.o(.data)
    FX_Flag                                  0x20000076   Data           1  project.o(.data)
    sample_finish                            0x20000077   Data           1  project.o(.data)
    StartFlag                                0x20000078   Data           1  project.o(.data)
    SHOTflag                                 0x20000079   Data           1  project.o(.data)
    CPV_Status                               0x2000007a   Data           1  project.o(.data)
    LastDSC                                  0x2000007f   Data           1  project.o(.data)
    DEL                                      0x20000080   Data           2  project.o(.data)
    HI                                       0x20000082   Data           2  project.o(.data)
    LO                                       0x20000084   Data           2  project.o(.data)
    OUT2_TimerCounter                        0x20000086   Data           2  project.o(.data)
    OUT3_TimerCounter                        0x20000088   Data           2  project.o(.data)
    Threshold                                0x2000008a   Data           2  project.o(.data)
    DX                                       0x2000008c   Data           2  project.o(.data)
    DX_Index                                 0x2000008e   Data           2  project.o(.data)
    Min_DX                                   0x20000090   Data           2  project.o(.data)
    Max_DX                                   0x20000092   Data           2  project.o(.data)
    FX                                       0x20000094   Data           2  project.o(.data)
    DMA_ADC_Counter                          0x20000096   Data           2  project.o(.data)
    DealyBaseTime                            0x200000a0   Data           4  project.o(.data)
    ADC_Display                              0x200000a4   Data           4  project.o(.data)
    DACOUT1                                  0x200000a8   Data           4  project.o(.data)
    CPV                                      0x200000ac   Data           4  project.o(.data)
    SA                                       0x200000b0   Data           4  project.o(.data)
    SA_Sum                                   0x200000b4   Data           4  project.o(.data)
    Final_1                                  0x200000b8   Data           4  project.o(.data)
    Final                                    0x200000bc   Data           4  project.o(.data)
    TX_Index                                 0x200000c0   Data           4  project.o(.data)
    TX                                       0x200000c4   Data           4  project.o(.data)
    TX_Sum                                   0x200000c8   Data           4  project.o(.data)
    SET_VREF                                 0x200000cc   Data           4  project.o(.data)
    DMA_Counter                              0x200000d0   Data           4  project.o(.data)
    TX_Temp                                  0x200000d4   Data          16  project.o(.data)
    adc_dma_tab                              0x200000e4   Data           2  bsp_init.o(.data)
    SMG_data_Decode_table                    0x200000e8   Data           9  display.o(.bss)
    SetButton                                0x200000f4   Data          32  key.o(.bss)
    ModeButton                               0x20000114   Data          32  key.o(.bss)
    UpButton                                 0x20000134   Data          32  key.o(.bss)
    DownButton                               0x20000154   Data          32  key.o(.bss)
    SysClock                                 0x20000174   Data          40  bsp_init.o(.bss)
    __libspace_start                         0x2000019c   Data          96  libspace.o(.bss)
    __temporary_stack_top$libspace           0x200001fc   Data           0  libspace.o(.bss)



==============================================================================

Memory Map of the image

  Image Entry point : 0x080000c1

  Load Region LR_IROM1 (Base: 0x08000000, Size: 0x00005670, Max: 0x00008000, ABSOLUTE)

    Execution Region ER_IROM1 (Base: 0x08000000, Size: 0x00005588, Max: 0x00008000, ABSOLUTE)

    Base Addr    Size         Type   Attr      Idx    E Section Name        Object

    0x08000000   0x000000c0   Data   RO            3    RESET               startup_stm32f0xx.o
    0x080000c0   0x00000008   Code   RO          644  * !!!main             c_p.l(__main.o)
    0x080000c8   0x0000003c   Code   RO          853    !!!scatter          c_p.l(__scatter.o)
    0x08000104   0x0000001a   Code   RO          855    !!handler_copy      c_p.l(__scatter_copy.o)
    0x0800011e   0x00000002   PAD
    0x08000120   0x0000001c   Code   RO          857    !!handler_zi        c_p.l(__scatter_zi.o)
    0x0800013c   0x00000002   Code   RO          721    .ARM.Collect$$libinit$$00000000  c_p.l(libinit.o)
    0x0800013e   0x00000000   Code   RO          737    .ARM.Collect$$libinit$$00000002  c_p.l(libinit2.o)
    0x0800013e   0x00000000   Code   RO          739    .ARM.Collect$$libinit$$00000004  c_p.l(libinit2.o)
    0x0800013e   0x00000000   Code   RO          742    .ARM.Collect$$libinit$$0000000A  c_p.l(libinit2.o)
    0x0800013e   0x00000000   Code   RO          744    .ARM.Collect$$libinit$$0000000C  c_p.l(libinit2.o)
    0x0800013e   0x00000000   Code   RO          746    .ARM.Collect$$libinit$$0000000E  c_p.l(libinit2.o)
    0x0800013e   0x00000000   Code   RO          749    .ARM.Collect$$libinit$$00000011  c_p.l(libinit2.o)
    0x0800013e   0x00000000   Code   RO          751    .ARM.Collect$$libinit$$00000013  c_p.l(libinit2.o)
    0x0800013e   0x00000000   Code   RO          753    .ARM.Collect$$libinit$$00000015  c_p.l(libinit2.o)
    0x0800013e   0x00000000   Code   RO          755    .ARM.Collect$$libinit$$00000017  c_p.l(libinit2.o)
    0x0800013e   0x00000000   Code   RO          757    .ARM.Collect$$libinit$$00000019  c_p.l(libinit2.o)
    0x0800013e   0x00000000   Code   RO          759    .ARM.Collect$$libinit$$0000001B  c_p.l(libinit2.o)
    0x0800013e   0x00000000   Code   RO          761    .ARM.Collect$$libinit$$0000001D  c_p.l(libinit2.o)
    0x0800013e   0x00000000   Code   RO          763    .ARM.Collect$$libinit$$0000001F  c_p.l(libinit2.o)
    0x0800013e   0x00000000   Code   RO          765    .ARM.Collect$$libinit$$00000021  c_p.l(libinit2.o)
    0x0800013e   0x00000000   Code   RO          767    .ARM.Collect$$libinit$$00000023  c_p.l(libinit2.o)
    0x0800013e   0x00000000   Code   RO          769    .ARM.Collect$$libinit$$00000025  c_p.l(libinit2.o)
    0x0800013e   0x00000000   Code   RO          773    .ARM.Collect$$libinit$$0000002C  c_p.l(libinit2.o)
    0x0800013e   0x00000000   Code   RO          775    .ARM.Collect$$libinit$$0000002E  c_p.l(libinit2.o)
    0x0800013e   0x00000000   Code   RO          777    .ARM.Collect$$libinit$$00000030  c_p.l(libinit2.o)
    0x0800013e   0x00000000   Code   RO          779    .ARM.Collect$$libinit$$00000032  c_p.l(libinit2.o)
    0x0800013e   0x00000002   Code   RO          780    .ARM.Collect$$libinit$$00000033  c_p.l(libinit2.o)
    0x08000140   0x00000002   Code   RO          811    .ARM.Collect$$libshutdown$$00000000  c_p.l(libshutdown.o)
    0x08000142   0x00000000   Code   RO          838    .ARM.Collect$$libshutdown$$00000003  c_p.l(libshutdown2.o)
    0x08000142   0x00000000   Code   RO          841    .ARM.Collect$$libshutdown$$00000006  c_p.l(libshutdown2.o)
    0x08000142   0x00000000   Code   RO          844    .ARM.Collect$$libshutdown$$00000009  c_p.l(libshutdown2.o)
    0x08000142   0x00000000   Code   RO          846    .ARM.Collect$$libshutdown$$0000000B  c_p.l(libshutdown2.o)
    0x08000142   0x00000000   Code   RO          849    .ARM.Collect$$libshutdown$$0000000E  c_p.l(libshutdown2.o)
    0x08000142   0x00000002   Code   RO          850    .ARM.Collect$$libshutdown$$0000000F  c_p.l(libshutdown2.o)
    0x08000144   0x00000000   Code   RO          674    .ARM.Collect$$rtentry$$00000000  c_p.l(__rtentry.o)
    0x08000144   0x00000000   Code   RO          685    .ARM.Collect$$rtentry$$00000002  c_p.l(__rtentry2.o)
    0x08000144   0x00000006   Code   RO          697    .ARM.Collect$$rtentry$$00000004  c_p.l(__rtentry4.o)
    0x0800014a   0x00000000   Code   RO          687    .ARM.Collect$$rtentry$$00000009  c_p.l(__rtentry2.o)
    0x0800014a   0x00000004   Code   RO          688    .ARM.Collect$$rtentry$$0000000A  c_p.l(__rtentry2.o)
    0x0800014e   0x00000000   Code   RO          690    .ARM.Collect$$rtentry$$0000000C  c_p.l(__rtentry2.o)
    0x0800014e   0x00000008   Code   RO          691    .ARM.Collect$$rtentry$$0000000D  c_p.l(__rtentry2.o)
    0x08000156   0x00000002   Code   RO          728    .ARM.Collect$$rtexit$$00000000  c_p.l(rtexit.o)
    0x08000158   0x00000000   Code   RO          784    .ARM.Collect$$rtexit$$00000002  c_p.l(rtexit2.o)
    0x08000158   0x00000004   Code   RO          785    .ARM.Collect$$rtexit$$00000003  c_p.l(rtexit2.o)
    0x0800015c   0x00000006   Code   RO          786    .ARM.Collect$$rtexit$$00000004  c_p.l(rtexit2.o)
    0x08000162   0x00000002   PAD
    0x08000164   0x00000074   Code   RO            4    .text               startup_stm32f0xx.o
    0x080001d8   0x00000158   Code   RO           12    .text               system_stm32f0xx.o
    0x08000330   0x00000228   Code   RO          126    .text               stm32f0xx_adc.o
    0x08000558   0x000001c0   Code   RO          150    .text               stm32f0xx_dma.o
    0x08000718   0x000004ec   Code   RO          170    .text               stm32f0xx_flash.o
    0x08000c04   0x0000016c   Code   RO          191    .text               stm32f0xx_gpio.o
    0x08000d70   0x00000044   Code   RO          211    .text               stm32f0xx_iwdg.o
    0x08000db4   0x0000007c   Code   RO          231    .text               stm32f0xx_misc.o
    0x08000e30   0x000004ec   Code   RO          251    .text               stm32f0xx_rcc.o
    0x0800131c   0x0000093c   Code   RO          273    .text               stm32f0xx_tim.o
    0x08001c58   0x00000acc   Code   RO          294    .text               display.o
    0x08002724   0x000002ac   Code   RO          362    .text               key.o
    0x080029d0   0x00000564   Code   RO          393    .text               menu.o
    0x08002f34   0x00000110   Code   RO          424    .text               flash.o
    0x08003044   0x000001d4   Code   RO          448    .text               selfstudy.o
    0x08003218   0x000000f4   Code   RO          530    .text               main.o
    0x0800330c   0x00001004   Code   RO          559    .text               project.o
    0x08004310   0x00000660   Code   RO          609    .text               bsp_init.o
    0x08004970   0x0000015a   Code   RO          638    .text               c_p.l(aeabi_sdiv.o)
    0x08004aca   0x00000006   Code   RO          642    .text               c_p.l(heapauxi.o)
    0x08004ad0   0x00000358   Code   RO          646    .text               fz_ps.l(daddsub.o)
    0x08004e28   0x00000058   Code   RO          648    .text               fz_ps.l(dflti.o)
    0x08004e80   0x00000060   Code   RO          654    .text               fz_ps.l(dscalbn.o)
    0x08004ee0   0x00000054   Code   RO          656    .text               fz_ps.l(f2d.o)
    0x08004f34   0x0000004c   Code   RO          664    .text               fz_ps.l(ffixi.o)
    0x08004f80   0x00000030   Code   RO          666    .text               fz_ps.l(ffixui.o)
    0x08004fb0   0x0000005e   Code   RO          668    .text               fz_ps.l(fflti.o)
    0x0800500e   0x00000002   PAD
    0x08005010   0x00000090   Code   RO          679    .text               fz_ps.l(dcmpin.o)
    0x080050a0   0x00000064   Code   RO          681    .text               fz_ps.l(fcmpin.o)
    0x08005104   0x00000030   Code   RO          701    .text               fz_ps.l(cmpret.o)
    0x08005134   0x00000014   Code   RO          703    .text               fz_ps.l(dnan2.o)
    0x08005148   0x00000010   Code   RO          705    .text               fz_ps.l(fnan2.o)
    0x08005158   0x0000003e   Code   RO          707    .text               c_p.l(sys_stackheap_outer.o)
    0x08005196   0x0000000c   Code   RO          710    .text               c_p.l(exit.o)
    0x080051a2   0x0000005e   Code   RO          722    .text               fz_ps.l(retnan.o)
    0x08005200   0x00000008   Code   RO          724    .text               c_p.l(libspace.o)
    0x08005208   0x0000000c   Code   RO          781    .text               c_p.l(sys_exit.o)
    0x08005214   0x00000002   Code   RO          800    .text               c_p.l(use_no_semi.o)
    0x08005216   0x00000000   Code   RO          802    .text               c_p.l(indicate_semi.o)
    0x08005216   0x00000002   PAD
    0x08005218   0x00000064   Code   RO          650    x$fpl$dleqf         fz_ps.l(dlef.o)
    0x0800527c   0x00000068   Code   RO          652    x$fpl$drleqf        fz_ps.l(drlef.o)
    0x080052e4   0x0000008c   Code   RO          658    x$fpl$fadd          fz_ps.l(faddsub.o)
    0x08005370   0x00000054   Code   RO          670    x$fpl$fleqf         fz_ps.l(flef.o)
    0x080053c4   0x00000058   Code   RO          672    x$fpl$frleqf        fz_ps.l(frlef.o)
    0x0800541c   0x00000018   Code   RO          659    x$fpl$frsb          fz_ps.l(faddsub.o)
    0x08005434   0x000000d0   Code   RO          660    x$fpl$fsub          fz_ps.l(faddsub.o)
    0x08005504   0x00000000   Code   RO          683    x$fpl$usenofp       fz_ps.l(usenofp.o)
    0x08005504   0x00000062   Data   RO          296    .constdata          display.o
    0x08005566   0x00000002   PAD
    0x08005568   0x00000020   Data   RO          851    Region$$Table       anon$$obj.o


    Execution Region RW_IRAM1 (Base: 0x20000000, Size: 0x00000800, Max: 0x00001000, ABSOLUTE)

    Base Addr    Size         Type   Attr      Idx    E Section Name        Object

    0x20000000   0x00000014   Data   RW           13    .data               system_stm32f0xx.o
    0x20000014   0x00000010   Data   RW          252    .data               stm32f0xx_rcc.o
    0x20000024   0x00000014   Data   RW          297    .data               display.o
    0x20000038   0x00000001   Data   RW          364    .data               key.o
    0x20000039   0x00000001   PAD
    0x2000003a   0x00000002   Data   RW          395    .data               menu.o
    0x2000003c   0x00000001   Data   RW          396    .data               menu.o
    0x2000003d   0x00000001   Data   RW          397    .data               menu.o
    0x2000003e   0x00000002   PAD
    0x20000040   0x00000014   Data   RW          398    .data               menu.o
    0x20000054   0x00000004   Data   RW          425    .data               flash.o
    0x20000058   0x00000010   Data   RW          449    .data               selfstudy.o
    0x20000068   0x00000004   Data   RW          532    .data               main.o
    0x2000006c   0x00000078   Data   RW          562    .data               project.o
    0x200000e4   0x00000002   Data   RW          611    .data               bsp_init.o
    0x200000e6   0x00000002   PAD
    0x200000e8   0x00000009   Zero   RW          295    .bss                display.o
    0x200000f1   0x00000003   PAD
    0x200000f4   0x00000080   Zero   RW          363    .bss                key.o
    0x20000174   0x00000028   Zero   RW          610    .bss                bsp_init.o
    0x2000019c   0x00000060   Zero   RW          725    .bss                c_p.l(libspace.o)
    0x200001fc   0x00000004   PAD
    0x20000200   0x00000200   Zero   RW            2    HEAP                startup_stm32f0xx.o
    0x20000400   0x00000400   Zero   RW            1    STACK               startup_stm32f0xx.o


==============================================================================

Image component sizes


      Code (inc. data)   RO Data    RW Data    ZI Data      Debug   Object Name

      1632         44          0          2         40       4565   bsp_init.o
      2764         64         98         20          9      13835   display.o
       272         42          0          4          0       1973   flash.o
       684          4          0          1        128       3394   key.o
       244         44          0          4          0       1917   main.o
      1380         62          0         24          0       4688   menu.o
      4100        222          0        120          0      10098   project.o
       468         74          0         16          0       2916   selfstudy.o
       116         56        192          0       1536        788   startup_stm32f0xx.o
       552         12          0          0          0       6103   stm32f0xx_adc.o
       448         18          0          0          0       4402   stm32f0xx_dma.o
      1260         26          0          0          0       7379   stm32f0xx_flash.o
       364         26          0          0          0       3317   stm32f0xx_gpio.o
        68         12          0          0          0       1365   stm32f0xx_iwdg.o
       124         16          0          0          0       1404   stm32f0xx_misc.o
      1260         46          0         16          0       8296   stm32f0xx_rcc.o
      2364        120          0          0          0      17891   stm32f0xx_tim.o
       344         28          0         20          0     243207   system_stm32f0xx.o

    ----------------------------------------------------------------------
     18444        916        324        232       1716     337538   Object Totals
         0          0         32          0          0          0   (incl. Generated)
         0          0          2          5          3          0   (incl. Padding)

    ----------------------------------------------------------------------

      Code (inc. data)   RO Data    RW Data    ZI Data      Debug   Library Member Name

         8          0          0          0          0         68   __main.o
         0          0          0          0          0          0   __rtentry.o
        12          0          0          0          0          0   __rtentry2.o
         6          0          0          0          0          0   __rtentry4.o
        60          8          0          0          0          0   __scatter.o
        26          0          0          0          0          0   __scatter_copy.o
        28          0          0          0          0          0   __scatter_zi.o
       346          0          0          0          0         92   aeabi_sdiv.o
        12          0          0          0          0         64   exit.o
         6          0          0          0          0        136   heapauxi.o
         0          0          0          0          0          0   indicate_semi.o
         2          0          0          0          0          0   libinit.o
         2          0          0          0          0          0   libinit2.o
         2          0          0          0          0          0   libshutdown.o
         2          0          0          0          0          0   libshutdown2.o
         8          4          0          0         96         68   libspace.o
         2          0          0          0          0          0   rtexit.o
        10          0          0          0          0          0   rtexit2.o
        12          4          0          0          0         60   sys_exit.o
        62          0          0          0          0         80   sys_stackheap_outer.o
         2          0          0          0          0         68   use_no_semi.o
        48          4          0          0          0         60   cmpret.o
       856         20          0          0          0        208   daddsub.o
       144          4          0          0          0         76   dcmpin.o
        88          0          0          0          0         92   dflti.o
       100          4          0          0          0         92   dlef.o
        20          6          0          0          0         68   dnan2.o
       104          4          0          0          0        104   drlef.o
        96         12          0          0          0         72   dscalbn.o
        84          4          0          0          0         60   f2d.o
       372          8          0          0          0        240   faddsub.o
       100          4          0          0          0         68   fcmpin.o
        76          0          0          0          0         68   ffixi.o
        48          0          0          0          0         60   ffixui.o
        94          0          0          0          0         92   fflti.o
        84          4          0          0          0         76   flef.o
        16          6          0          0          0         68   fnan2.o
        88          4          0          0          0         76   frlef.o
        94          0          0          0          0         68   retnan.o
         0          0          0          0          0          0   usenofp.o

    ----------------------------------------------------------------------
      3128        100          0          0        100       2284   Library Totals
         8          0          0          0          4          0   (incl. Padding)

    ----------------------------------------------------------------------

      Code (inc. data)   RO Data    RW Data    ZI Data      Debug   Library Name

       608         16          0          0         96        636   c_p.l
      2512         84          0          0          0       1648   fz_ps.l

    ----------------------------------------------------------------------
      3128        100          0          0        100       2284   Library Totals

    ----------------------------------------------------------------------

==============================================================================


      Code (inc. data)   RO Data    RW Data    ZI Data      Debug   

     21572       1016        324        232       1816     336586   Grand Totals
     21572       1016        324        232       1816     336586   ELF Image Totals
     21572       1016        324        232          0          0   ROM Totals

==============================================================================

    Total RO  Size (Code + RO Data)                21896 (  21.38kB)
    Total RW  Size (RW Data + ZI Data)              2048 (   2.00kB)
    Total ROM Size (Code + RO Data + RW Data)      22128 (  21.61kB)

==============================================================================

